
[1m[46m RUN [49m[22m [36mv4.0.8 [39m[90mC:/apps/Racket/Racket/frontend[39m

 [31mÔØ»[39m src/ViteConfig.test.ts [2m([22m[2m4 tests[22m[2m | [22m[31m4 failed[39m[2m)[22m[32m 16[2mms[22m[39m
[31m     [31m├ù[31m deve ter host configurado para 0.0.0.0[39m[32m 9[2mms[22m[39m
[31m     [31m├ù[31m deve ter proxy configurado para /api[39m[32m 2[2mms[22m[39m
[31m     [31m├ù[31m deve ter plugin React configurado[39m[32m 1[2mms[22m[39m
[31m     [31m├ù[31m deve exportar configura├º├úo v├ílida[39m[32m 1[2mms[22m[39m
[90mstdout[2m | tests/MatchStatsModal.test.tsx
[22m[39mresetGlobalMocks registrada no global/globalThis.

[90mstdout[2m | src/components/__tests__/ServerEffectModal.test.tsx
[22m[39mresetGlobalMocks registrada no global/globalThis.

 [31mÔØ»[39m src/Build.test.ts [2m([22m[2m4 tests[22m[2m | [22m[31m2 failed[39m[2m)[22m[32m 23[2mms[22m[39m
     [32mÔ£ô[39m deve verificar configura├º├úo de build do frontend[32m 7[2mms[22m[39m
     [32mÔ£ô[39m deve verificar configura├º├úo de build do monorepo[32m 2[2mms[22m[39m
[31m     [31m├ù[31m deve verificar depend├¬ncias do Prisma[39m[32m 8[2mms[22m[39m
[31m     [31m├ù[31m deve verificar depend├¬ncias do Vite[39m[32m 2[2mms[22m[39m
[90mstdout[2m | src/pages/__tests__/ScoreboardV2.advanced.test.tsx
[22m[39mresetGlobalMocks registrada no global/globalThis.

[90mstdout[2m | src/pages/__tests__/ScoreboardV2.server-effect.test.tsx
[22m[39mresetGlobalMocks registrada no global/globalThis.

[90mstdout[2m | src/pages/__tests__/ScoreboardV2.test.tsx
[22m[39mresetGlobalMocks registrada no global/globalThis.

[90mstdout[2m | src/pages/__tests__/ScoreboardV2.advanced.test.tsx[2m > [22m[2mScoreboardV2 - Cobertura Avan├ºada[2m > [22m[2mManipula├º├úo de Segundo Servi├ºo[2m > [22m[2mdeve permitir marcar segundo servi├ºo
[22m[39m[ScoreboardV2] Iniciando carregamento da partida test-match-id
[ScoreboardV2] Buscando estado do backend para a partida test-match-id

[90mstdout[2m | src/pages/__tests__/ScoreboardV2.advanced.test.tsx[2m > [22m[2mScoreboardV2 - Cobertura Avan├ºada[2m > [22m[2mManipula├º├úo de Segundo Servi├ºo[2m > [22m[2mdeve permitir marcar segundo servi├ºo
[22m[39m[ScoreboardV2] Dados da partida carregados: {
  id: [32m'test-match-id'[39m,
  sportType: [32m'T├¬nis'[39m,
  format: [32m'BEST_OF_3'[39m,
  players: { p1: [32m'Jogador 1'[39m, p2: [32m'Jogador 2'[39m },
  status: [32m'IN_PROGRESS'[39m,
  matchState: {
    sets: { PLAYER_1: [33m0[39m, PLAYER_2: [33m0[39m },
    currentSet: [33m1[39m,
    currentSetState: { games: [36m[Object][39m },
    currentGame: { points: [36m[Object][39m, server: [32m'PLAYER_1'[39m, isTiebreak: [33mfalse[39m },
    server: [32m'PLAYER_1'[39m,
    isFinished: [33mfalse[39m,
    config: {},
    startedAt: [32m'2026-02-24T21:37:07.451Z'[39m
  },
  stats: {
    totalPoints: [33m10[39m,
    player1: {
      pointsWon: [33m5[39m,
      totalServes: [33m5[39m,
      firstServes: [33m4[39m,
      secondServes: [33m1[39m,
      firstServeWins: [33m3[39m,
      secondServeWins: [33m1[39m,
      aces: [33m1[39m,
      doubleFaults: [33m0[39m,
      serviceWinners: [33m1[39m,
      servicePointsWon: [33m4[39m,
      returnPointsWon: [33m1[39m,
      winners: [33m2[39m,
      unforcedErrors: [33m1[39m,
      forcedErrors: [33m0[39m,
      shortRallies: [33m2[39m,
      longRallies: [33m1[39m,
      breakPoints: [33m1[39m,
      breakPointsSaved: [33m0[39m,
      firstServePercentage: [33m80[39m,
      firstServeWinPercentage: [33m75[39m,
      secondServeWinPercentage: [33m100[39m,
      serviceHoldPercentage: [33m80[39m,
      breakPointConversion: [33m0[39m,
      winnerToErrorRatio: [33m2[39m,
      returnWinPercentage: [33m20[39m,
      dominanceRatio: [33m2[39m
    },
    player2: {
      pointsWon: [33m5[39m,
      totalServes: [33m5[39m,
      firstServes: [33m3[39m,
      secondServes: [33m2[39m,
      firstServeWins: [33m2[39m,
      secondServeWins: [33m1[39m,
      aces: [33m0[39m,
      doubleFaults: [33m1[39m,
      serviceWinners: [33m0[39m,
      servicePointsWon: [33m3[39m,
      returnPointsWon: [33m2[39m,
      winners: [33m1[39m,
      unforcedErrors: [33m2[39m,
      forcedErrors: [33m1[39m,
      shortRallies: [33m1[39m,
      longRallies: [33m0[39m,
      breakPoints: [33m0[39m,
      breakPointsSaved: [33m0[39m,
      firstServePercentage: [33m60[39m,
      firstServeWinPercentage: [33m66.7[39m,
      secondServeWinPercentage: [33m50[39m,
      serviceHoldPercentage: [33m60[39m,
      breakPointConversion: [33m0[39m,
      winnerToErrorRatio: [33m0.5[39m,
      returnWinPercentage: [33m40[39m,
      dominanceRatio: [33m1[39m
    },
    match: {
      avgRallyLength: [33m5.5[39m,
      longestRally: [33m12[39m,
      shortestRally: [33m1[39m,
      totalRallies: [33m10[39m
    },
    pointsHistory: []
  }
}
[ScoreboardV2] Retomando partida com estado: {
  sets: { PLAYER_1: [33m0[39m, PLAYER_2: [33m0[39m },
  currentSet: [33m1[39m,
  currentSetState: { games: { PLAYER_1: [33m0[39m, PLAYER_2: [33m0[39m } },
  currentGame: {
    points: { PLAYER_1: [32m'0'[39m, PLAYER_2: [32m'0'[39m },
    server: [32m'PLAYER_1'[39m,
    isTiebreak: [33mfalse[39m
  },
  server: [32m'PLAYER_1'[39m,
  isFinished: [33mfalse[39m,
  config: {},
  startedAt: [32m'2026-02-24T21:37:07.451Z'[39m
}

[90mstdout[2m | src/pages/__tests__/ScoreboardV2.server-effect.test.tsx[2m > [22m[2mScoreboardV2 - ServerEffect Integration[2m > [22m[2mBot├Áes informativos de saque[2m > [22m[2mexibe "1┬║ Saque" e, ap├│s falta, "2┬║ Saque" como bot├Áes informativos sem funcionalidade
[22m[39m[ScoreboardV2] Iniciando carregamento da partida test-match-id
[ScoreboardV2] Buscando estado do backend para a partida test-match-id

stderr | src/pages/__tests__/ScoreboardV2.server-effect.test.tsx > ScoreboardV2 - ServerEffect Integration > Bot├Áes informativos de saque > exibe "1┬║ Saque" e, ap├│s falta, "2┬║ Saque" como bot├Áes informativos sem funcionalidade
ÔÜá´©Å React Router Future Flag Warning: React Router will begin wrapping state updates in `React.startTransition` in v7. You can use the `v7_startTransition` future flag to opt-in early. For more information, see https://reactrouter.com/v6/upgrading/future#v7_starttransition.
ÔÜá´©Å React Router Future Flag Warning: Relative route resolution within Splat routes is changing in v7. You can use the `v7_relativeSplatPath` future flag to opt-in early. For more information, see https://reactrouter.com/v6/upgrading/future#v7_relativesplatpath.

[90mstdout[2m | src/pages/__tests__/ScoreboardV2.test.tsx[2m > [22m[2mScoreboardV2 - Ace Button Behavior[2m > [22m[2mAce button functionality[2m > [22m[2mopens ServerEffectModal when Ace button is clicked on first serve
[22m[39m[ScoreboardV2] Iniciando carregamento da partida test-match-id
[ScoreboardV2] Buscando estado do backend para a partida test-match-id

stderr | src/pages/__tests__/ScoreboardV2.test.tsx > ScoreboardV2 - Ace Button Behavior > Ace button functionality > opens ServerEffectModal when Ace button is clicked on first serve
ÔÜá´©Å React Router Future Flag Warning: React Router will begin wrapping state updates in `React.startTransition` in v7. You can use the `v7_startTransition` future flag to opt-in early. For more information, see https://reactrouter.com/v6/upgrading/future#v7_starttransition.
ÔÜá´©Å React Router Future Flag Warning: Relative route resolution within Splat routes is changing in v7. You can use the `v7_relativeSplatPath` future flag to opt-in early. For more information, see https://reactrouter.com/v6/upgrading/future#v7_relativesplatpath.

[90mstdout[2m | src/pages/__tests__/ScoreboardV2.server-effect.test.tsx[2m > [22m[2mScoreboardV2 - ServerEffect Integration[2m > [22m[2mBot├Áes informativos de saque[2m > [22m[2mexibe "1┬║ Saque" e, ap├│s falta, "2┬║ Saque" como bot├Áes informativos sem funcionalidade
[22m[39m[ScoreboardV2] Dados da partida carregados: {
  id: [32m'test-match-id'[39m,
  sportType: [32m'T├¬nis'[39m,
  format: [32m'BEST_OF_3'[39m,
  players: { p1: [32m'Player 1'[39m, p2: [32m'Player 2'[39m },
  status: [32m'IN_PROGRESS'[39m,
  matchState: {
    sets: { PLAYER_1: [33m0[39m, PLAYER_2: [33m0[39m },
    currentSet: [33m1[39m,
    currentSetState: { games: [36m[Object][39m },
    currentGame: { points: [36m[Object][39m, server: [32m'PLAYER_1'[39m, isTiebreak: [33mfalse[39m },
    server: [32m'PLAYER_1'[39m,
    isFinished: [33mfalse[39m,
    config: {},
    startedAt: [32m'2026-02-24T21:37:07.422Z'[39m
  }
}
[ScoreboardV2] Retomando partida com estado: {
  sets: { PLAYER_1: [33m0[39m, PLAYER_2: [33m0[39m },
  currentSet: [33m1[39m,
  currentSetState: { games: { PLAYER_1: [33m0[39m, PLAYER_2: [33m0[39m } },
  currentGame: {
    points: { PLAYER_1: [32m'0'[39m, PLAYER_2: [32m'0'[39m },
    server: [32m'PLAYER_1'[39m,
    isTiebreak: [33mfalse[39m
  },
  server: [32m'PLAYER_1'[39m,
  isFinished: [33mfalse[39m,
  config: {},
  startedAt: [32m'2026-02-24T21:37:07.422Z'[39m
}

[90mstdout[2m | src/pages/__tests__/ScoreboardV2.test.tsx[2m > [22m[2mScoreboardV2 - Ace Button Behavior[2m > [22m[2mAce button functionality[2m > [22m[2mopens ServerEffectModal when Ace button is clicked on first serve
[22m[39m[ScoreboardV2] Dados da partida carregados: {
  id: [32m'test-match-id'[39m,
  sportType: [32m'T├¬nis'[39m,
  format: [32m'BEST_OF_3'[39m,
  players: { p1: [32m'Jogador 1'[39m, p2: [32m'Jogador 2'[39m },
  status: [32m'IN_PROGRESS'[39m,
  matchState: {
    sets: { PLAYER_1: [33m0[39m, PLAYER_2: [33m0[39m },
    currentSet: [33m1[39m,
    currentSetState: { games: [36m[Object][39m },
    currentGame: { points: [36m[Object][39m, server: [32m'PLAYER_1'[39m, isTiebreak: [33mfalse[39m },
    server: [32m'PLAYER_1'[39m,
    isFinished: [33mfalse[39m,
    config: {},
    startedAt: [32m'2026-02-24T21:37:07.422Z'[39m
  }
}
[ScoreboardV2] Retomando partida com estado: {
  sets: { PLAYER_1: [33m0[39m, PLAYER_2: [33m0[39m },
  currentSet: [33m1[39m,
  currentSetState: { games: { PLAYER_1: [33m0[39m, PLAYER_2: [33m0[39m } },
  currentGame: {
    points: { PLAYER_1: [32m'0'[39m, PLAYER_2: [32m'0'[39m },
    server: [32m'PLAYER_1'[39m,
    isTiebreak: [33mfalse[39m
  },
  server: [32m'PLAYER_1'[39m,
  isFinished: [33mfalse[39m,
  config: {},
  startedAt: [32m'2026-02-24T21:37:07.422Z'[39m
}

[90mstdout[2m | src/pages/__tests__/ScoreboardV2.advanced.test.tsx[2m > [22m[2mScoreboardV2 - Cobertura Avan├ºada[2m > [22m[2mTroca de Lado da Quadra[2m > [22m[2mdeve indicar troca de lado em games ├¡mpares
[22m[39m[ScoreboardV2] Iniciando carregamento da partida test-match-id
[ScoreboardV2] Buscando estado do backend para a partida test-match-id

[90mstdout[2m | src/pages/__tests__/ScoreboardV2.advanced.test.tsx[2m > [22m[2mScoreboardV2 - Cobertura Avan├ºada[2m > [22m[2mTroca de Lado da Quadra[2m > [22m[2mdeve indicar troca de lado em games ├¡mpares
[22m[39m[ScoreboardV2] Dados da partida carregados: {
  id: [32m'test-match-id'[39m,
  sportType: [32m'T├¬nis'[39m,
  format: [32m'BEST_OF_3'[39m,
  players: { p1: [32m'Jogador 1'[39m, p2: [32m'Jogador 2'[39m },
  status: [32m'IN_PROGRESS'[39m,
  matchState: {
    sets: { PLAYER_1: [33m0[39m, PLAYER_2: [33m0[39m },
    currentSet: [33m1[39m,
    currentSetState: { games: [36m[Object][39m },
    currentGame: { points: [36m[Object][39m, server: [32m'PLAYER_1'[39m, isTiebreak: [33mfalse[39m },
    server: [32m'PLAYER_1'[39m,
    isFinished: [33mfalse[39m,
    config: {},
    startedAt: [32m'2026-02-24T21:37:07.711Z'[39m
  },
  stats: {
    totalPoints: [33m10[39m,
    player1: {
      pointsWon: [33m5[39m,
      totalServes: [33m5[39m,
      firstServes: [33m4[39m,
      secondServes: [33m1[39m,
      firstServeWins: [33m3[39m,
      secondServeWins: [33m1[39m,
      aces: [33m1[39m,
      doubleFaults: [33m0[39m,
      serviceWinners: [33m1[39m,
      servicePointsWon: [33m4[39m,
      returnPointsWon: [33m1[39m,
      winners: [33m2[39m,
      unforcedErrors: [33m1[39m,
      forcedErrors: [33m0[39m,
      shortRallies: [33m2[39m,
      longRallies: [33m1[39m,
      breakPoints: [33m1[39m,
      breakPointsSaved: [33m0[39m,
      firstServePercentage: [33m80[39m,
      firstServeWinPercentage: [33m75[39m,
      secondServeWinPercentage: [33m100[39m,
      serviceHoldPercentage: [33m80[39m,
      breakPointConversion: [33m0[39m,
      winnerToErrorRatio: [33m2[39m,
      returnWinPercentage: [33m20[39m,
      dominanceRatio: [33m2[39m
    },
    player2: {
      pointsWon: [33m5[39m,
      totalServes: [33m5[39m,
      firstServes: [33m3[39m,
      secondServes: [33m2[39m,
      firstServeWins: [33m2[39m,
      secondServeWins: [33m1[39m,
      aces: [33m0[39m,
      doubleFaults: [33m1[39m,
      serviceWinners: [33m0[39m,
      servicePointsWon: [33m3[39m,
      returnPointsWon: [33m2[39m,
      winners: [33m1[39m,
      unforcedErrors: [33m2[39m,
      forcedErrors: [33m1[39m,
      shortRallies: [33m1[39m,
      longRallies: [33m0[39m,
      breakPoints: [33m0[39m,
      breakPointsSaved: [33m0[39m,
      firstServePercentage: [33m60[39m,
      firstServeWinPercentage: [33m66.7[39m,
      secondServeWinPercentage: [33m50[39m,
      serviceHoldPercentage: [33m60[39m,
      breakPointConversion: [33m0[39m,
      winnerToErrorRatio: [33m0.5[39m,
      returnWinPercentage: [33m40[39m,
      dominanceRatio: [33m1[39m
    },
    match: {
      avgRallyLength: [33m5.5[39m,
      longestRally: [33m12[39m,
      shortestRally: [33m1[39m,
      totalRallies: [33m10[39m
    },
    pointsHistory: []
  }
}
[ScoreboardV2] Retomando partida com estado: {
  sets: { PLAYER_1: [33m0[39m, PLAYER_2: [33m0[39m },
  currentSet: [33m1[39m,
  currentSetState: { games: { PLAYER_1: [33m2[39m, PLAYER_2: [33m1[39m } },
  currentGame: {
    points: { PLAYER_1: [32m'0'[39m, PLAYER_2: [32m'0'[39m },
    server: [32m'PLAYER_1'[39m,
    isTiebreak: [33mfalse[39m
  },
  server: [32m'PLAYER_1'[39m,
  isFinished: [33mfalse[39m,
  config: {},
  startedAt: [32m'2026-02-24T21:37:07.711Z'[39m
}

[90mstdout[2m | src/pages/__tests__/ScoreboardV2.advanced.test.tsx[2m > [22m[2mScoreboardV2 - Cobertura Avan├ºada[2m > [22m[2mGerenciamento de Erros[2m > [22m[2mdeve exibir mensagem de erro quando falha ao carregar partida
[22m[39m[ScoreboardV2] Iniciando carregamento da partida test-match-id
[ScoreboardV2] Buscando estado do backend para a partida test-match-id

[90mstdout[2m | src/pages/__tests__/ScoreboardV2.advanced.test.tsx[2m > [22m[2mScoreboardV2 - Cobertura Avan├ºada[2m > [22m[2mGerenciamento de Erros[2m > [22m[2mdeve exibir mensagem de erro quando falha ao carregar partida
[22m[39m[ScoreboardV2] Dados da partida carregados: {
  id: [32m'test-match-id'[39m,
  sportType: [32m'T├¬nis'[39m,
  format: [32m'BEST_OF_3'[39m,
  players: { p1: [32m'Jogador 1'[39m, p2: [32m'Jogador 2'[39m },
  status: [32m'IN_PROGRESS'[39m,
  matchState: {
    sets: { PLAYER_1: [33m0[39m, PLAYER_2: [33m0[39m },
    currentSet: [33m1[39m,
    currentSetState: { games: [36m[Object][39m },
    currentGame: { points: [36m[Object][39m, server: [32m'PLAYER_1'[39m, isTiebreak: [33mfalse[39m },
    server: [32m'PLAYER_1'[39m,
    isFinished: [33mfalse[39m,
    config: {},
    startedAt: [32m'2026-02-24T21:37:07.797Z'[39m
  },
  stats: {
    totalPoints: [33m10[39m,
    player1: {
      pointsWon: [33m5[39m,
      totalServes: [33m5[39m,
      firstServes: [33m4[39m,
      secondServes: [33m1[39m,
      firstServeWins: [33m3[39m,
      secondServeWins: [33m1[39m,
      aces: [33m1[39m,
      doubleFaults: [33m0[39m,
      serviceWinners: [33m1[39m,
      servicePointsWon: [33m4[39m,
      returnPointsWon: [33m1[39m,
      winners: [33m2[39m,
      unforcedErrors: [33m1[39m,
      forcedErrors: [33m0[39m,
      shortRallies: [33m2[39m,
      longRallies: [33m1[39m,
      breakPoints: [33m1[39m,
      breakPointsSaved: [33m0[39m,
      firstServePercentage: [33m80[39m,
      firstServeWinPercentage: [33m75[39m,
      secondServeWinPercentage: [33m100[39m,
      serviceHoldPercentage: [33m80[39m,
      breakPointConversion: [33m0[39m,
      winnerToErrorRatio: [33m2[39m,
      returnWinPercentage: [33m20[39m,
      dominanceRatio: [33m2[39m
    },
    player2: {
      pointsWon: [33m5[39m,
      totalServes: [33m5[39m,
      firstServes: [33m3[39m,
      secondServes: [33m2[39m,
      firstServeWins: [33m2[39m,
      secondServeWins: [33m1[39m,
      aces: [33m0[39m,
      doubleFaults: [33m1[39m,
      serviceWinners: [33m0[39m,
      servicePointsWon: [33m3[39m,
      returnPointsWon: [33m2[39m,
      winners: [33m1[39m,
      unforcedErrors: [33m2[39m,
      forcedErrors: [33m1[39m,
      shortRallies: [33m1[39m,
      longRallies: [33m0[39m,
      breakPoints: [33m0[39m,
      breakPointsSaved: [33m0[39m,
      firstServePercentage: [33m60[39m,
      firstServeWinPercentage: [33m66.7[39m,
      secondServeWinPercentage: [33m50[39m,
      serviceHoldPercentage: [33m60[39m,
      breakPointConversion: [33m0[39m,
      winnerToErrorRatio: [33m0.5[39m,
      returnWinPercentage: [33m40[39m,
      dominanceRatio: [33m1[39m
    },
    match: {
      avgRallyLength: [33m5.5[39m,
      longestRally: [33m12[39m,
      shortestRally: [33m1[39m,
      totalRallies: [33m10[39m
    },
    pointsHistory: []
  }
}
[ScoreboardV2] Retomando partida com estado: {
  sets: { PLAYER_1: [33m0[39m, PLAYER_2: [33m0[39m },
  currentSet: [33m1[39m,
  currentSetState: { games: { PLAYER_1: [33m0[39m, PLAYER_2: [33m0[39m } },
  currentGame: {
    points: { PLAYER_1: [32m'0'[39m, PLAYER_2: [32m'0'[39m },
    server: [32m'PLAYER_1'[39m,
    isTiebreak: [33mfalse[39m
  },
  server: [32m'PLAYER_1'[39m,
  isFinished: [33mfalse[39m,
  config: {},
  startedAt: [32m'2026-02-24T21:37:07.797Z'[39m
}

[90mstdout[2m | src/pages/__tests__/ScoreboardV2.advanced.test.tsx[2m > [22m[2mScoreboardV2 - Cobertura Avan├ºada[2m > [22m[2mGerenciamento de Erros[2m > [22m[2mdeve exibir mensagem de erro quando falha ao atualizar ponto
[22m[39m[ScoreboardV2] Iniciando carregamento da partida test-match-id
[ScoreboardV2] Buscando estado do backend para a partida test-match-id

[90mstdout[2m | src/pages/__tests__/ScoreboardV2.advanced.test.tsx[2m > [22m[2mScoreboardV2 - Cobertura Avan├ºada[2m > [22m[2mGerenciamento de Erros[2m > [22m[2mdeve exibir mensagem de erro quando falha ao atualizar ponto
[22m[39m[ScoreboardV2] Dados da partida carregados: {
  id: [32m'test-match-id'[39m,
  sportType: [32m'T├¬nis'[39m,
  format: [32m'BEST_OF_3'[39m,
  players: { p1: [32m'Jogador 1'[39m, p2: [32m'Jogador 2'[39m },
  status: [32m'IN_PROGRESS'[39m,
  matchState: {
    sets: { PLAYER_1: [33m0[39m, PLAYER_2: [33m0[39m },
    currentSet: [33m1[39m,
    currentSetState: { games: [36m[Object][39m },
    currentGame: { points: [36m[Object][39m, server: [32m'PLAYER_1'[39m, isTiebreak: [33mfalse[39m },
    server: [32m'PLAYER_1'[39m,
    isFinished: [33mfalse[39m,
    config: {},
    startedAt: [32m'2026-02-24T21:37:07.857Z'[39m
  },
  stats: {
    totalPoints: [33m10[39m,
    player1: {
      pointsWon: [33m5[39m,
      totalServes: [33m5[39m,
      firstServes: [33m4[39m,
      secondServes: [33m1[39m,
      firstServeWins: [33m3[39m,
      secondServeWins: [33m1[39m,
      aces: [33m1[39m,
      doubleFaults: [33m0[39m,
      serviceWinners: [33m1[39m,
      servicePointsWon: [33m4[39m,
      returnPointsWon: [33m1[39m,
      winners: [33m2[39m,
      unforcedErrors: [33m1[39m,
      forcedErrors: [33m0[39m,
      shortRallies: [33m2[39m,
      longRallies: [33m1[39m,
      breakPoints: [33m1[39m,
      breakPointsSaved: [33m0[39m,
      firstServePercentage: [33m80[39m,
      firstServeWinPercentage: [33m75[39m,
      secondServeWinPercentage: [33m100[39m,
      serviceHoldPercentage: [33m80[39m,
      breakPointConversion: [33m0[39m,
      winnerToErrorRatio: [33m2[39m,
      returnWinPercentage: [33m20[39m,
      dominanceRatio: [33m2[39m
    },
    player2: {
      pointsWon: [33m5[39m,
      totalServes: [33m5[39m,
      firstServes: [33m3[39m,
      secondServes: [33m2[39m,
      firstServeWins: [33m2[39m,
      secondServeWins: [33m1[39m,
      aces: [33m0[39m,
      doubleFaults: [33m1[39m,
      serviceWinners: [33m0[39m,
      servicePointsWon: [33m3[39m,
      returnPointsWon: [33m2[39m,
      winners: [33m1[39m,
      unforcedErrors: [33m2[39m,
      forcedErrors: [33m1[39m,
      shortRallies: [33m1[39m,
      longRallies: [33m0[39m,
      breakPoints: [33m0[39m,
      breakPointsSaved: [33m0[39m,
      firstServePercentage: [33m60[39m,
      firstServeWinPercentage: [33m66.7[39m,
      secondServeWinPercentage: [33m50[39m,
      serviceHoldPercentage: [33m60[39m,
      breakPointConversion: [33m0[39m,
      winnerToErrorRatio: [33m0.5[39m,
      returnWinPercentage: [33m40[39m,
      dominanceRatio: [33m1[39m
    },
    match: {
      avgRallyLength: [33m5.5[39m,
      longestRally: [33m12[39m,
      shortestRally: [33m1[39m,
      totalRallies: [33m10[39m
    },
    pointsHistory: []
  }
}
[ScoreboardV2] Retomando partida com estado: {
  sets: { PLAYER_1: [33m0[39m, PLAYER_2: [33m0[39m },
  currentSet: [33m1[39m,
  currentSetState: { games: { PLAYER_1: [33m0[39m, PLAYER_2: [33m0[39m } },
  currentGame: {
    points: { PLAYER_1: [32m'0'[39m, PLAYER_2: [32m'0'[39m },
    server: [32m'PLAYER_1'[39m,
    isTiebreak: [33mfalse[39m
  },
  server: [32m'PLAYER_1'[39m,
  isFinished: [33mfalse[39m,
  config: {},
  startedAt: [32m'2026-02-24T21:37:07.857Z'[39m
}

[90mstdout[2m | src/pages/__tests__/ScoreboardV2.advanced.test.tsx[2m > [22m[2mScoreboardV2 - Cobertura Avan├ºada[2m > [22m[2mGerenciamento de Erros[2m > [22m[2mdeve exibir mensagem de erro quando falha ao atualizar ponto
[22m[39m[ScoreboardV2] Adicionando ponto para PLAYER_1 {
  serve: { isFirstServe: [33mtrue[39m, type: [32m'SERVICE_WINNER'[39m },
  result: { winner: [32m'PLAYER_1'[39m, type: [32m'WINNER'[39m },
  rally: { ballExchanges: [33m1[39m }
}

[90mstdout[2m | src/pages/__tests__/ScoreboardV2.advanced.test.tsx[2m > [22m[2mScoreboardV2 - Cobertura Avan├ºada[2m > [22m[2mGerenciamento de Erros[2m > [22m[2mdeve exibir mensagem de erro quando falha ao atualizar ponto
[22m[39m[ScoreboardV2] Reset de serveStep para none (j├í estava none)
[ScoreboardV2] Ponto adicionado com sucesso para PLAYER_1

[90mstdout[2m | src/pages/__tests__/ScoreboardV2.advanced.test.tsx[2m > [22m[2mScoreboardV2 - Cobertura Avan├ºada[2m > [22m[2mHist├│rico de Pontos[2m > [22m[2mdeve permitir desfazer ├║ltimo ponto
[22m[39m[ScoreboardV2] Iniciando carregamento da partida test-match-id
[ScoreboardV2] Buscando estado do backend para a partida test-match-id

[90mstdout[2m | src/pages/__tests__/ScoreboardV2.advanced.test.tsx[2m > [22m[2mScoreboardV2 - Cobertura Avan├ºada[2m > [22m[2mHist├│rico de Pontos[2m > [22m[2mdeve permitir desfazer ├║ltimo ponto
[22m[39m[ScoreboardV2] Dados da partida carregados: {
  id: [32m'test-match-id'[39m,
  sportType: [32m'T├¬nis'[39m,
  format: [32m'BEST_OF_3'[39m,
  players: { p1: [32m'Jogador 1'[39m, p2: [32m'Jogador 2'[39m },
  status: [32m'IN_PROGRESS'[39m,
  matchState: {
    sets: { PLAYER_1: [33m0[39m, PLAYER_2: [33m0[39m },
    currentSet: [33m1[39m,
    currentSetState: { games: [36m[Object][39m },
    currentGame: { points: [36m[Object][39m, server: [32m'PLAYER_1'[39m, isTiebreak: [33mfalse[39m },
    server: [32m'PLAYER_1'[39m,
    isFinished: [33mfalse[39m,
    config: {},
    startedAt: [32m'2026-02-24T21:37:07.936Z'[39m
  },
  stats: {
    totalPoints: [33m10[39m,
    player1: {
      pointsWon: [33m5[39m,
      totalServes: [33m5[39m,
      firstServes: [33m4[39m,
      secondServes: [33m1[39m,
      firstServeWins: [33m3[39m,
      secondServeWins: [33m1[39m,
      aces: [33m1[39m,
      doubleFaults: [33m0[39m,
      serviceWinners: [33m1[39m,
      servicePointsWon: [33m4[39m,
      returnPointsWon: [33m1[39m,
      winners: [33m2[39m,
      unforcedErrors: [33m1[39m,
      forcedErrors: [33m0[39m,
      shortRallies: [33m2[39m,
      longRallies: [33m1[39m,
      breakPoints: [33m1[39m,
      breakPointsSaved: [33m0[39m,
      firstServePercentage: [33m80[39m,
      firstServeWinPercentage: [33m75[39m,
      secondServeWinPercentage: [33m100[39m,
      serviceHoldPercentage: [33m80[39m,
      breakPointConversion: [33m0[39m,
      winnerToErrorRatio: [33m2[39m,
      returnWinPercentage: [33m20[39m,
      dominanceRatio: [33m2[39m
    },
    player2: {
      pointsWon: [33m5[39m,
      totalServes: [33m5[39m,
      firstServes: [33m3[39m,
      secondServes: [33m2[39m,
      firstServeWins: [33m2[39m,
      secondServeWins: [33m1[39m,
      aces: [33m0[39m,
      doubleFaults: [33m1[39m,
      serviceWinners: [33m0[39m,
      servicePointsWon: [33m3[39m,
      returnPointsWon: [33m2[39m,
      winners: [33m1[39m,
      unforcedErrors: [33m2[39m,
      forcedErrors: [33m1[39m,
      shortRallies: [33m1[39m,
      longRallies: [33m0[39m,
      breakPoints: [33m0[39m,
      breakPointsSaved: [33m0[39m,
      firstServePercentage: [33m60[39m,
      firstServeWinPercentage: [33m66.7[39m,
      secondServeWinPercentage: [33m50[39m,
      serviceHoldPercentage: [33m60[39m,
      breakPointConversion: [33m0[39m,
      winnerToErrorRatio: [33m0.5[39m,
      returnWinPercentage: [33m40[39m,
      dominanceRatio: [33m1[39m
    },
    match: {
      avgRallyLength: [33m5.5[39m,
      longestRally: [33m12[39m,
      shortestRally: [33m1[39m,
      totalRallies: [33m10[39m
    },
    pointsHistory: []
  }
}
[ScoreboardV2] Retomando partida com estado: {
  sets: { PLAYER_1: [33m0[39m, PLAYER_2: [33m0[39m },
  currentSet: [33m1[39m,
  currentSetState: { games: { PLAYER_1: [33m0[39m, PLAYER_2: [33m0[39m } },
  currentGame: {
    points: { PLAYER_1: [32m'0'[39m, PLAYER_2: [32m'0'[39m },
    server: [32m'PLAYER_1'[39m,
    isTiebreak: [33mfalse[39m
  },
  server: [32m'PLAYER_1'[39m,
  isFinished: [33mfalse[39m,
  config: {},
  startedAt: [32m'2026-02-24T21:37:07.936Z'[39m
}

[90mstdout[2m | src/pages/__tests__/ScoreboardV2.test.tsx[2m > [22m[2mScoreboardV2 - Ace Button Behavior[2m > [22m[2mAce button functionality[2m > [22m[2mopens ServerEffectModal when Ace button is clicked on second serve
[22m[39m[ScoreboardV2] Iniciando carregamento da partida test-match-id
[ScoreboardV2] Buscando estado do backend para a partida test-match-id

[90mstdout[2m | src/pages/__tests__/ScoreboardV2.test.tsx[2m > [22m[2mScoreboardV2 - Ace Button Behavior[2m > [22m[2mAce button functionality[2m > [22m[2mopens ServerEffectModal when Ace button is clicked on second serve
[22m[39m[ScoreboardV2] Dados da partida carregados: {
  id: [32m'test-match-id'[39m,
  sportType: [32m'T├¬nis'[39m,
  format: [32m'BEST_OF_3'[39m,
  players: { p1: [32m'Jogador 1'[39m, p2: [32m'Jogador 2'[39m },
  status: [32m'IN_PROGRESS'[39m,
  matchState: {
    sets: { PLAYER_1: [33m0[39m, PLAYER_2: [33m0[39m },
    currentSet: [33m1[39m,
    currentSetState: { games: [36m[Object][39m },
    currentGame: { points: [36m[Object][39m, server: [32m'PLAYER_1'[39m, isTiebreak: [33mfalse[39m },
    server: [32m'PLAYER_1'[39m,
    isFinished: [33mfalse[39m,
    config: {},
    startedAt: [32m'2026-02-24T21:37:07.422Z'[39m
  }
}
[ScoreboardV2] Retomando partida com estado: {
  sets: { PLAYER_1: [33m0[39m, PLAYER_2: [33m0[39m },
  currentSet: [33m1[39m,
  currentSetState: { games: { PLAYER_1: [33m0[39m, PLAYER_2: [33m0[39m } },
  currentGame: {
    points: { PLAYER_1: [32m'0'[39m, PLAYER_2: [32m'0'[39m },
    server: [32m'PLAYER_1'[39m,
    isTiebreak: [33mfalse[39m
  },
  server: [32m'PLAYER_1'[39m,
  isFinished: [33mfalse[39m,
  config: {},
  startedAt: [32m'2026-02-24T21:37:07.422Z'[39m
}

[90mstdout[2m | src/pages/__tests__/ScoreboardV2.advanced.test.tsx[2m > [22m[2mScoreboardV2 - Cobertura Avan├ºada[2m > [22m[2mHist├│rico de Pontos[2m > [22m[2mdeve permitir desfazer ├║ltimo ponto
[22m[39m[ScoreboardV2] Adicionando ponto para PLAYER_1 {
  serve: { isFirstServe: [33mtrue[39m, type: [32m'SERVICE_WINNER'[39m },
  result: { winner: [32m'PLAYER_1'[39m, type: [32m'WINNER'[39m },
  rally: { ballExchanges: [33m1[39m }
}
[ScoreboardV2] Desfazendo ├║ltimo ponto
[ScoreboardV2] Reset de serveStep para none (j├í estava none)
[ScoreboardV2] Ponto adicionado com sucesso para PLAYER_1
[ScoreboardV2] Reset de serveStep para none (j├í estava none)
[ScoreboardV2] Ponto desfeito com sucesso

[90mstdout[2m | src/pages/__tests__/ScoreboardV2.advanced.test.tsx[2m > [22m[2mScoreboardV2 - Cobertura Avan├ºada[2m > [22m[2mPersist├¬ncia de Estado[2m > [22m[2mdeve persistir estado ap├│s cada ponto
[22m[39m[ScoreboardV2] Iniciando carregamento da partida test-match-id
[ScoreboardV2] Buscando estado do backend para a partida test-match-id

[90mstdout[2m | src/pages/__tests__/ScoreboardV2.advanced.test.tsx[2m > [22m[2mScoreboardV2 - Cobertura Avan├ºada[2m > [22m[2mPersist├¬ncia de Estado[2m > [22m[2mdeve persistir estado ap├│s cada ponto
[22m[39m[ScoreboardV2] Dados da partida carregados: {
  id: [32m'test-match-id'[39m,
  sportType: [32m'T├¬nis'[39m,
  format: [32m'BEST_OF_3'[39m,
  players: { p1: [32m'Jogador 1'[39m, p2: [32m'Jogador 2'[39m },
  status: [32m'IN_PROGRESS'[39m,
  matchState: {
    sets: { PLAYER_1: [33m0[39m, PLAYER_2: [33m0[39m },
    currentSet: [33m1[39m,
    currentSetState: { games: [36m[Object][39m },
    currentGame: { points: [36m[Object][39m, server: [32m'PLAYER_1'[39m, isTiebreak: [33mfalse[39m },
    server: [32m'PLAYER_1'[39m,
    isFinished: [33mfalse[39m,
    config: {},
    startedAt: [32m'2026-02-24T21:37:09.752Z'[39m
  },
  stats: {
    totalPoints: [33m10[39m,
    player1: {
      pointsWon: [33m5[39m,
      totalServes: [33m5[39m,
      firstServes: [33m4[39m,
      secondServes: [33m1[39m,
      firstServeWins: [33m3[39m,
      secondServeWins: [33m1[39m,
      aces: [33m1[39m,
      doubleFaults: [33m0[39m,
      serviceWinners: [33m1[39m,
      servicePointsWon: [33m4[39m,
      returnPointsWon: [33m1[39m,
      winners: [33m2[39m,
      unforcedErrors: [33m1[39m,
      forcedErrors: [33m0[39m,
      shortRallies: [33m2[39m,
      longRallies: [33m1[39m,
      breakPoints: [33m1[39m,
      breakPointsSaved: [33m0[39m,
      firstServePercentage: [33m80[39m,
      firstServeWinPercentage: [33m75[39m,
      secondServeWinPercentage: [33m100[39m,
      serviceHoldPercentage: [33m80[39m,
      breakPointConversion: [33m0[39m,
      winnerToErrorRatio: [33m2[39m,
      returnWinPercentage: [33m20[39m,
      dominanceRatio: [33m2[39m
    },
    player2: {
      pointsWon: [33m5[39m,
      totalServes: [33m5[39m,
      firstServes: [33m3[39m,
      secondServes: [33m2[39m,
      firstServeWins: [33m2[39m,
      secondServeWins: [33m1[39m,
      aces: [33m0[39m,
      doubleFaults: [33m1[39m,
      serviceWinners: [33m0[39m,
      servicePointsWon: [33m3[39m,
      returnPointsWon: [33m2[39m,
      winners: [33m1[39m,
      unforcedErrors: [33m2[39m,
      forcedErrors: [33m1[39m,
      shortRallies: [33m1[39m,
      longRallies: [33m0[39m,
      breakPoints: [33m0[39m,
      breakPointsSaved: [33m0[39m,
      firstServePercentage: [33m60[39m,
      firstServeWinPercentage: [33m66.7[39m,
      secondServeWinPercentage: [33m50[39m,
      serviceHoldPercentage: [33m60[39m,
      breakPointConversion: [33m0[39m,
      winnerToErrorRatio: [33m0.5[39m,
      returnWinPercentage: [33m40[39m,
      dominanceRatio: [33m1[39m
    },
    match: {
      avgRallyLength: [33m5.5[39m,
      longestRally: [33m12[39m,
      shortestRally: [33m1[39m,
      totalRallies: [33m10[39m
    },
    pointsHistory: []
  }
}
[ScoreboardV2] Retomando partida com estado: {
  sets: { PLAYER_1: [33m0[39m, PLAYER_2: [33m0[39m },
  currentSet: [33m1[39m,
  currentSetState: { games: { PLAYER_1: [33m0[39m, PLAYER_2: [33m0[39m } },
  currentGame: {
    points: { PLAYER_1: [32m'0'[39m, PLAYER_2: [32m'0'[39m },
    server: [32m'PLAYER_1'[39m,
    isTiebreak: [33mfalse[39m
  },
  server: [32m'PLAYER_1'[39m,
  isFinished: [33mfalse[39m,
  config: {},
  startedAt: [32m'2026-02-24T21:37:09.752Z'[39m
}

 [32mÔ£ô[39m tests/MatchStatsModal.test.tsx [2m([22m[2m24 tests[22m[2m)[22m[33m 2850[2mms[22m[39m
       [33m[2mÔ£ô[22m[39m chama onClose quando bot├úo de fechar ├® clicado [33m 631[2mms[22m[39m
       [33m[2mÔ£ô[22m[39m chama onClose quando bot├úo "Fechar" no footer ├® clicado [33m 632[2mms[22m[39m
       [33m[2mÔ£ô[22m[39m exibe estat├¡sticas de pontos conquistados [33m 335[2mms[22m[39m
[90mstdout[2m | src/pages/__tests__/ScoreboardV2.advanced.test.tsx[2m > [22m[2mScoreboardV2 - Cobertura Avan├ºada[2m > [22m[2mPersist├¬ncia de Estado[2m > [22m[2mdeve persistir estado ap├│s cada ponto
[22m[39m[ScoreboardV2] Adicionando ponto para PLAYER_1 {
  serve: { isFirstServe: [33mtrue[39m, type: [32m'SERVICE_WINNER'[39m },
  result: { winner: [32m'PLAYER_1'[39m, type: [32m'WINNER'[39m },
  rally: { ballExchanges: [33m1[39m }
}

[90mstdout[2m | src/pages/__tests__/ScoreboardV2.advanced.test.tsx[2m > [22m[2mScoreboardV2 - Cobertura Avan├ºada[2m > [22m[2mPersist├¬ncia de Estado[2m > [22m[2mdeve persistir estado ap├│s cada ponto
[22m[39m[ScoreboardV2] Reset de serveStep para none (j├í estava none)
[ScoreboardV2] Ponto adicionado com sucesso para PLAYER_1

 [32mÔ£ô[39m src/pages/__tests__/ScoreboardV2.advanced.test.tsx [2m([22m[2m7 tests[22m[2m | [22m[33m1 skipped[39m[2m)[22m[33m 2392[2mms[22m[39m
       [33m[2mÔ£ô[22m[39m deve permitir desfazer ├║ltimo ponto [33m 1816[2mms[22m[39m
[90mstdout[2m | src/pages/__tests__/ScoreboardV2.test.tsx[2m > [22m[2mScoreboardV2 - Ace Button Behavior[2m > [22m[2mAce button functionality[2m > [22m[2mallows user to confirm point through ServerEffectModal
[22m[39m[ScoreboardV2] Iniciando carregamento da partida test-match-id
[ScoreboardV2] Buscando estado do backend para a partida test-match-id

[90mstdout[2m | src/pages/__tests__/ScoreboardV2.test.tsx[2m > [22m[2mScoreboardV2 - Ace Button Behavior[2m > [22m[2mAce button functionality[2m > [22m[2mallows user to confirm point through ServerEffectModal
[22m[39m[ScoreboardV2] Dados da partida carregados: {
  id: [32m'test-match-id'[39m,
  sportType: [32m'T├¬nis'[39m,
  format: [32m'BEST_OF_3'[39m,
  players: { p1: [32m'Jogador 1'[39m, p2: [32m'Jogador 2'[39m },
  status: [32m'IN_PROGRESS'[39m,
  matchState: {
    sets: { PLAYER_1: [33m0[39m, PLAYER_2: [33m0[39m },
    currentSet: [33m1[39m,
    currentSetState: { games: [36m[Object][39m },
    currentGame: { points: [36m[Object][39m, server: [32m'PLAYER_1'[39m, isTiebreak: [33mfalse[39m },
    server: [32m'PLAYER_1'[39m,
    isFinished: [33mfalse[39m,
    config: {},
    startedAt: [32m'2026-02-24T21:37:07.422Z'[39m
  }
}
[ScoreboardV2] Retomando partida com estado: {
  sets: { PLAYER_1: [33m0[39m, PLAYER_2: [33m0[39m },
  currentSet: [33m1[39m,
  currentSetState: { games: { PLAYER_1: [33m0[39m, PLAYER_2: [33m0[39m } },
  currentGame: {
    points: { PLAYER_1: [32m'0'[39m, PLAYER_2: [32m'0'[39m },
    server: [32m'PLAYER_1'[39m,
    isTiebreak: [33mfalse[39m
  },
  server: [32m'PLAYER_1'[39m,
  isFinished: [33mfalse[39m,
  config: {},
  startedAt: [32m'2026-02-24T21:37:07.422Z'[39m
}

[90mstdout[2m | src/pages/__tests__/ScoreboardV2.server-effect.test.tsx[2m > [22m[2mScoreboardV2 - ServerEffect Integration[2m > [22m[2mFluxo Ace ÔåÆ ServerEffect[2m > [22m[2mabre ServerEffectModal ao clicar em Ace no 1┬║ saque
[22m[39m[ScoreboardV2] Iniciando carregamento da partida test-match-id
[ScoreboardV2] Buscando estado do backend para a partida test-match-id

[90mstdout[2m | src/pages/__tests__/ScoreboardV2.server-effect.test.tsx[2m > [22m[2mScoreboardV2 - ServerEffect Integration[2m > [22m[2mFluxo Ace ÔåÆ ServerEffect[2m > [22m[2mabre ServerEffectModal ao clicar em Ace no 1┬║ saque
[22m[39m[ScoreboardV2] Dados da partida carregados: {
  id: [32m'test-match-id'[39m,
  sportType: [32m'T├¬nis'[39m,
  format: [32m'BEST_OF_3'[39m,
  players: { p1: [32m'Player 1'[39m, p2: [32m'Player 2'[39m },
  status: [32m'IN_PROGRESS'[39m,
  matchState: {
    sets: { PLAYER_1: [33m0[39m, PLAYER_2: [33m0[39m },
    currentSet: [33m1[39m,
    currentSetState: { games: [36m[Object][39m },
    currentGame: { points: [36m[Object][39m, server: [32m'PLAYER_1'[39m, isTiebreak: [33mfalse[39m },
    server: [32m'PLAYER_1'[39m,
    isFinished: [33mfalse[39m,
    config: {},
    startedAt: [32m'2026-02-24T21:37:07.422Z'[39m
  }
}
[ScoreboardV2] Retomando partida com estado: {
  sets: { PLAYER_1: [33m0[39m, PLAYER_2: [33m0[39m },
  currentSet: [33m1[39m,
  currentSetState: { games: { PLAYER_1: [33m0[39m, PLAYER_2: [33m0[39m } },
  currentGame: {
    points: { PLAYER_1: [32m'0'[39m, PLAYER_2: [32m'0'[39m },
    server: [32m'PLAYER_1'[39m,
    isTiebreak: [33mfalse[39m
  },
  server: [32m'PLAYER_1'[39m,
  isFinished: [33mfalse[39m,
  config: {},
  startedAt: [32m'2026-02-24T21:37:07.422Z'[39m
}

[90mstdout[2m | src/pages/__tests__/ScoreboardV2.server-effect.test.tsx[2m > [22m[2mScoreboardV2 - ServerEffect Integration[2m > [22m[2mFluxo Ace ÔåÆ ServerEffect[2m > [22m[2mabre ServerEffectModal ao clicar em Ace no 2┬║ saque
[22m[39m[ScoreboardV2] Iniciando carregamento da partida test-match-id
[ScoreboardV2] Buscando estado do backend para a partida test-match-id

[90mstdout[2m | src/pages/__tests__/ScoreboardV2.server-effect.test.tsx[2m > [22m[2mScoreboardV2 - ServerEffect Integration[2m > [22m[2mFluxo Ace ÔåÆ ServerEffect[2m > [22m[2mabre ServerEffectModal ao clicar em Ace no 2┬║ saque
[22m[39m[ScoreboardV2] Dados da partida carregados: {
  id: [32m'test-match-id'[39m,
  sportType: [32m'T├¬nis'[39m,
  format: [32m'BEST_OF_3'[39m,
  players: { p1: [32m'Player 1'[39m, p2: [32m'Player 2'[39m },
  status: [32m'IN_PROGRESS'[39m,
  matchState: {
    sets: { PLAYER_1: [33m0[39m, PLAYER_2: [33m0[39m },
    currentSet: [33m1[39m,
    currentSetState: { games: [36m[Object][39m },
    currentGame: { points: [36m[Object][39m, server: [32m'PLAYER_1'[39m, isTiebreak: [33mfalse[39m },
    server: [32m'PLAYER_1'[39m,
    isFinished: [33mfalse[39m,
    config: {},
    startedAt: [32m'2026-02-24T21:37:07.422Z'[39m
  }
}
[ScoreboardV2] Retomando partida com estado: {
  sets: { PLAYER_1: [33m0[39m, PLAYER_2: [33m0[39m },
  currentSet: [33m1[39m,
  currentSetState: { games: { PLAYER_1: [33m0[39m, PLAYER_2: [33m0[39m } },
  currentGame: {
    points: { PLAYER_1: [32m'0'[39m, PLAYER_2: [32m'0'[39m },
    server: [32m'PLAYER_1'[39m,
    isTiebreak: [33mfalse[39m
  },
  server: [32m'PLAYER_1'[39m,
  isFinished: [33mfalse[39m,
  config: {},
  startedAt: [32m'2026-02-24T21:37:07.422Z'[39m
}

[90mstdout[2m | src/pages/__tests__/ScoreboardV2.test.tsx[2m > [22m[2mScoreboardV2 - Ace Button Behavior[2m > [22m[2mAce button functionality[2m > [22m[2mallows user to confirm point through ServerEffectModal
[22m[39m[ScoreboardV2] Adicionando ponto para PLAYER_1 {
  serve: {
    type: [32m'ACE'[39m,
    isFirstServe: [33mtrue[39m,
    serveEffect: [32m'Chapado'[39m,
    direction: [32m'Fechado'[39m
  },
  result: { winner: [32m'PLAYER_1'[39m, type: [32m'WINNER'[39m },
  rally: { ballExchanges: [33m1[39m }
}

[90mstdout[2m | src/pages/__tests__/ScoreboardV2.test.tsx[2m > [22m[2mScoreboardV2 - Ace Button Behavior[2m > [22m[2mAce button functionality[2m > [22m[2mallows user to confirm point through ServerEffectModal
[22m[39m[ScoreboardV2] Reset de serveStep para none (j├í estava none)
[ScoreboardV2] Ponto adicionado com sucesso para PLAYER_1

[90mstdout[2m | src/pages/__tests__/ScoreboardV2.test.tsx[2m > [22m[2mScoreboardV2 - Ace Button Behavior[2m > [22m[2mAce button functionality[2m > [22m[2mcloses ServerEffectModal after confirming point
[22m[39m[ScoreboardV2] Iniciando carregamento da partida test-match-id
[ScoreboardV2] Buscando estado do backend para a partida test-match-id

[90mstdout[2m | src/pages/__tests__/ScoreboardV2.test.tsx[2m > [22m[2mScoreboardV2 - Ace Button Behavior[2m > [22m[2mAce button functionality[2m > [22m[2mcloses ServerEffectModal after confirming point
[22m[39m[ScoreboardV2] Dados da partida carregados: {
  id: [32m'test-match-id'[39m,
  sportType: [32m'T├¬nis'[39m,
  format: [32m'BEST_OF_3'[39m,
  players: { p1: [32m'Jogador 1'[39m, p2: [32m'Jogador 2'[39m },
  status: [32m'IN_PROGRESS'[39m,
  matchState: {
    sets: { PLAYER_1: [33m0[39m, PLAYER_2: [33m0[39m },
    currentSet: [33m1[39m,
    currentSetState: { games: [36m[Object][39m },
    currentGame: { points: [36m[Object][39m, server: [32m'PLAYER_1'[39m, isTiebreak: [33mfalse[39m },
    server: [32m'PLAYER_1'[39m,
    isFinished: [33mfalse[39m,
    config: {},
    startedAt: [32m'2026-02-24T21:37:07.422Z'[39m
  }
}
[ScoreboardV2] Retomando partida com estado: {
  sets: { PLAYER_1: [33m0[39m, PLAYER_2: [33m0[39m },
  currentSet: [33m1[39m,
  currentSetState: { games: { PLAYER_1: [33m0[39m, PLAYER_2: [33m0[39m } },
  currentGame: {
    points: { PLAYER_1: [32m'0'[39m, PLAYER_2: [32m'0'[39m },
    server: [32m'PLAYER_1'[39m,
    isTiebreak: [33mfalse[39m
  },
  server: [32m'PLAYER_1'[39m,
  isFinished: [33mfalse[39m,
  config: {},
  startedAt: [32m'2026-02-24T21:37:07.422Z'[39m
}

[90mstdout[2m | src/pages/__tests__/ScoreboardV2.server-effect.test.tsx[2m > [22m[2mScoreboardV2 - ServerEffect Integration[2m > [22m[2mFluxo Dupla Falta ÔåÆ Ponto Autom├ítico[2m > [22m[2mmarca ponto automaticamente ao clicar em Out no 2┬║ saque (dupla falta)
[22m[39m[ScoreboardV2] Iniciando carregamento da partida test-match-id
[ScoreboardV2] Buscando estado do backend para a partida test-match-id

[90mstdout[2m | src/pages/__tests__/ScoreboardV2.server-effect.test.tsx[2m > [22m[2mScoreboardV2 - ServerEffect Integration[2m > [22m[2mFluxo Dupla Falta ÔåÆ Ponto Autom├ítico[2m > [22m[2mmarca ponto automaticamente ao clicar em Out no 2┬║ saque (dupla falta)
[22m[39m[ScoreboardV2] Dados da partida carregados: {
  id: [32m'test-match-id'[39m,
  sportType: [32m'T├¬nis'[39m,
  format: [32m'BEST_OF_3'[39m,
  players: { p1: [32m'Player 1'[39m, p2: [32m'Player 2'[39m },
  status: [32m'IN_PROGRESS'[39m,
  matchState: {
    sets: { PLAYER_1: [33m0[39m, PLAYER_2: [33m0[39m },
    currentSet: [33m1[39m,
    currentSetState: { games: [36m[Object][39m },
    currentGame: { points: [36m[Object][39m, server: [32m'PLAYER_1'[39m, isTiebreak: [33mfalse[39m },
    server: [32m'PLAYER_1'[39m,
    isFinished: [33mfalse[39m,
    config: {},
    startedAt: [32m'2026-02-24T21:37:07.422Z'[39m
  }
}
[ScoreboardV2] Retomando partida com estado: {
  sets: { PLAYER_1: [33m0[39m, PLAYER_2: [33m0[39m },
  currentSet: [33m1[39m,
  currentSetState: { games: { PLAYER_1: [33m0[39m, PLAYER_2: [33m0[39m } },
  currentGame: {
    points: { PLAYER_1: [32m'0'[39m, PLAYER_2: [32m'0'[39m },
    server: [32m'PLAYER_1'[39m,
    isTiebreak: [33mfalse[39m
  },
  server: [32m'PLAYER_1'[39m,
  isFinished: [33mfalse[39m,
  config: {},
  startedAt: [32m'2026-02-24T21:37:07.422Z'[39m
}

[90mstdout[2m | src/pages/__tests__/MatchSetup.test.tsx
[22m[39mresetGlobalMocks registrada no global/globalThis.

[90mstdout[2m | src/pages/__tests__/ScoreboardV2.test.tsx[2m > [22m[2mScoreboardV2 - Ace Button Behavior[2m > [22m[2mAce button functionality[2m > [22m[2mcloses ServerEffectModal after confirming point
[22m[39m[ScoreboardV2] Adicionando ponto para PLAYER_1 {
  serve: {
    type: [32m'ACE'[39m,
    isFirstServe: [33mtrue[39m,
    serveEffect: [32m'Chapado'[39m,
    direction: [32m'Fechado'[39m
  },
  result: { winner: [32m'PLAYER_1'[39m, type: [32m'WINNER'[39m },
  rally: { ballExchanges: [33m1[39m }
}

[90mstdout[2m | src/pages/__tests__/ScoreboardV2.test.tsx[2m > [22m[2mScoreboardV2 - Ace Button Behavior[2m > [22m[2mAce button functionality[2m > [22m[2mcloses ServerEffectModal after confirming point
[22m[39m[ScoreboardV2] Reset de serveStep para none (j├í estava none)
[ScoreboardV2] Ponto adicionado com sucesso para PLAYER_1

 [32mÔ£ô[39m src/components/__tests__/ServerEffectModal.test.tsx [2m([22m[2m19 tests[22m[2m)[22m[33m 4399[2mms[22m[39m
       [33m[2mÔ£ô[22m[39m exibe todas as op├º├Áes de efeito [33m 685[2mms[22m[39m
       [33m[2mÔ£ô[22m[39m permite mudan├ºa de dire├º├úo [33m 883[2mms[22m[39m
       [33m[2mÔ£ô[22m[39m permite confirma├º├úo com efeito e dire├º├úo selecionados [33m 302[2mms[22m[39m
       [33m[2mÔ£ô[22m[39m reseta sele├º├Áes quando modal ├® reaberto [33m 686[2mms[22m[39m
[90mstdout[2m | src/pages/__tests__/ScoreboardV2.test.tsx[2m > [22m[2mScoreboardV2 - Ace Button Behavior[2m > [22m[2mAce button functionality[2m > [22m[2mallows canceling the ServerEffectModal without adding point
[22m[39m[ScoreboardV2] Iniciando carregamento da partida test-match-id
[ScoreboardV2] Buscando estado do backend para a partida test-match-id

[90mstdout[2m | src/pages/__tests__/ScoreboardV2.test.tsx[2m > [22m[2mScoreboardV2 - Ace Button Behavior[2m > [22m[2mAce button functionality[2m > [22m[2mallows canceling the ServerEffectModal without adding point
[22m[39m[ScoreboardV2] Dados da partida carregados: {
  id: [32m'test-match-id'[39m,
  sportType: [32m'T├¬nis'[39m,
  format: [32m'BEST_OF_3'[39m,
  players: { p1: [32m'Jogador 1'[39m, p2: [32m'Jogador 2'[39m },
  status: [32m'IN_PROGRESS'[39m,
  matchState: {
    sets: { PLAYER_1: [33m0[39m, PLAYER_2: [33m0[39m },
    currentSet: [33m1[39m,
    currentSetState: { games: [36m[Object][39m },
    currentGame: { points: [36m[Object][39m, server: [32m'PLAYER_1'[39m, isTiebreak: [33mfalse[39m },
    server: [32m'PLAYER_1'[39m,
    isFinished: [33mfalse[39m,
    config: {},
    startedAt: [32m'2026-02-24T21:37:07.422Z'[39m
  }
}
[ScoreboardV2] Retomando partida com estado: {
  sets: { PLAYER_1: [33m0[39m, PLAYER_2: [33m0[39m },
  currentSet: [33m1[39m,
  currentSetState: { games: { PLAYER_1: [33m0[39m, PLAYER_2: [33m0[39m } },
  currentGame: {
    points: { PLAYER_1: [32m'0'[39m, PLAYER_2: [32m'0'[39m },
    server: [32m'PLAYER_1'[39m,
    isTiebreak: [33mfalse[39m
  },
  server: [32m'PLAYER_1'[39m,
  isFinished: [33mfalse[39m,
  config: {},
  startedAt: [32m'2026-02-24T21:37:07.422Z'[39m
}

[90mstdout[2m | src/pages/__tests__/ScoreboardV2.server-effect.test.tsx[2m > [22m[2mScoreboardV2 - ServerEffect Integration[2m > [22m[2mFluxo Dupla Falta ÔåÆ Ponto Autom├ítico[2m > [22m[2mmarca ponto automaticamente ao clicar em Out no 2┬║ saque (dupla falta)
[22m[39m[ScoreboardV2] Registrando falta dupla

[90mstdout[2m | src/pages/__tests__/ScoreboardV2.server-effect.test.tsx[2m > [22m[2mScoreboardV2 - ServerEffect Integration[2m > [22m[2mFluxo Dupla Falta ÔåÆ Ponto Autom├ítico[2m > [22m[2mmarca ponto automaticamente ao clicar em Out no 2┬║ saque (dupla falta)
[22m[39m[ScoreboardV2] Falta dupla registrada, ponto para PLAYER_2

[90mstdout[2m | src/pages/__tests__/ScoreboardV2.server-effect.test.tsx[2m > [22m[2mScoreboardV2 - ServerEffect Integration[2m > [22m[2mFluxo Dupla Falta ÔåÆ Ponto Autom├ítico[2m > [22m[2mmarca ponto automaticamente ao clicar em Net no 2┬║ saque (dupla falta)
[22m[39m[ScoreboardV2] Iniciando carregamento da partida test-match-id
[ScoreboardV2] Buscando estado do backend para a partida test-match-id

[90mstdout[2m | src/pages/__tests__/ScoreboardV2.server-effect.test.tsx[2m > [22m[2mScoreboardV2 - ServerEffect Integration[2m > [22m[2mFluxo Dupla Falta ÔåÆ Ponto Autom├ítico[2m > [22m[2mmarca ponto automaticamente ao clicar em Net no 2┬║ saque (dupla falta)
[22m[39m[ScoreboardV2] Dados da partida carregados: {
  id: [32m'test-match-id'[39m,
  sportType: [32m'T├¬nis'[39m,
  format: [32m'BEST_OF_3'[39m,
  players: { p1: [32m'Player 1'[39m, p2: [32m'Player 2'[39m },
  status: [32m'IN_PROGRESS'[39m,
  matchState: {
    sets: { PLAYER_1: [33m0[39m, PLAYER_2: [33m0[39m },
    currentSet: [33m1[39m,
    currentSetState: { games: [36m[Object][39m },
    currentGame: { points: [36m[Object][39m, server: [32m'PLAYER_1'[39m, isTiebreak: [33mfalse[39m },
    server: [32m'PLAYER_1'[39m,
    isFinished: [33mfalse[39m,
    config: {},
    startedAt: [32m'2026-02-24T21:37:07.422Z'[39m
  }
}
[ScoreboardV2] Retomando partida com estado: {
  sets: { PLAYER_1: [33m0[39m, PLAYER_2: [33m0[39m },
  currentSet: [33m1[39m,
  currentSetState: { games: { PLAYER_1: [33m0[39m, PLAYER_2: [33m0[39m } },
  currentGame: {
    points: { PLAYER_1: [32m'0'[39m, PLAYER_2: [32m'0'[39m },
    server: [32m'PLAYER_1'[39m,
    isTiebreak: [33mfalse[39m
  },
  server: [32m'PLAYER_1'[39m,
  isFinished: [33mfalse[39m,
  config: {},
  startedAt: [32m'2026-02-24T21:37:07.422Z'[39m
}

[90mstdout[2m | src/pages/__tests__/ScoreboardV2.test.tsx[2m > [22m[2mScoreboardV2 - Ace Button Behavior[2m > [22m[2mAce button availability[2m > [22m[2mshows Ace button when serveStep is none and server exists
[22m[39m[ScoreboardV2] Iniciando carregamento da partida test-match-id
[ScoreboardV2] Buscando estado do backend para a partida test-match-id

[90mstdout[2m | src/pages/__tests__/ScoreboardV2.test.tsx[2m > [22m[2mScoreboardV2 - Ace Button Behavior[2m > [22m[2mAce button availability[2m > [22m[2mshows Ace button when serveStep is none and server exists
[22m[39m[ScoreboardV2] Dados da partida carregados: {
  id: [32m'test-match-id'[39m,
  sportType: [32m'T├¬nis'[39m,
  format: [32m'BEST_OF_3'[39m,
  players: { p1: [32m'Jogador 1'[39m, p2: [32m'Jogador 2'[39m },
  status: [32m'IN_PROGRESS'[39m,
  matchState: {
    sets: { PLAYER_1: [33m0[39m, PLAYER_2: [33m0[39m },
    currentSet: [33m1[39m,
    currentSetState: { games: [36m[Object][39m },
    currentGame: { points: [36m[Object][39m, server: [32m'PLAYER_1'[39m, isTiebreak: [33mfalse[39m },
    server: [32m'PLAYER_1'[39m,
    isFinished: [33mfalse[39m,
    config: {},
    startedAt: [32m'2026-02-24T21:37:07.422Z'[39m
  }
}
[ScoreboardV2] Retomando partida com estado: {
  sets: { PLAYER_1: [33m0[39m, PLAYER_2: [33m0[39m },
  currentSet: [33m1[39m,
  currentSetState: { games: { PLAYER_1: [33m0[39m, PLAYER_2: [33m0[39m } },
  currentGame: {
    points: { PLAYER_1: [32m'0'[39m, PLAYER_2: [32m'0'[39m },
    server: [32m'PLAYER_1'[39m,
    isTiebreak: [33mfalse[39m
  },
  server: [32m'PLAYER_1'[39m,
  isFinished: [33mfalse[39m,
  config: {},
  startedAt: [32m'2026-02-24T21:37:07.422Z'[39m
}

[90mstdout[2m | src/pages/__tests__/ScoreboardV2.test.tsx[2m > [22m[2mScoreboardV2 - Ace Button Behavior[2m > [22m[2mAce button availability[2m > [22m[2mhides Ace button when match is finished
[22m[39m[ScoreboardV2] Iniciando carregamento da partida test-match-id
[ScoreboardV2] Buscando estado do backend para a partida test-match-id

[90mstdout[2m | src/pages/__tests__/ScoreboardV2.test.tsx[2m > [22m[2mScoreboardV2 - Ace Button Behavior[2m > [22m[2mAce button availability[2m > [22m[2mhides Ace button when match is finished
[22m[39m[ScoreboardV2] Dados da partida carregados: {
  id: [32m'test-match-id'[39m,
  sportType: [32m'T├¬nis'[39m,
  format: [32m'BEST_OF_3'[39m,
  players: { p1: [32m'Jogador 1'[39m, p2: [32m'Jogador 2'[39m },
  status: [32m'IN_PROGRESS'[39m,
  matchState: {
    sets: { PLAYER_1: [33m0[39m, PLAYER_2: [33m0[39m },
    currentSet: [33m1[39m,
    currentSetState: { games: [36m[Object][39m },
    currentGame: { points: [36m[Object][39m, server: [32m'PLAYER_1'[39m, isTiebreak: [33mfalse[39m },
    server: [32m'PLAYER_1'[39m,
    isFinished: [33mfalse[39m,
    config: {},
    startedAt: [32m'2026-02-24T21:37:07.422Z'[39m
  }
}
[ScoreboardV2] Retomando partida com estado: {
  sets: { PLAYER_1: [33m0[39m, PLAYER_2: [33m0[39m },
  currentSet: [33m1[39m,
  currentSetState: { games: { PLAYER_1: [33m0[39m, PLAYER_2: [33m0[39m } },
  currentGame: {
    points: { PLAYER_1: [32m'0'[39m, PLAYER_2: [32m'0'[39m },
    server: [32m'PLAYER_1'[39m,
    isTiebreak: [33mfalse[39m
  },
  server: [32m'PLAYER_1'[39m,
  isFinished: [33mfalse[39m,
  config: {},
  startedAt: [32m'2026-02-24T21:37:07.422Z'[39m
}

[90mstdout[2m | src/pages/__tests__/ScoreboardV2.test.tsx[2m > [22m[2mScoreboardV2 - Ace Button Behavior[2m > [22m[2mAce button availability[2m > [22m[2mshows Ace button when serveStep is second
[22m[39m[ScoreboardV2] Iniciando carregamento da partida test-match-id
[ScoreboardV2] Buscando estado do backend para a partida test-match-id

[90mstdout[2m | src/pages/__tests__/ScoreboardV2.test.tsx[2m > [22m[2mScoreboardV2 - Ace Button Behavior[2m > [22m[2mAce button availability[2m > [22m[2mshows Ace button when serveStep is second
[22m[39m[ScoreboardV2] Dados da partida carregados: {
  id: [32m'test-match-id'[39m,
  sportType: [32m'T├¬nis'[39m,
  format: [32m'BEST_OF_3'[39m,
  players: { p1: [32m'Jogador 1'[39m, p2: [32m'Jogador 2'[39m },
  status: [32m'IN_PROGRESS'[39m,
  matchState: {
    sets: { PLAYER_1: [33m0[39m, PLAYER_2: [33m0[39m },
    currentSet: [33m1[39m,
    currentSetState: { games: [36m[Object][39m },
    currentGame: { points: [36m[Object][39m, server: [32m'PLAYER_1'[39m, isTiebreak: [33mfalse[39m },
    server: [32m'PLAYER_1'[39m,
    isFinished: [33mfalse[39m,
    config: {},
    startedAt: [32m'2026-02-24T21:37:07.422Z'[39m
  }
}
[ScoreboardV2] Retomando partida com estado: {
  sets: { PLAYER_1: [33m0[39m, PLAYER_2: [33m0[39m },
  currentSet: [33m1[39m,
  currentSetState: { games: { PLAYER_1: [33m0[39m, PLAYER_2: [33m0[39m } },
  currentGame: {
    points: { PLAYER_1: [32m'0'[39m, PLAYER_2: [32m'0'[39m },
    server: [32m'PLAYER_1'[39m,
    isTiebreak: [33mfalse[39m
  },
  server: [32m'PLAYER_1'[39m,
  isFinished: [33mfalse[39m,
  config: {},
  startedAt: [32m'2026-02-24T21:37:07.422Z'[39m
}

[90mstdout[2m | src/pages/__tests__/ScoreboardV2.server-effect.test.tsx[2m > [22m[2mScoreboardV2 - ServerEffect Integration[2m > [22m[2mFluxo Dupla Falta ÔåÆ Ponto Autom├ítico[2m > [22m[2mmarca ponto automaticamente ao clicar em Net no 2┬║ saque (dupla falta)
[22m[39m[ScoreboardV2] Registrando falta dupla

[90mstdout[2m | src/pages/__tests__/ScoreboardV2.server-effect.test.tsx[2m > [22m[2mScoreboardV2 - ServerEffect Integration[2m > [22m[2mFluxo Dupla Falta ÔåÆ Ponto Autom├ítico[2m > [22m[2mmarca ponto automaticamente ao clicar em Net no 2┬║ saque (dupla falta)
[22m[39m[ScoreboardV2] Falta dupla registrada, ponto para PLAYER_2

[90mstdout[2m | src/pages/__tests__/ScoreboardV2.server-effect.test.tsx[2m > [22m[2mScoreboardV2 - ServerEffect Integration[2m > [22m[2mConfirma├º├úo de pontos[2m > [22m[2mmarca ponto de Ace com detalhes do ServerEffect
[22m[39m[ScoreboardV2] Iniciando carregamento da partida test-match-id
[ScoreboardV2] Buscando estado do backend para a partida test-match-id

[90mstdout[2m | src/pages/__tests__/ScoreboardV2.server-effect.test.tsx[2m > [22m[2mScoreboardV2 - ServerEffect Integration[2m > [22m[2mConfirma├º├úo de pontos[2m > [22m[2mmarca ponto de Ace com detalhes do ServerEffect
[22m[39m[ScoreboardV2] Dados da partida carregados: {
  id: [32m'test-match-id'[39m,
  sportType: [32m'T├¬nis'[39m,
  format: [32m'BEST_OF_3'[39m,
  players: { p1: [32m'Player 1'[39m, p2: [32m'Player 2'[39m },
  status: [32m'IN_PROGRESS'[39m,
  matchState: {
    sets: { PLAYER_1: [33m0[39m, PLAYER_2: [33m0[39m },
    currentSet: [33m1[39m,
    currentSetState: { games: [36m[Object][39m },
    currentGame: { points: [36m[Object][39m, server: [32m'PLAYER_1'[39m, isTiebreak: [33mfalse[39m },
    server: [32m'PLAYER_1'[39m,
    isFinished: [33mfalse[39m,
    config: {},
    startedAt: [32m'2026-02-24T21:37:07.422Z'[39m
  }
}
[ScoreboardV2] Retomando partida com estado: {
  sets: { PLAYER_1: [33m0[39m, PLAYER_2: [33m0[39m },
  currentSet: [33m1[39m,
  currentSetState: { games: { PLAYER_1: [33m0[39m, PLAYER_2: [33m0[39m } },
  currentGame: {
    points: { PLAYER_1: [32m'0'[39m, PLAYER_2: [32m'0'[39m },
    server: [32m'PLAYER_1'[39m,
    isTiebreak: [33mfalse[39m
  },
  server: [32m'PLAYER_1'[39m,
  isFinished: [33mfalse[39m,
  config: {},
  startedAt: [32m'2026-02-24T21:37:07.422Z'[39m
}

[90mstdout[2m | src/pages/__tests__/ScoreboardV2.test.tsx[2m > [22m[2mScoreboardV2 - Ace Button Behavior[2m > [22m[2mIntegration with existing tests[2m > [22m[2mdisplays serve info buttons without click handlers
[22m[39m[ScoreboardV2] Iniciando carregamento da partida test-match-id
[ScoreboardV2] Buscando estado do backend para a partida test-match-id

[90mstdout[2m | src/pages/__tests__/ScoreboardV2.test.tsx[2m > [22m[2mScoreboardV2 - Ace Button Behavior[2m > [22m[2mIntegration with existing tests[2m > [22m[2mdisplays serve info buttons without click handlers
[22m[39m[ScoreboardV2] Dados da partida carregados: {
  id: [32m'test-match-id'[39m,
  sportType: [32m'T├¬nis'[39m,
  format: [32m'BEST_OF_3'[39m,
  players: { p1: [32m'Jogador 1'[39m, p2: [32m'Jogador 2'[39m },
  status: [32m'IN_PROGRESS'[39m,
  matchState: {
    sets: { PLAYER_1: [33m0[39m, PLAYER_2: [33m0[39m },
    currentSet: [33m1[39m,
    currentSetState: { games: [36m[Object][39m },
    currentGame: { points: [36m[Object][39m, server: [32m'PLAYER_1'[39m, isTiebreak: [33mfalse[39m },
    server: [32m'PLAYER_1'[39m,
    isFinished: [33mfalse[39m,
    config: {},
    startedAt: [32m'2026-02-24T21:37:07.422Z'[39m
  }
}
[ScoreboardV2] Retomando partida com estado: {
  sets: { PLAYER_1: [33m0[39m, PLAYER_2: [33m0[39m },
  currentSet: [33m1[39m,
  currentSetState: { games: { PLAYER_1: [33m0[39m, PLAYER_2: [33m0[39m } },
  currentGame: {
    points: { PLAYER_1: [32m'0'[39m, PLAYER_2: [32m'0'[39m },
    server: [32m'PLAYER_1'[39m,
    isTiebreak: [33mfalse[39m
  },
  server: [32m'PLAYER_1'[39m,
  isFinished: [33mfalse[39m,
  config: {},
  startedAt: [32m'2026-02-24T21:37:07.422Z'[39m
}

 [32mÔ£ô[39m src/components/__tests__/MatchStatsModal.test.tsx [2m([22m[2m2 tests[22m[2m)[22m[33m 1000[2mms[22m[39m
     [33m[2mÔ£ô[22m[39m deve chamar onClose ao clicar em fechar [33m 740[2mms[22m[39m
[90mstdout[2m | src/pages/__tests__/ScoreboardV2.server-effect.test.tsx[2m > [22m[2mScoreboardV2 - ServerEffect Integration[2m > [22m[2mConfirma├º├úo de pontos[2m > [22m[2mmarca ponto de Ace com detalhes do ServerEffect
[22m[39m[ScoreboardV2] Adicionando ponto para PLAYER_1 {
  serve: {
    type: [32m'ACE'[39m,
    isFirstServe: [33mtrue[39m,
    serveEffect: [32m'Chapado'[39m,
    direction: [32m'Fechado'[39m
  },
  result: { winner: [32m'PLAYER_1'[39m, type: [32m'WINNER'[39m },
  rally: { ballExchanges: [33m1[39m }
}

[90mstdout[2m | src/pages/__tests__/ScoreboardV2.server-effect.test.tsx[2m > [22m[2mScoreboardV2 - ServerEffect Integration[2m > [22m[2mConfirma├º├úo de pontos[2m > [22m[2mmarca ponto de Ace com detalhes do ServerEffect
[22m[39m[ScoreboardV2] Reset de serveStep para none (j├í estava none)
[ScoreboardV2] Ponto adicionado com sucesso para PLAYER_1

[90mstdout[2m | src/pages/__tests__/ScoreboardV2.server-effect.test.tsx[2m > [22m[2mScoreboardV2 - ServerEffect Integration[2m > [22m[2mConfirma├º├úo de pontos[2m > [22m[2mmarca ponto de Ace no 2┬║ saque corretamente para o sacador
[22m[39m[ScoreboardV2] Iniciando carregamento da partida test-match-id
[ScoreboardV2] Buscando estado do backend para a partida test-match-id

[90mstdout[2m | src/pages/__tests__/ScoreboardV2.server-effect.test.tsx[2m > [22m[2mScoreboardV2 - ServerEffect Integration[2m > [22m[2mConfirma├º├úo de pontos[2m > [22m[2mmarca ponto de Ace no 2┬║ saque corretamente para o sacador
[22m[39m[ScoreboardV2] Dados da partida carregados: {
  id: [32m'test-match-id'[39m,
  sportType: [32m'T├¬nis'[39m,
  format: [32m'BEST_OF_3'[39m,
  players: { p1: [32m'Player 1'[39m, p2: [32m'Player 2'[39m },
  status: [32m'IN_PROGRESS'[39m,
  matchState: {
    sets: { PLAYER_1: [33m0[39m, PLAYER_2: [33m0[39m },
    currentSet: [33m1[39m,
    currentSetState: { games: [36m[Object][39m },
    currentGame: { points: [36m[Object][39m, server: [32m'PLAYER_1'[39m, isTiebreak: [33mfalse[39m },
    server: [32m'PLAYER_1'[39m,
    isFinished: [33mfalse[39m,
    config: {},
    startedAt: [32m'2026-02-24T21:37:07.422Z'[39m
  }
}
[ScoreboardV2] Retomando partida com estado: {
  sets: { PLAYER_1: [33m0[39m, PLAYER_2: [33m0[39m },
  currentSet: [33m1[39m,
  currentSetState: { games: { PLAYER_1: [33m0[39m, PLAYER_2: [33m0[39m } },
  currentGame: {
    points: { PLAYER_1: [32m'0'[39m, PLAYER_2: [32m'0'[39m },
    server: [32m'PLAYER_1'[39m,
    isTiebreak: [33mfalse[39m
  },
  server: [32m'PLAYER_1'[39m,
  isFinished: [33mfalse[39m,
  config: {},
  startedAt: [32m'2026-02-24T21:37:07.422Z'[39m
}

[90mstdout[2m | src/pages/__tests__/ScoreboardV2.test.tsx[2m > [22m[2mScoreboardV2 - Ace Button Behavior[2m > [22m[2mIntegration with existing tests[2m > [22m[2mmaintains existing point buttons functionality
[22m[39m[ScoreboardV2] Iniciando carregamento da partida test-match-id
[ScoreboardV2] Buscando estado do backend para a partida test-match-id

[90mstdout[2m | src/pages/__tests__/ScoreboardV2.test.tsx[2m > [22m[2mScoreboardV2 - Ace Button Behavior[2m > [22m[2mIntegration with existing tests[2m > [22m[2mmaintains existing point buttons functionality
[22m[39m[ScoreboardV2] Dados da partida carregados: {
  id: [32m'test-match-id'[39m,
  sportType: [32m'T├¬nis'[39m,
  format: [32m'BEST_OF_3'[39m,
  players: { p1: [32m'Jogador 1'[39m, p2: [32m'Jogador 2'[39m },
  status: [32m'IN_PROGRESS'[39m,
  matchState: {
    sets: { PLAYER_1: [33m0[39m, PLAYER_2: [33m0[39m },
    currentSet: [33m1[39m,
    currentSetState: { games: [36m[Object][39m },
    currentGame: { points: [36m[Object][39m, server: [32m'PLAYER_1'[39m, isTiebreak: [33mfalse[39m },
    server: [32m'PLAYER_1'[39m,
    isFinished: [33mfalse[39m,
    config: {},
    startedAt: [32m'2026-02-24T21:37:07.422Z'[39m
  }
}
[ScoreboardV2] Retomando partida com estado: {
  sets: { PLAYER_1: [33m0[39m, PLAYER_2: [33m0[39m },
  currentSet: [33m1[39m,
  currentSetState: { games: { PLAYER_1: [33m0[39m, PLAYER_2: [33m0[39m } },
  currentGame: {
    points: { PLAYER_1: [32m'0'[39m, PLAYER_2: [32m'0'[39m },
    server: [32m'PLAYER_1'[39m,
    isTiebreak: [33mfalse[39m
  },
  server: [32m'PLAYER_1'[39m,
  isFinished: [33mfalse[39m,
  config: {},
  startedAt: [32m'2026-02-24T21:37:07.422Z'[39m
}

stderr | src/pages/__tests__/MatchSetup.test.tsx > MatchSetup - Match Creation Flow > Match creation and navigation > creates match and navigates without showing alert
ÔÜá´©Å React Router Future Flag Warning: React Router will begin wrapping state updates in `React.startTransition` in v7. You can use the `v7_startTransition` future flag to opt-in early. For more information, see https://reactrouter.com/v6/upgrading/future#v7_starttransition.
ÔÜá´©Å React Router Future Flag Warning: Relative route resolution within Splat routes is changing in v7. You can use the `v7_relativeSplatPath` future flag to opt-in early. For more information, see https://reactrouter.com/v6/upgrading/future#v7_relativesplatpath.

[90mstdout[2m | src/pages/__tests__/MatchSetup.test.tsx[2m > [22m[2mMatchSetup - Match Creation Flow[2m > [22m[2mMatch creation and navigation[2m > [22m[2mcreates match and navigates without showing alert
[22m[39maxios.post retornou: {
  id: [32m'test-match-id'[39m,
  sportType: [32m'TENNIS'[39m,
  format: [32m'BEST_OF_3'[39m,
  players: { p1: [32m'Jogador 1'[39m, p2: [32m'Jogador 2'[39m },
  status: [32m'NOT_STARTED'[39m
}

[90mstdout[2m | src/pages/__tests__/ScoreboardV2.test.tsx[2m > [22m[2mScoreboardV2 - Ace Button Behavior[2m > [22m[2mIntegration with existing tests[2m > [22m[2mmaintains existing point buttons functionality
[22m[39m[ScoreboardV2] Adicionando ponto para PLAYER_1 {
  serve: { isFirstServe: [33mtrue[39m, type: [32m'SERVICE_WINNER'[39m },
  result: { winner: [32m'PLAYER_1'[39m, type: [32m'WINNER'[39m },
  rally: { ballExchanges: [33m1[39m }
}

[90mstdout[2m | src/pages/__tests__/ScoreboardV2.test.tsx[2m > [22m[2mScoreboardV2 - Ace Button Behavior[2m > [22m[2mIntegration with existing tests[2m > [22m[2mmaintains existing point buttons functionality
[22m[39m[ScoreboardV2] Reset de serveStep para none (j├í estava none)
[ScoreboardV2] Ponto adicionado com sucesso para PLAYER_1

stderr | src/pages/__tests__/MatchSetup.test.tsx > MatchSetup - Match Creation Flow > Match creation and navigation > handles API errors gracefully
Erro ao criar a partida: Error: API Error
    at C:/apps/Racket/Racket/frontend/src/pages/__tests__/MatchSetup.test.tsx:119:45
    at file:///C:/apps/Racket/Racket/node_modules/.pnpm/@vitest+runner@4.0.8/node_modules/@vitest/runner/dist/index.js:157:11
    at file:///C:/apps/Racket/Racket/node_modules/.pnpm/@vitest+runner@4.0.8/node_modules/@vitest/runner/dist/index.js:753:26
    at file:///C:/apps/Racket/Racket/node_modules/.pnpm/@vitest+runner@4.0.8/node_modules/@vitest/runner/dist/index.js:1636:20
    at new Promise (<anonymous>)
    at runWithTimeout (file:///C:/apps/Racket/Racket/node_modules/.pnpm/@vitest+runner@4.0.8/node_modules/@vitest/runner/dist/index.js:1602:10)
    at runTest (file:///C:/apps/Racket/Racket/node_modules/.pnpm/@vitest+runner@4.0.8/node_modules/@vitest/runner/dist/index.js:1309:12)
    at runSuite (file:///C:/apps/Racket/Racket/node_modules/.pnpm/@vitest+runner@4.0.8/node_modules/@vitest/runner/dist/index.js:1468:8)
    at runSuite (file:///C:/apps/Racket/Racket/node_modules/.pnpm/@vitest+runner@4.0.8/node_modules/@vitest/runner/dist/index.js:1468:8)
    at runSuite (file:///C:/apps/Racket/Racket/node_modules/.pnpm/@vitest+runner@4.0.8/node_modules/@vitest/runner/dist/index.js:1468:8)

[90mstdout[2m | src/pages/__tests__/ScoreboardV2.test.tsx[2m > [22m[2mScoreboardV2 - Button Alignment Based on Server[2m > [22m[2maligns quick action buttons to the left when PLAYER_1 is serving
[22m[39m[ScoreboardV2] Iniciando carregamento da partida test-match-id
[ScoreboardV2] Buscando estado do backend para a partida test-match-id

[90mstdout[2m | src/pages/__tests__/ScoreboardV2.test.tsx[2m > [22m[2mScoreboardV2 - Button Alignment Based on Server[2m > [22m[2maligns quick action buttons to the left when PLAYER_1 is serving
[22m[39m[ScoreboardV2] Dados da partida carregados: {
  id: [32m'test-match-id'[39m,
  sportType: [32m'T├¬nis'[39m,
  format: [32m'BEST_OF_3'[39m,
  players: { p1: [32m'Jogador 1'[39m, p2: [32m'Jogador 2'[39m },
  status: [32m'IN_PROGRESS'[39m,
  matchState: {
    sets: { PLAYER_1: [33m0[39m, PLAYER_2: [33m0[39m },
    currentSet: [33m1[39m,
    currentSetState: { games: [36m[Object][39m },
    currentGame: { points: [36m[Object][39m, server: [32m'PLAYER_1'[39m, isTiebreak: [33mfalse[39m },
    server: [32m'PLAYER_1'[39m,
    isFinished: [33mfalse[39m,
    config: {},
    startedAt: [32m'2026-02-24T21:37:07.422Z'[39m
  }
}
[ScoreboardV2] Retomando partida com estado: {
  sets: { PLAYER_1: [33m0[39m, PLAYER_2: [33m0[39m },
  currentSet: [33m1[39m,
  currentSetState: { games: { PLAYER_1: [33m0[39m, PLAYER_2: [33m0[39m } },
  currentGame: {
    points: { PLAYER_1: [32m'0'[39m, PLAYER_2: [32m'0'[39m },
    server: [32m'PLAYER_1'[39m,
    isTiebreak: [33mfalse[39m
  },
  server: [32m'PLAYER_1'[39m,
  isFinished: [33mfalse[39m,
  config: {},
  startedAt: [32m'2026-02-24T21:37:07.422Z'[39m
}

[90mstdout[2m | src/pages/__tests__/ScoreboardV2.test.tsx[2m > [22m[2mScoreboardV2 - Button Alignment Based on Server[2m > [22m[2maligns quick action buttons to the right when PLAYER_2 is serving
[22m[39m[ScoreboardV2] Iniciando carregamento da partida test-match-id
[ScoreboardV2] Buscando estado do backend para a partida test-match-id

[90mstdout[2m | src/pages/__tests__/ScoreboardV2.test.tsx[2m > [22m[2mScoreboardV2 - Button Alignment Based on Server[2m > [22m[2maligns quick action buttons to the right when PLAYER_2 is serving
[22m[39m[ScoreboardV2] Dados da partida carregados: {
  id: [32m'test-match-id'[39m,
  sportType: [32m'T├¬nis'[39m,
  format: [32m'BEST_OF_3'[39m,
  players: { p1: [32m'Jogador 1'[39m, p2: [32m'Jogador 2'[39m },
  status: [32m'IN_PROGRESS'[39m,
  matchState: {
    sets: { PLAYER_1: [33m0[39m, PLAYER_2: [33m0[39m },
    currentSet: [33m1[39m,
    currentSetState: { games: [36m[Object][39m },
    currentGame: { points: [36m[Object][39m, server: [32m'PLAYER_1'[39m, isTiebreak: [33mfalse[39m },
    server: [32m'PLAYER_1'[39m,
    isFinished: [33mfalse[39m,
    config: {},
    startedAt: [32m'2026-02-24T21:37:07.422Z'[39m
  }
}
[ScoreboardV2] Retomando partida com estado: {
  sets: { PLAYER_1: [33m0[39m, PLAYER_2: [33m0[39m },
  currentSet: [33m1[39m,
  currentSetState: { games: { PLAYER_1: [33m0[39m, PLAYER_2: [33m0[39m } },
  currentGame: {
    points: { PLAYER_1: [32m'0'[39m, PLAYER_2: [32m'0'[39m },
    server: [32m'PLAYER_1'[39m,
    isTiebreak: [33mfalse[39m
  },
  server: [32m'PLAYER_1'[39m,
  isFinished: [33mfalse[39m,
  config: {},
  startedAt: [32m'2026-02-24T21:37:07.422Z'[39m
}

[90mstdout[2m | src/pages/__tests__/ScoreboardV2.server-effect.test.tsx[2m > [22m[2mScoreboardV2 - ServerEffect Integration[2m > [22m[2mConfirma├º├úo de pontos[2m > [22m[2mmarca ponto de Ace no 2┬║ saque corretamente para o sacador
[22m[39m[ScoreboardV2] Adicionando ponto para PLAYER_1 {
  serve: {
    type: [32m'ACE'[39m,
    isFirstServe: [33mfalse[39m,
    serveEffect: [32m'Chapado'[39m,
    direction: [32m'Fechado'[39m
  },
  result: { winner: [32m'PLAYER_1'[39m, type: [32m'WINNER'[39m },
  rally: { ballExchanges: [33m1[39m }
}

[90mstdout[2m | src/pages/__tests__/ScoreboardV2.server-effect.test.tsx[2m > [22m[2mScoreboardV2 - ServerEffect Integration[2m > [22m[2mConfirma├º├úo de pontos[2m > [22m[2mmarca ponto de Ace no 2┬║ saque corretamente para o sacador
[22m[39m[ScoreboardV2] Ponto adicionado com sucesso para PLAYER_1

[90mstdout[2m | src/pages/__tests__/ScoreboardV2.server-effect.test.tsx[2m > [22m[2mScoreboardV2 - ServerEffect Integration[2m > [22m[2mConfirma├º├úo de pontos[2m > [22m[2mmarca ponto de dupla falta automaticamente sem modal
[22m[39m[ScoreboardV2] Iniciando carregamento da partida test-match-id
[ScoreboardV2] Buscando estado do backend para a partida test-match-id

[90mstdout[2m | src/pages/__tests__/ScoreboardV2.server-effect.test.tsx[2m > [22m[2mScoreboardV2 - ServerEffect Integration[2m > [22m[2mConfirma├º├úo de pontos[2m > [22m[2mmarca ponto de dupla falta automaticamente sem modal
[22m[39m[ScoreboardV2] Dados da partida carregados: {
  id: [32m'test-match-id'[39m,
  sportType: [32m'T├¬nis'[39m,
  format: [32m'BEST_OF_3'[39m,
  players: { p1: [32m'Player 1'[39m, p2: [32m'Player 2'[39m },
  status: [32m'IN_PROGRESS'[39m,
  matchState: {
    sets: { PLAYER_1: [33m0[39m, PLAYER_2: [33m0[39m },
    currentSet: [33m1[39m,
    currentSetState: { games: [36m[Object][39m },
    currentGame: { points: [36m[Object][39m, server: [32m'PLAYER_1'[39m, isTiebreak: [33mfalse[39m },
    server: [32m'PLAYER_1'[39m,
    isFinished: [33mfalse[39m,
    config: {},
    startedAt: [32m'2026-02-24T21:37:07.422Z'[39m
  }
}
[ScoreboardV2] Retomando partida com estado: {
  sets: { PLAYER_1: [33m0[39m, PLAYER_2: [33m0[39m },
  currentSet: [33m1[39m,
  currentSetState: { games: { PLAYER_1: [33m0[39m, PLAYER_2: [33m0[39m } },
  currentGame: {
    points: { PLAYER_1: [32m'0'[39m, PLAYER_2: [32m'0'[39m },
    server: [32m'PLAYER_1'[39m,
    isTiebreak: [33mfalse[39m
  },
  server: [32m'PLAYER_1'[39m,
  isFinished: [33mfalse[39m,
  config: {},
  startedAt: [32m'2026-02-24T21:37:07.422Z'[39m
}

[90mstdout[2m | src/pages/__tests__/ScoreboardV2.test.tsx[2m > [22m[2mScoreboardV2 - Button Alignment Based on Server[2m > [22m[2mupdates button alignment when server changes after point
[22m[39m[ScoreboardV2] Iniciando carregamento da partida test-match-id
[ScoreboardV2] Buscando estado do backend para a partida test-match-id

[90mstdout[2m | src/pages/__tests__/MatchSetup.test.tsx[2m > [22m[2mMatchSetup - Match Creation Flow[2m > [22m[2mForm validation[2m > [22m[2mallows form submission when both players are selected
[22m[39maxios.post retornou: {
  id: [32m'test-match-id'[39m,
  sportType: [32m'TENNIS'[39m,
  format: [32m'BEST_OF_3'[39m,
  players: { p1: [32m'Jogador 1'[39m, p2: [32m'Jogador 2'[39m },
  status: [32m'NOT_STARTED'[39m
}

[90mstdout[2m | src/pages/__tests__/ScoreboardV2.test.tsx[2m > [22m[2mScoreboardV2 - Button Alignment Based on Server[2m > [22m[2mupdates button alignment when server changes after point
[22m[39m[ScoreboardV2] Dados da partida carregados: {
  id: [32m'test-match-id'[39m,
  sportType: [32m'T├¬nis'[39m,
  format: [32m'BEST_OF_3'[39m,
  players: { p1: [32m'Jogador 1'[39m, p2: [32m'Jogador 2'[39m },
  status: [32m'IN_PROGRESS'[39m,
  matchState: {
    sets: { PLAYER_1: [33m0[39m, PLAYER_2: [33m0[39m },
    currentSet: [33m1[39m,
    currentSetState: { games: [36m[Object][39m },
    currentGame: { points: [36m[Object][39m, server: [32m'PLAYER_1'[39m, isTiebreak: [33mfalse[39m },
    server: [32m'PLAYER_1'[39m,
    isFinished: [33mfalse[39m,
    config: {},
    startedAt: [32m'2026-02-24T21:37:07.422Z'[39m
  }
}
[ScoreboardV2] Retomando partida com estado: {
  sets: { PLAYER_1: [33m0[39m, PLAYER_2: [33m0[39m },
  currentSet: [33m1[39m,
  currentSetState: { games: { PLAYER_1: [33m0[39m, PLAYER_2: [33m0[39m } },
  currentGame: {
    points: { PLAYER_1: [32m'0'[39m, PLAYER_2: [32m'0'[39m },
    server: [32m'PLAYER_1'[39m,
    isTiebreak: [33mfalse[39m
  },
  server: [32m'PLAYER_1'[39m,
  isFinished: [33mfalse[39m,
  config: {},
  startedAt: [32m'2026-02-24T21:37:07.422Z'[39m
}

 [32mÔ£ô[39m src/pages/__tests__/MatchSetup.test.tsx [2m([22m[2m6 tests[22m[2m)[22m[33m 2135[2mms[22m[39m
       [33m[2mÔ£ô[22m[39m creates match and navigates without showing alert [33m 1073[2mms[22m[39m
       [33m[2mÔ£ô[22m[39m validates required player fields [33m 444[2mms[22m[39m
[90mstdout[2m | src/pages/__tests__/ScoreboardV2.test.tsx[2m > [22m[2mScoreboardV2 - Button Alignment Based on Server[2m > [22m[2mupdates button alignment when server changes after point
[22m[39m[ScoreboardV2] Iniciando carregamento da partida test-match-id
[ScoreboardV2] Buscando estado do backend para a partida test-match-id

[90mstdout[2m | src/pages/__tests__/ScoreboardV2.test.tsx[2m > [22m[2mScoreboardV2 - Button Alignment Based on Server[2m > [22m[2mupdates button alignment when server changes after point
[22m[39m[ScoreboardV2] Dados da partida carregados: {
  id: [32m'test-match-id'[39m,
  sportType: [32m'T├¬nis'[39m,
  format: [32m'BEST_OF_3'[39m,
  players: { p1: [32m'Jogador 1'[39m, p2: [32m'Jogador 2'[39m },
  status: [32m'IN_PROGRESS'[39m,
  matchState: {
    sets: { PLAYER_1: [33m0[39m, PLAYER_2: [33m0[39m },
    currentSet: [33m1[39m,
    currentSetState: { games: [36m[Object][39m },
    currentGame: { points: [36m[Object][39m, server: [32m'PLAYER_1'[39m, isTiebreak: [33mfalse[39m },
    server: [32m'PLAYER_1'[39m,
    isFinished: [33mfalse[39m,
    config: {},
    startedAt: [32m'2026-02-24T21:37:07.422Z'[39m
  }
}
[ScoreboardV2] Retomando partida com estado: {
  sets: { PLAYER_1: [33m0[39m, PLAYER_2: [33m0[39m },
  currentSet: [33m1[39m,
  currentSetState: { games: { PLAYER_1: [33m0[39m, PLAYER_2: [33m0[39m } },
  currentGame: {
    points: { PLAYER_1: [32m'0'[39m, PLAYER_2: [32m'0'[39m },
    server: [32m'PLAYER_1'[39m,
    isTiebreak: [33mfalse[39m
  },
  server: [32m'PLAYER_1'[39m,
  isFinished: [33mfalse[39m,
  config: {},
  startedAt: [32m'2026-02-24T21:37:07.422Z'[39m
}

[90mstdout[2m | src/pages/__tests__/ScoreboardV2.server-effect.test.tsx[2m > [22m[2mScoreboardV2 - ServerEffect Integration[2m > [22m[2mConfirma├º├úo de pontos[2m > [22m[2mmarca ponto de dupla falta automaticamente sem modal
[22m[39m[ScoreboardV2] Registrando falta dupla

[90mstdout[2m | src/pages/__tests__/ScoreboardV2.server-effect.test.tsx[2m > [22m[2mScoreboardV2 - ServerEffect Integration[2m > [22m[2mConfirma├º├úo de pontos[2m > [22m[2mmarca ponto de dupla falta automaticamente sem modal
[22m[39m[ScoreboardV2] Falta dupla registrada, ponto para PLAYER_2

 [32mÔ£ô[39m src/pages/__tests__/ScoreboardV2.server-effect.test.tsx [2m([22m[2m8 tests[22m[2m)[22m[33m 7083[2mms[22m[39m
       [33m[2mÔ£ô[22m[39m exibe "1┬║ Saque" e, ap├│s falta, "2┬║ Saque" como bot├Áes informativos sem funcionalidade [33m 2535[2mms[22m[39m
       [33m[2mÔ£ô[22m[39m abre ServerEffectModal ao clicar em Ace no 1┬║ saque [33m 409[2mms[22m[39m
       [33m[2mÔ£ô[22m[39m abre ServerEffectModal ao clicar em Ace no 2┬║ saque [33m 569[2mms[22m[39m
       [33m[2mÔ£ô[22m[39m marca ponto automaticamente ao clicar em Out no 2┬║ saque (dupla falta) [33m 697[2mms[22m[39m
       [33m[2mÔ£ô[22m[39m marca ponto automaticamente ao clicar em Net no 2┬║ saque (dupla falta) [33m 530[2mms[22m[39m
       [33m[2mÔ£ô[22m[39m marca ponto de Ace com detalhes do ServerEffect [33m 725[2mms[22m[39m
       [33m[2mÔ£ô[22m[39m marca ponto de Ace no 2┬║ saque corretamente para o sacador [33m 1059[2mms[22m[39m
       [33m[2mÔ£ô[22m[39m marca ponto de dupla falta automaticamente sem modal [33m 555[2mms[22m[39m
[90mstdout[2m | src/pages/__tests__/Dashboard.test.tsx[2m > [22m[2mDashboard[2m > [22m[2mcalls onStartMatch when clicking on NOT_STARTED match
[22m[39m[Dashboard] Iniciando partida NOT_STARTED: 1

[90mstdout[2m | src/pages/__tests__/Dashboard.test.tsx[2m > [22m[2mDashboard[2m > [22m[2mcalls onContinueMatch when clicking on IN_PROGRESS match
[22m[39m[Dashboard] Continuando partida IN_PROGRESS: 2

 [32mÔ£ô[39m src/components/__tests__/RulesGuide.test.tsx [2m([22m[2m2 tests[22m[2m)[22m[33m 744[2mms[22m[39m
     [33m[2mÔ£ô[22m[39m deve renderizar t├¡tulo e se├º├Áes principais [33m 702[2mms[22m[39m
 [32mÔ£ô[39m src/pages/__tests__/Dashboard.test.tsx [2m([22m[2m17 tests[22m[2m)[22m[33m 963[2mms[22m[39m
 [32mÔ£ô[39m src/Responsiveness.test.tsx [2m([22m[2m3 tests[22m[2m)[22m[33m 598[2mms[22m[39m
     [33m[2mÔ£ô[22m[39m deve aplicar zoom de 0.65 para dispositivos m├│veis [33m 486[2mms[22m[39m
[90mstdout[2m | src/pages/__tests__/ScoreboardV2.test.tsx[2m > [22m[2mScoreboardV2 - Button Alignment Based on Server[2m > [22m[2mupdates button alignment when server changes after point
[22m[39m[ScoreboardV2] Iniciando carregamento da partida test-match-id
[ScoreboardV2] Buscando estado do backend para a partida test-match-id

[90mstdout[2m | src/pages/__tests__/ScoreboardV2.test.tsx[2m > [22m[2mScoreboardV2 - Button Alignment Based on Server[2m > [22m[2mupdates button alignment when server changes after point
[22m[39m[ScoreboardV2] Dados da partida carregados: {
  id: [32m'test-match-id'[39m,
  sportType: [32m'T├¬nis'[39m,
  format: [32m'BEST_OF_3'[39m,
  players: { p1: [32m'Jogador 1'[39m, p2: [32m'Jogador 2'[39m },
  status: [32m'IN_PROGRESS'[39m,
  matchState: {
    sets: { PLAYER_1: [33m0[39m, PLAYER_2: [33m0[39m },
    currentSet: [33m1[39m,
    currentSetState: { games: [36m[Object][39m },
    currentGame: { points: [36m[Object][39m, server: [32m'PLAYER_1'[39m, isTiebreak: [33mfalse[39m },
    server: [32m'PLAYER_1'[39m,
    isFinished: [33mfalse[39m,
    config: {},
    startedAt: [32m'2026-02-24T21:37:07.422Z'[39m
  }
}
[ScoreboardV2] Retomando partida com estado: {
  sets: { PLAYER_1: [33m0[39m, PLAYER_2: [33m0[39m },
  currentSet: [33m1[39m,
  currentSetState: { games: { PLAYER_1: [33m0[39m, PLAYER_2: [33m0[39m } },
  currentGame: {
    points: { PLAYER_1: [32m'0'[39m, PLAYER_2: [32m'0'[39m },
    server: [32m'PLAYER_1'[39m,
    isTiebreak: [33mfalse[39m
  },
  server: [32m'PLAYER_1'[39m,
  isFinished: [33mfalse[39m,
  config: {},
  startedAt: [32m'2026-02-24T21:37:07.422Z'[39m
}

stderr | src/contexts/MatchesContext.test.tsx > MatchesContext > Estado inicial > deve come├ºar com lista vazia
Warning: An update to MatchesProvider inside a test was not wrapped in act(...).

When testing, code that causes React state updates should be wrapped into act(...):

act(() => {
  /* fire events that update state */
});
/* assert on the output */

This ensures that you're testing the behavior the user would see in the browser. Learn more at https://reactjs.org/link/wrap-tests-with-act
    at MatchesProvider (C:/apps/Racket/Racket/frontend/src/contexts/MatchesContext.tsx:14:28)
    at AuthProvider (C:/apps/Racket/Racket/frontend/src/contexts/AuthContext.tsx:10:25)
    at TestWrapper (C:/apps/Racket/Racket/frontend/src/contexts/MatchesContext.test.tsx:36:24)
Warning: An update to MatchesProvider inside a test was not wrapped in act(...).

When testing, code that causes React state updates should be wrapped into act(...):

act(() => {
  /* fire events that update state */
});
/* assert on the output */

This ensures that you're testing the behavior the user would see in the browser. Learn more at https://reactjs.org/link/wrap-tests-with-act
    at MatchesProvider (C:/apps/Racket/Racket/frontend/src/contexts/MatchesContext.tsx:14:28)
    at AuthProvider (C:/apps/Racket/Racket/frontend/src/contexts/AuthContext.tsx:10:25)
    at TestWrapper (C:/apps/Racket/Racket/frontend/src/contexts/MatchesContext.test.tsx:36:24)

stderr | src/contexts/MatchesContext.test.tsx > MatchesContext > Adicionar match > deve adicionar match ├á lista
Warning: An update to MatchesProvider inside a test was not wrapped in act(...).

When testing, code that causes React state updates should be wrapped into act(...):

act(() => {
  /* fire events that update state */
});
/* assert on the output */

This ensures that you're testing the behavior the user would see in the browser. Learn more at https://reactjs.org/link/wrap-tests-with-act
    at MatchesProvider (C:/apps/Racket/Racket/frontend/src/contexts/MatchesContext.tsx:14:28)
    at AuthProvider (C:/apps/Racket/Racket/frontend/src/contexts/AuthContext.tsx:10:25)
    at TestWrapper (C:/apps/Racket/Racket/frontend/src/contexts/MatchesContext.test.tsx:36:24)

stderr | src/contexts/MatchesContext.test.tsx > MatchesContext > Refresh matches > deve recarregar lista de matches
Warning: An update to MatchesProvider inside a test was not wrapped in act(...).

When testing, code that causes React state updates should be wrapped into act(...):

act(() => {
  /* fire events that update state */
});
/* assert on the output */

This ensures that you're testing the behavior the user would see in the browser. Learn more at https://reactjs.org/link/wrap-tests-with-act
    at MatchesProvider (C:/apps/Racket/Racket/frontend/src/contexts/MatchesContext.tsx:14:28)
    at AuthProvider (C:/apps/Racket/Racket/frontend/src/contexts/AuthContext.tsx:10:25)
    at TestWrapper (C:/apps/Racket/Racket/frontend/src/contexts/MatchesContext.test.tsx:36:24)
Warning: An update to MatchesProvider inside a test was not wrapped in act(...).

When testing, code that causes React state updates should be wrapped into act(...):

act(() => {
  /* fire events that update state */
});
/* assert on the output */

This ensures that you're testing the behavior the user would see in the browser. Learn more at https://reactjs.org/link/wrap-tests-with-act
    at MatchesProvider (C:/apps/Racket/Racket/frontend/src/contexts/MatchesContext.tsx:14:28)
    at AuthProvider (C:/apps/Racket/Racket/frontend/src/contexts/AuthContext.tsx:10:25)
    at TestWrapper (C:/apps/Racket/Racket/frontend/src/contexts/MatchesContext.test.tsx:36:24)

Error: useMatches must be used within a MatchesProvider
    at Module.useMatches (C:/apps/Racket/Racket/frontend/src/contexts/MatchesContext.tsx:115:11)
    at OutsideProviderComponent (C:/apps/Racket/Racket/frontend/src/contexts/MatchesContext.test.tsx:233:29)
    at renderWithHooks (C:\apps\Racket\Racket\node_modules\.pnpm\react-dom@18.3.1_react@18.3.1\node_modules\react-dom\cjs\react-dom.development.js:15486:18)
    at mountIndeterminateComponent (C:\apps\Racket\Racket\node_modules\.pnpm\react-dom@18.3.1_react@18.3.1\node_modules\react-dom\cjs\react-dom.development.js:20103:13)
    at beginWork (C:\apps\Racket\Racket\node_modules\.pnpm\react-dom@18.3.1_react@18.3.1\node_modules\react-dom\cjs\react-dom.development.js:21626:16)
    at HTMLUnknownElement.callCallback (C:\apps\Racket\Racket\node_modules\.pnpm\react-dom@18.3.1_react@18.3.1\node_modules\react-dom\cjs\react-dom.development.js:4164:14)
    at HTMLUnknownElement.callTheUserObjectsOperation (C:\apps\Racket\Racket\node_modules\.pnpm\jsdom@27.1.0\node_modules\jsdom\lib\jsdom\living\generated\EventListener.js:26:30)
    at innerInvokeEventListeners (C:\apps\Racket\Racket\node_modules\.pnpm\jsdom@27.1.0\node_modules\jsdom\lib\jsdom\living\events\EventTarget-impl.js:360:16)
    at invokeEventListeners (C:\apps\Racket\Racket\node_modules\.pnpm\jsdom@27.1.0\node_modules\jsdom\lib\jsdom\living\events\EventTarget-impl.js:296:3)
    at HTMLUnknownElementImpl._dispatch (C:\apps\Racket\Racket\node_modules\.pnpm\jsdom@27.1.0\node_modules\jsdom\lib\jsdom\living\events\EventTarget-impl.js:243:9)
Error: useMatches must be used within a MatchesProvider
    at Module.useMatches (C:/apps/Racket/Racket/frontend/src/contexts/MatchesContext.tsx:115:11)
    at OutsideProviderComponent (C:/apps/Racket/Racket/frontend/src/contexts/MatchesContext.test.tsx:233:29)
    at renderWithHooks (C:\apps\Racket\Racket\node_modules\.pnpm\react-dom@18.3.1_react@18.3.1\node_modules\react-dom\cjs\react-dom.development.js:15486:18)
    at mountIndeterminateComponent (C:\apps\Racket\Racket\node_modules\.pnpm\react-dom@18.3.1_react@18.3.1\node_modules\react-dom\cjs\react-dom.development.js:20103:13)
    at beginWork (C:\apps\Racket\Racket\node_modules\.pnpm\react-dom@18.3.1_react@18.3.1\node_modules\react-dom\cjs\react-dom.development.js:21626:16)
    at HTMLUnknownElement.callCallback (C:\apps\Racket\Racket\node_modules\.pnpm\react-dom@18.3.1_react@18.3.1\node_modules\react-dom\cjs\react-dom.development.js:4164:14)
    at HTMLUnknownElement.callTheUserObjectsOperation (C:\apps\Racket\Racket\node_modules\.pnpm\jsdom@27.1.0\node_modules\jsdom\lib\jsdom\living\generated\EventListener.js:26:30)
    at innerInvokeEventListeners (C:\apps\Racket\Racket\node_modules\.pnpm\jsdom@27.1.0\node_modules\jsdom\lib\jsdom\living\events\EventTarget-impl.js:360:16)
    at invokeEventListeners (C:\apps\Racket\Racket\node_modules\.pnpm\jsdom@27.1.0\node_modules\jsdom\lib\jsdom\living\events\EventTarget-impl.js:296:3)
    at HTMLUnknownElementImpl._dispatch (C:\apps\Racket\Racket\node_modules\.pnpm\jsdom@27.1.0\node_modules\jsdom\lib\jsdom\living\events\EventTarget-impl.js:243:9)
 [32mÔ£ô[39m src/contexts/MatchesContext.test.tsx [2m([22m[2m9 tests[22m[2m)[22m[33m 451[2mms[22m[39m
[90mstdout[2m | src/pages/__tests__/ScoreboardV2.test.tsx[2m > [22m[2mScoreboardV2 - Button Alignment Based on Server[2m > [22m[2mScoreboardV2 - Server Alternation and isFirstServe Registration[2m > [22m[2mregisters isFirstServe correctly for points on first serve
[22m[39m[ScoreboardV2] Iniciando carregamento da partida test-match-id
[ScoreboardV2] Buscando estado do backend para a partida test-match-id

[90mstdout[2m | src/pages/__tests__/ScoreboardV2.test.tsx[2m > [22m[2mScoreboardV2 - Button Alignment Based on Server[2m > [22m[2mScoreboardV2 - Server Alternation and isFirstServe Registration[2m > [22m[2mregisters isFirstServe correctly for points on first serve
[22m[39m[ScoreboardV2] Dados da partida carregados: {
  id: [32m'test-match-id'[39m,
  sportType: [32m'T├¬nis'[39m,
  format: [32m'BEST_OF_3'[39m,
  players: { p1: [32m'Jogador 1'[39m, p2: [32m'Jogador 2'[39m },
  status: [32m'IN_PROGRESS'[39m,
  matchState: {
    sets: { PLAYER_1: [33m0[39m, PLAYER_2: [33m0[39m },
    currentSet: [33m1[39m,
    currentSetState: { games: [36m[Object][39m },
    currentGame: { points: [36m[Object][39m, server: [32m'PLAYER_1'[39m, isTiebreak: [33mfalse[39m },
    server: [32m'PLAYER_1'[39m,
    isFinished: [33mfalse[39m,
    config: {},
    startedAt: [32m'2026-02-24T21:37:07.422Z'[39m
  }
}
[ScoreboardV2] Retomando partida com estado: {
  sets: { PLAYER_1: [33m0[39m, PLAYER_2: [33m0[39m },
  currentSet: [33m1[39m,
  currentSetState: { games: { PLAYER_1: [33m0[39m, PLAYER_2: [33m0[39m } },
  currentGame: {
    points: { PLAYER_1: [32m'0'[39m, PLAYER_2: [32m'0'[39m },
    server: [32m'PLAYER_1'[39m,
    isTiebreak: [33mfalse[39m
  },
  server: [32m'PLAYER_1'[39m,
  isFinished: [33mfalse[39m,
  config: {},
  startedAt: [32m'2026-02-24T21:37:07.422Z'[39m
}

[90mstdout[2m | src/pages/__tests__/ScoreboardV2.test.tsx[2m > [22m[2mScoreboardV2 - Button Alignment Based on Server[2m > [22m[2mScoreboardV2 - Server Alternation and isFirstServe Registration[2m > [22m[2mregisters isFirstServe correctly for points on first serve
[22m[39m[ScoreboardV2] Adicionando ponto para PLAYER_2 {
  serve: { isFirstServe: [33mtrue[39m, type: [32m'SERVICE_WINNER'[39m },
  result: { winner: [32m'PLAYER_2'[39m, type: [32m'WINNER'[39m },
  rally: { ballExchanges: [33m1[39m }
}

[90mstdout[2m | src/pages/__tests__/ScoreboardV2.test.tsx[2m > [22m[2mScoreboardV2 - Button Alignment Based on Server[2m > [22m[2mScoreboardV2 - Server Alternation and isFirstServe Registration[2m > [22m[2mregisters isFirstServe correctly for points on first serve
[22m[39m[ScoreboardV2] Reset de serveStep para none (j├í estava none)
[ScoreboardV2] Ponto adicionado com sucesso para PLAYER_2

[90mstdout[2m | src/pages/__tests__/ScoreboardV2.test.tsx[2m > [22m[2mScoreboardV2 - Button Alignment Based on Server[2m > [22m[2mScoreboardV2 - Server Alternation and isFirstServe Registration[2m > [22m[2mregisters isFirstServe correctly for points on second serve
[22m[39m[ScoreboardV2] Iniciando carregamento da partida test-match-id
[ScoreboardV2] Buscando estado do backend para a partida test-match-id

[90mstdout[2m | src/pages/__tests__/ScoreboardV2.test.tsx[2m > [22m[2mScoreboardV2 - Button Alignment Based on Server[2m > [22m[2mScoreboardV2 - Server Alternation and isFirstServe Registration[2m > [22m[2mregisters isFirstServe correctly for points on second serve
[22m[39m[ScoreboardV2] Dados da partida carregados: {
  id: [32m'test-match-id'[39m,
  sportType: [32m'T├¬nis'[39m,
  format: [32m'BEST_OF_3'[39m,
  players: { p1: [32m'Jogador 1'[39m, p2: [32m'Jogador 2'[39m },
  status: [32m'IN_PROGRESS'[39m,
  matchState: {
    sets: { PLAYER_1: [33m0[39m, PLAYER_2: [33m0[39m },
    currentSet: [33m1[39m,
    currentSetState: { games: [36m[Object][39m },
    currentGame: { points: [36m[Object][39m, server: [32m'PLAYER_1'[39m, isTiebreak: [33mfalse[39m },
    server: [32m'PLAYER_1'[39m,
    isFinished: [33mfalse[39m,
    config: {},
    startedAt: [32m'2026-02-24T21:37:07.422Z'[39m
  }
}
[ScoreboardV2] Retomando partida com estado: {
  sets: { PLAYER_1: [33m0[39m, PLAYER_2: [33m0[39m },
  currentSet: [33m1[39m,
  currentSetState: { games: { PLAYER_1: [33m0[39m, PLAYER_2: [33m0[39m } },
  currentGame: {
    points: { PLAYER_1: [32m'0'[39m, PLAYER_2: [32m'0'[39m },
    server: [32m'PLAYER_1'[39m,
    isTiebreak: [33mfalse[39m
  },
  server: [32m'PLAYER_1'[39m,
  isFinished: [33mfalse[39m,
  config: {},
  startedAt: [32m'2026-02-24T21:37:07.422Z'[39m
}

[90mstdout[2m | src/contexts/__tests__/NavigationContext.test.tsx
[22m[39mresetGlobalMocks registrada no global/globalThis.

Error: useAuth must be used within an AuthProvider
    at Module.useAuth (C:/apps/Racket/Racket/frontend/src/contexts/AuthContext.tsx:131:11)
    at OutsideProviderComponent (C:/apps/Racket/Racket/frontend/src/contexts/AuthContext.test.tsx:194:37)
    at renderWithHooks (C:\apps\Racket\Racket\node_modules\.pnpm\react-dom@18.3.1_react@18.3.1\node_modules\react-dom\cjs\react-dom.development.js:15486:18)
    at mountIndeterminateComponent (C:\apps\Racket\Racket\node_modules\.pnpm\react-dom@18.3.1_react@18.3.1\node_modules\react-dom\cjs\react-dom.development.js:20103:13)
    at beginWork (C:\apps\Racket\Racket\node_modules\.pnpm\react-dom@18.3.1_react@18.3.1\node_modules\react-dom\cjs\react-dom.development.js:21626:16)
    at HTMLUnknownElement.callCallback (C:\apps\Racket\Racket\node_modules\.pnpm\react-dom@18.3.1_react@18.3.1\node_modules\react-dom\cjs\react-dom.development.js:4164:14)
    at HTMLUnknownElement.callTheUserObjectsOperation (C:\apps\Racket\Racket\node_modules\.pnpm\jsdom@27.1.0\node_modules\jsdom\lib\jsdom\living\generated\EventListener.js:26:30)
    at innerInvokeEventListeners (C:\apps\Racket\Racket\node_modules\.pnpm\jsdom@27.1.0\node_modules\jsdom\lib\jsdom\living\events\EventTarget-impl.js:360:16)
    at invokeEventListeners (C:\apps\Racket\Racket\node_modules\.pnpm\jsdom@27.1.0\node_modules\jsdom\lib\jsdom\living\events\EventTarget-impl.js:296:3)
    at HTMLUnknownElementImpl._dispatch (C:\apps\Racket\Racket\node_modules\.pnpm\jsdom@27.1.0\node_modules\jsdom\lib\jsdom\living\events\EventTarget-impl.js:243:9)
Error: useAuth must be used within an AuthProvider
    at Module.useAuth (C:/apps/Racket/Racket/frontend/src/contexts/AuthContext.tsx:131:11)
    at OutsideProviderComponent (C:/apps/Racket/Racket/frontend/src/contexts/AuthContext.test.tsx:194:37)
    at renderWithHooks (C:\apps\Racket\Racket\node_modules\.pnpm\react-dom@18.3.1_react@18.3.1\node_modules\react-dom\cjs\react-dom.development.js:15486:18)
    at mountIndeterminateComponent (C:\apps\Racket\Racket\node_modules\.pnpm\react-dom@18.3.1_react@18.3.1\node_modules\react-dom\cjs\react-dom.development.js:20103:13)
    at beginWork (C:\apps\Racket\Racket\node_modules\.pnpm\react-dom@18.3.1_react@18.3.1\node_modules\react-dom\cjs\react-dom.development.js:21626:16)
    at HTMLUnknownElement.callCallback (C:\apps\Racket\Racket\node_modules\.pnpm\react-dom@18.3.1_react@18.3.1\node_modules\react-dom\cjs\react-dom.development.js:4164:14)
    at HTMLUnknownElement.callTheUserObjectsOperation (C:\apps\Racket\Racket\node_modules\.pnpm\jsdom@27.1.0\node_modules\jsdom\lib\jsdom\living\generated\EventListener.js:26:30)
    at innerInvokeEventListeners (C:\apps\Racket\Racket\node_modules\.pnpm\jsdom@27.1.0\node_modules\jsdom\lib\jsdom\living\events\EventTarget-impl.js:360:16)
    at invokeEventListeners (C:\apps\Racket\Racket\node_modules\.pnpm\jsdom@27.1.0\node_modules\jsdom\lib\jsdom\living\events\EventTarget-impl.js:296:3)
    at HTMLUnknownElementImpl._dispatch (C:\apps\Racket\Racket\node_modules\.pnpm\jsdom@27.1.0\node_modules\jsdom\lib\jsdom\living\events\EventTarget-impl.js:243:9)
 [32mÔ£ô[39m src/contexts/AuthContext.test.tsx [2m([22m[2m9 tests[22m[2m)[22m[33m 392[2mms[22m[39m
[90mstdout[2m | src/pages/__tests__/ScoreboardV2.test.tsx[2m > [22m[2mScoreboardV2 - Button Alignment Based on Server[2m > [22m[2mScoreboardV2 - Server Alternation and isFirstServe Registration[2m > [22m[2mregisters isFirstServe correctly for points on second serve
[22m[39m[ScoreboardV2] Adicionando ponto para PLAYER_2 {
  serve: { isFirstServe: [33mfalse[39m, type: [32m'SERVICE_WINNER'[39m },
  result: { winner: [32m'PLAYER_2'[39m, type: [32m'WINNER'[39m },
  rally: { ballExchanges: [33m1[39m }
}

[90mstdout[2m | src/pages/__tests__/ScoreboardV2.test.tsx[2m > [22m[2mScoreboardV2 - Button Alignment Based on Server[2m > [22m[2mScoreboardV2 - Server Alternation and isFirstServe Registration[2m > [22m[2mregisters isFirstServe correctly for points on second serve
[22m[39m[ScoreboardV2] Ponto adicionado com sucesso para PLAYER_2

[90mstdout[2m | src/pages/__tests__/ScoreboardV2.test.tsx[2m > [22m[2mScoreboardV2 - Button Alignment Based on Server[2m > [22m[2mScoreboardV2 - Server Alternation and isFirstServe Registration[2m > [22m[2malternates server correctly when returner wins point on first serve
[22m[39m[ScoreboardV2] Iniciando carregamento da partida test-match-id
[ScoreboardV2] Buscando estado do backend para a partida test-match-id

[90mstdout[2m | src/pages/__tests__/ScoreboardV2.test.tsx[2m > [22m[2mScoreboardV2 - Button Alignment Based on Server[2m > [22m[2mScoreboardV2 - Server Alternation and isFirstServe Registration[2m > [22m[2malternates server correctly when returner wins point on first serve
[22m[39m[ScoreboardV2] Dados da partida carregados: {
  id: [32m'test-match-id'[39m,
  sportType: [32m'T├¬nis'[39m,
  format: [32m'BEST_OF_3'[39m,
  players: { p1: [32m'Jogador 1'[39m, p2: [32m'Jogador 2'[39m },
  status: [32m'IN_PROGRESS'[39m,
  matchState: {
    sets: { PLAYER_1: [33m0[39m, PLAYER_2: [33m0[39m },
    currentSet: [33m1[39m,
    currentSetState: { games: [36m[Object][39m },
    currentGame: { points: [36m[Object][39m, server: [32m'PLAYER_1'[39m, isTiebreak: [33mfalse[39m },
    server: [32m'PLAYER_1'[39m,
    isFinished: [33mfalse[39m,
    config: {},
    startedAt: [32m'2026-02-24T21:37:07.422Z'[39m
  }
}
[ScoreboardV2] Retomando partida com estado: {
  sets: { PLAYER_1: [33m0[39m, PLAYER_2: [33m0[39m },
  currentSet: [33m1[39m,
  currentSetState: { games: { PLAYER_1: [33m0[39m, PLAYER_2: [33m0[39m } },
  currentGame: {
    points: { PLAYER_1: [32m'0'[39m, PLAYER_2: [32m'0'[39m },
    server: [32m'PLAYER_1'[39m,
    isTiebreak: [33mfalse[39m
  },
  server: [32m'PLAYER_1'[39m,
  isFinished: [33mfalse[39m,
  config: {},
  startedAt: [32m'2026-02-24T21:37:07.422Z'[39m
}

[90mstdout[2m | src/hooks/__tests__/useRealtimeMatch.test.ts[2m > [22m[2museRealtimeMatch[2m > [22m[2mdeve inicializar com estado correto
[22m[39m[useRealtimeMatch] Iniciando monitoramento para partida test-match-id

[90mstdout[2m | src/hooks/__tests__/useRealtimeMatch.test.ts[2m > [22m[2museRealtimeMatch[2m > [22m[2mdeve inicializar com estado correto
[22m[39m[useRealtimeMatch] Limpando monitoramento para partida test-match-id

[90mstdout[2m | src/hooks/__tests__/useRealtimeMatch.test.ts[2m > [22m[2museRealtimeMatch[2m > [22m[2mdeve iniciar monitoramento quando matchId ├® fornecido
[22m[39m[useRealtimeMatch] Iniciando monitoramento para partida test-match-id
[useRealtimeMatch] Estado atualizado para partida test-match-id: { status: [32m'IN_PROGRESS'[39m, lastUpdate: [35m2026-02-24T21:37:18.933Z[39m }

[90mstdout[2m | src/hooks/__tests__/useRealtimeMatch.test.ts[2m > [22m[2museRealtimeMatch[2m > [22m[2mdeve iniciar monitoramento quando matchId ├® fornecido
[22m[39m[useRealtimeMatch] Limpando monitoramento para partida test-match-id

[90mstdout[2m | src/hooks/__tests__/useRealtimeMatch.test.ts[2m > [22m[2museRealtimeMatch[2m > [22m[2mdeve atualizar estado quando recebe atualiza├º├úo
[22m[39m[useRealtimeMatch] Iniciando monitoramento para partida test-match-id
[useRealtimeMatch] Estado atualizado para partida test-match-id: {
  status: [32m'IN_PROGRESS'[39m,
  lastUpdate: [35m2026-02-24T21:37:18.988Z[39m,
  sets: { PLAYER_1: [33m0[39m, PLAYER_2: [33m0[39m }
}

[90mstdout[2m | src/hooks/__tests__/useRealtimeMatch.test.ts[2m > [22m[2museRealtimeMatch[2m > [22m[2mdeve atualizar estado quando recebe atualiza├º├úo
[22m[39m[useRealtimeMatch] Limpando monitoramento para partida test-match-id

[90mstdout[2m | src/hooks/__tests__/useRealtimeMatch.test.ts[2m > [22m[2museRealtimeMatch[2m > [22m[2mdeve lidar com erros durante o monitoramento
[22m[39m[useRealtimeMatch] Iniciando monitoramento para partida test-match-id

stderr | src/hooks/__tests__/useRealtimeMatch.test.ts > useRealtimeMatch > deve lidar com erros durante o monitoramento
[useRealtimeMatch] Erro no monitoramento da partida test-match-id: Error: Erro de conex├úo
    at C:/apps/Racket/Racket/frontend/src/hooks/__tests__/useRealtimeMatch.test.ts:99:23
    at file:///C:/apps/Racket/Racket/node_modules/.pnpm/@vitest+runner@4.0.8/node_modules/@vitest/runner/dist/index.js:157:11
    at file:///C:/apps/Racket/Racket/node_modules/.pnpm/@vitest+runner@4.0.8/node_modules/@vitest/runner/dist/index.js:753:26
    at file:///C:/apps/Racket/Racket/node_modules/.pnpm/@vitest+runner@4.0.8/node_modules/@vitest/runner/dist/index.js:1636:20
    at new Promise (<anonymous>)
    at runWithTimeout (file:///C:/apps/Racket/Racket/node_modules/.pnpm/@vitest+runner@4.0.8/node_modules/@vitest/runner/dist/index.js:1602:10)
    at runTest (file:///C:/apps/Racket/Racket/node_modules/.pnpm/@vitest+runner@4.0.8/node_modules/@vitest/runner/dist/index.js:1309:12)
    at runSuite (file:///C:/apps/Racket/Racket/node_modules/.pnpm/@vitest+runner@4.0.8/node_modules/@vitest/runner/dist/index.js:1468:8)
    at runSuite (file:///C:/apps/Racket/Racket/node_modules/.pnpm/@vitest+runner@4.0.8/node_modules/@vitest/runner/dist/index.js:1468:8)
    at runFiles (file:///C:/apps/Racket/Racket/node_modules/.pnpm/@vitest+runner@4.0.8/node_modules/@vitest/runner/dist/index.js:1526:3)

[90mstdout[2m | src/pages/__tests__/ScoreboardV2.test.tsx[2m > [22m[2mScoreboardV2 - Button Alignment Based on Server[2m > [22m[2mScoreboardV2 - Server Alternation and isFirstServe Registration[2m > [22m[2malternates server correctly when returner wins point on first serve
[22m[39m[ScoreboardV2] Adicionando ponto para PLAYER_2 {
  serve: { isFirstServe: [33mtrue[39m, type: [32m'SERVICE_WINNER'[39m },
  result: { winner: [32m'PLAYER_2'[39m, type: [32m'WINNER'[39m },
  rally: { ballExchanges: [33m1[39m }
}

[90mstdout[2m | src/pages/__tests__/ScoreboardV2.test.tsx[2m > [22m[2mScoreboardV2 - Button Alignment Based on Server[2m > [22m[2mScoreboardV2 - Server Alternation and isFirstServe Registration[2m > [22m[2malternates server correctly when returner wins point on first serve
[22m[39m[ScoreboardV2] Reset de serveStep para none (j├í estava none)
[ScoreboardV2] Ponto adicionado com sucesso para PLAYER_2

[90mstdout[2m | src/pages/__tests__/ScoreboardV2.test.tsx[2m > [22m[2mScoreboardV2 - Button Alignment Based on Server[2m > [22m[2mScoreboardV2 - Server Alternation and isFirstServe Registration[2m > [22m[2malternates server correctly when returner wins point on first serve
[22m[39m[ScoreboardV2] Iniciando carregamento da partida test-match-id
[ScoreboardV2] Buscando estado do backend para a partida test-match-id

[90mstdout[2m | src/pages/__tests__/ScoreboardV2.test.tsx[2m > [22m[2mScoreboardV2 - Button Alignment Based on Server[2m > [22m[2mScoreboardV2 - Server Alternation and isFirstServe Registration[2m > [22m[2malternates server correctly when returner wins point on first serve
[22m[39m[ScoreboardV2] Dados da partida carregados: {
  id: [32m'test-match-id'[39m,
  sportType: [32m'T├¬nis'[39m,
  format: [32m'BEST_OF_3'[39m,
  players: { p1: [32m'Jogador 1'[39m, p2: [32m'Jogador 2'[39m },
  status: [32m'IN_PROGRESS'[39m,
  matchState: {
    sets: { PLAYER_1: [33m0[39m, PLAYER_2: [33m0[39m },
    currentSet: [33m1[39m,
    currentSetState: { games: [36m[Object][39m },
    currentGame: { points: [36m[Object][39m, server: [32m'PLAYER_1'[39m, isTiebreak: [33mfalse[39m },
    server: [32m'PLAYER_1'[39m,
    isFinished: [33mfalse[39m,
    config: {},
    startedAt: [32m'2026-02-24T21:37:07.422Z'[39m
  }
}
[ScoreboardV2] Retomando partida com estado: {
  sets: { PLAYER_1: [33m0[39m, PLAYER_2: [33m0[39m },
  currentSet: [33m1[39m,
  currentSetState: { games: { PLAYER_1: [33m0[39m, PLAYER_2: [33m0[39m } },
  currentGame: {
    points: { PLAYER_1: [32m'0'[39m, PLAYER_2: [32m'0'[39m },
    server: [32m'PLAYER_1'[39m,
    isTiebreak: [33mfalse[39m
  },
  server: [32m'PLAYER_1'[39m,
  isFinished: [33mfalse[39m,
  config: {},
  startedAt: [32m'2026-02-24T21:37:07.422Z'[39m
}

[90mstdout[2m | src/hooks/__tests__/useRealtimeMatch.test.ts[2m > [22m[2museRealtimeMatch[2m > [22m[2mdeve lidar com erros durante o monitoramento
[22m[39m[useRealtimeMatch] Limpando monitoramento para partida test-match-id

[90mstdout[2m | src/hooks/__tests__/useRealtimeMatch.test.ts[2m > [22m[2museRealtimeMatch[2m > [22m[2mdeve atualizar estado via updateState
[22m[39m[useRealtimeMatch] Iniciando monitoramento para partida test-match-id
[useRealtimeMatch] Atualizando estado para partida test-match-id: { status: [32m'FINISHED'[39m }

[90mstdout[2m | src/pages/__tests__/ScoreboardV2.test.tsx[2m > [22m[2mScoreboardV2 - Button Alignment Based on Server[2m > [22m[2mScoreboardV2 - Server Alternation and isFirstServe Registration[2m > [22m[2mmaintains isFirstServe consistency in point button clicks
[22m[39m[ScoreboardV2] Iniciando carregamento da partida test-match-id
[ScoreboardV2] Buscando estado do backend para a partida test-match-id

[90mstdout[2m | src/hooks/__tests__/useRealtimeMatch.test.ts[2m > [22m[2museRealtimeMatch[2m > [22m[2mdeve atualizar estado via updateState
[22m[39m[useRealtimeMatch] Limpando monitoramento para partida test-match-id

[90mstdout[2m | src/hooks/__tests__/useRealtimeMatch.test.ts[2m > [22m[2museRealtimeMatch[2m > [22m[2mdeve lidar com erros em updateState
[22m[39m[useRealtimeMatch] Iniciando monitoramento para partida test-match-id
[useRealtimeMatch] Atualizando estado para partida test-match-id: { status: [32m'FINISHED'[39m }

[90mstdout[2m | src/pages/__tests__/ScoreboardV2.test.tsx[2m > [22m[2mScoreboardV2 - Button Alignment Based on Server[2m > [22m[2mScoreboardV2 - Server Alternation and isFirstServe Registration[2m > [22m[2mmaintains isFirstServe consistency in point button clicks
[22m[39m[ScoreboardV2] Dados da partida carregados: {
  id: [32m'test-match-id'[39m,
  sportType: [32m'T├¬nis'[39m,
  format: [32m'BEST_OF_3'[39m,
  players: { p1: [32m'Jogador 1'[39m, p2: [32m'Jogador 2'[39m },
  status: [32m'IN_PROGRESS'[39m,
  matchState: {
    sets: { PLAYER_1: [33m0[39m, PLAYER_2: [33m0[39m },
    currentSet: [33m1[39m,
    currentSetState: { games: [36m[Object][39m },
    currentGame: { points: [36m[Object][39m, server: [32m'PLAYER_1'[39m, isTiebreak: [33mfalse[39m },
    server: [32m'PLAYER_1'[39m,
    isFinished: [33mfalse[39m,
    config: {},
    startedAt: [32m'2026-02-24T21:37:07.422Z'[39m
  }
}
[ScoreboardV2] Retomando partida com estado: {
  sets: { PLAYER_1: [33m0[39m, PLAYER_2: [33m0[39m },
  currentSet: [33m1[39m,
  currentSetState: { games: { PLAYER_1: [33m0[39m, PLAYER_2: [33m0[39m } },
  currentGame: {
    points: { PLAYER_1: [32m'0'[39m, PLAYER_2: [32m'0'[39m },
    server: [32m'PLAYER_1'[39m,
    isTiebreak: [33mfalse[39m
  },
  server: [32m'PLAYER_1'[39m,
  isFinished: [33mfalse[39m,
  config: {},
  startedAt: [32m'2026-02-24T21:37:07.422Z'[39m
}

stderr | src/hooks/__tests__/useRealtimeMatch.test.ts > useRealtimeMatch > deve lidar com erros em updateState
[useRealtimeMatch] Erro ao atualizar estado da partida test-match-id: Error: Erro ao atualizar
    at C:/apps/Racket/Racket/frontend/src/hooks/__tests__/useRealtimeMatch.test.ts:135:23
    at file:///C:/apps/Racket/Racket/node_modules/.pnpm/@vitest+runner@4.0.8/node_modules/@vitest/runner/dist/index.js:157:11
    at file:///C:/apps/Racket/Racket/node_modules/.pnpm/@vitest+runner@4.0.8/node_modules/@vitest/runner/dist/index.js:753:26
    at file:///C:/apps/Racket/Racket/node_modules/.pnpm/@vitest+runner@4.0.8/node_modules/@vitest/runner/dist/index.js:1636:20
    at new Promise (<anonymous>)
    at runWithTimeout (file:///C:/apps/Racket/Racket/node_modules/.pnpm/@vitest+runner@4.0.8/node_modules/@vitest/runner/dist/index.js:1602:10)
    at runTest (file:///C:/apps/Racket/Racket/node_modules/.pnpm/@vitest+runner@4.0.8/node_modules/@vitest/runner/dist/index.js:1309:12)
    at runSuite (file:///C:/apps/Racket/Racket/node_modules/.pnpm/@vitest+runner@4.0.8/node_modules/@vitest/runner/dist/index.js:1468:8)
    at runSuite (file:///C:/apps/Racket/Racket/node_modules/.pnpm/@vitest+runner@4.0.8/node_modules/@vitest/runner/dist/index.js:1468:8)
    at runFiles (file:///C:/apps/Racket/Racket/node_modules/.pnpm/@vitest+runner@4.0.8/node_modules/@vitest/runner/dist/index.js:1526:3)

[90mstdout[2m | src/hooks/__tests__/useRealtimeMatch.test.ts[2m > [22m[2museRealtimeMatch[2m > [22m[2mdeve lidar com erros em updateState
[22m[39m[useRealtimeMatch] Limpando monitoramento para partida test-match-id

stderr | src/hooks/__tests__/useRealtimeMatch.test.ts > useRealtimeMatch > n├úo deve atualizar estado sem matchId
[useRealtimeMatch] Tentativa de atualizar estado sem matchId

[90mstdout[2m | src/hooks/__tests__/useRealtimeMatch.test.ts[2m > [22m[2museRealtimeMatch[2m > [22m[2mdeve limpar monitoramento ao desmontar
[22m[39m[useRealtimeMatch] Iniciando monitoramento para partida test-match-id
[useRealtimeMatch] Limpando monitoramento para partida test-match-id

[90mstdout[2m | src/hooks/__tests__/useRealtimeMatch.test.ts[2m > [22m[2museRealtimeMatch[2m > [22m[2mdeve reiniciar monitoramento quando matchId muda
[22m[39m[useRealtimeMatch] Iniciando monitoramento para partida match-1
[useRealtimeMatch] Limpando monitoramento para partida match-1
[useRealtimeMatch] Iniciando monitoramento para partida match-2

[90mstdout[2m | src/hooks/__tests__/useRealtimeMatch.test.ts[2m > [22m[2museRealtimeMatch[2m > [22m[2mdeve reiniciar monitoramento quando matchId muda
[22m[39m[useRealtimeMatch] Limpando monitoramento para partida match-2

 [32mÔ£ô[39m src/hooks/__tests__/useRealtimeMatch.test.ts [2m([22m[2m10 tests[22m[2m)[22m[33m 382[2mms[22m[39m
[90mstdout[2m | src/pages/__tests__/ScoreboardV2.test.tsx[2m > [22m[2mScoreboardV2 - Button Alignment Based on Server[2m > [22m[2mScoreboardV2 - Server Alternation and isFirstServe Registration[2m > [22m[2mmaintains isFirstServe consistency in point button clicks
[22m[39m[ScoreboardV2] Adicionando ponto para PLAYER_1 {
  serve: { isFirstServe: [33mtrue[39m, type: [32m'SERVICE_WINNER'[39m },
  result: { winner: [32m'PLAYER_1'[39m, type: [32m'WINNER'[39m },
  rally: { ballExchanges: [33m1[39m }
}

[90mstdout[2m | src/pages/__tests__/ScoreboardV2.test.tsx[2m > [22m[2mScoreboardV2 - Button Alignment Based on Server[2m > [22m[2mScoreboardV2 - Server Alternation and isFirstServe Registration[2m > [22m[2mmaintains isFirstServe consistency in point button clicks
[22m[39m[ScoreboardV2] Reset de serveStep para none (j├í estava none)
[ScoreboardV2] Ponto adicionado com sucesso para PLAYER_1

[90mstdout[2m | src/pages/__tests__/ScoreboardV2.test.tsx[2m > [22m[2mScoreboardV2 - Button Alignment Based on Server[2m > [22m[2mScoreboardV2 - Server Alternation and isFirstServe Registration[2m > [22m[2mmaintains isFirstServe consistency for second serve point buttons
[22m[39m[ScoreboardV2] Iniciando carregamento da partida test-match-id
[ScoreboardV2] Buscando estado do backend para a partida test-match-id

[90mstdout[2m | src/pages/__tests__/ScoreboardV2.test.tsx[2m > [22m[2mScoreboardV2 - Button Alignment Based on Server[2m > [22m[2mScoreboardV2 - Server Alternation and isFirstServe Registration[2m > [22m[2mmaintains isFirstServe consistency for second serve point buttons
[22m[39m[ScoreboardV2] Dados da partida carregados: {
  id: [32m'test-match-id'[39m,
  sportType: [32m'T├¬nis'[39m,
  format: [32m'BEST_OF_3'[39m,
  players: { p1: [32m'Jogador 1'[39m, p2: [32m'Jogador 2'[39m },
  status: [32m'IN_PROGRESS'[39m,
  matchState: {
    sets: { PLAYER_1: [33m0[39m, PLAYER_2: [33m0[39m },
    currentSet: [33m1[39m,
    currentSetState: { games: [36m[Object][39m },
    currentGame: { points: [36m[Object][39m, server: [32m'PLAYER_1'[39m, isTiebreak: [33mfalse[39m },
    server: [32m'PLAYER_1'[39m,
    isFinished: [33mfalse[39m,
    config: {},
    startedAt: [32m'2026-02-24T21:37:07.422Z'[39m
  }
}
[ScoreboardV2] Retomando partida com estado: {
  sets: { PLAYER_1: [33m0[39m, PLAYER_2: [33m0[39m },
  currentSet: [33m1[39m,
  currentSetState: { games: { PLAYER_1: [33m0[39m, PLAYER_2: [33m0[39m } },
  currentGame: {
    points: { PLAYER_1: [32m'0'[39m, PLAYER_2: [32m'0'[39m },
    server: [32m'PLAYER_1'[39m,
    isTiebreak: [33mfalse[39m
  },
  server: [32m'PLAYER_1'[39m,
  isFinished: [33mfalse[39m,
  config: {},
  startedAt: [32m'2026-02-24T21:37:07.422Z'[39m
}

[90mstdout[2m | src/pages/__tests__/ScoreboardV2.test.tsx[2m > [22m[2mScoreboardV2 - Button Alignment Based on Server[2m > [22m[2mScoreboardV2 - Server Alternation and isFirstServe Registration[2m > [22m[2mmaintains isFirstServe consistency for second serve point buttons
[22m[39m[ScoreboardV2] Adicionando ponto para PLAYER_1 {
  serve: { isFirstServe: [33mfalse[39m, type: [32m'SERVICE_WINNER'[39m },
  result: { winner: [32m'PLAYER_1'[39m, type: [32m'WINNER'[39m },
  rally: { ballExchanges: [33m1[39m }
}

[90mstdout[2m | src/pages/__tests__/ScoreboardV2.test.tsx[2m > [22m[2mScoreboardV2 - Button Alignment Based on Server[2m > [22m[2mScoreboardV2 - Server Alternation and isFirstServe Registration[2m > [22m[2mmaintains isFirstServe consistency for second serve point buttons
[22m[39m[ScoreboardV2] Ponto adicionado com sucesso para PLAYER_1

[90mstdout[2m | src/pages/__tests__/ScoreboardV2.test.tsx[2m > [22m[2mScoreboardV2 - Restaura├º├úo de Estado e Fluxos[2m > [22m[2mprioriza estado passado via navigation state
[22m[39m[ScoreboardV2] Iniciando carregamento da partida test-match-id
[ScoreboardV2] Usando estado inicial fornecido pela navega├º├úo para a partida test-match-id
[ScoreboardV2] Dados da partida carregados: {
  id: [32m'test-match-id'[39m,
  sportType: [32m'T├¬nis'[39m,
  format: [32m'BEST_OF_3'[39m,
  players: { p1: [32m'Jogador 1'[39m, p2: [32m'Jogador 2'[39m },
  status: [32m'IN_PROGRESS'[39m,
  matchState: {
    sets: { PLAYER_1: [33m0[39m, PLAYER_2: [33m0[39m },
    currentSet: [33m1[39m,
    currentSetState: { games: [36m[Object][39m },
    currentGame: { points: [36m[Object][39m, server: [32m'PLAYER_1'[39m, isTiebreak: [33mfalse[39m },
    server: [32m'PLAYER_1'[39m,
    isFinished: [33mfalse[39m,
    config: { format: [32m'BEST_OF_3'[39m },
    startedAt: [32m'2026-02-24T21:37:07.422Z'[39m
  }
}
[ScoreboardV2] Retomando partida com estado: {
  sets: { PLAYER_1: [33m0[39m, PLAYER_2: [33m0[39m },
  currentSet: [33m1[39m,
  currentSetState: { games: { PLAYER_1: [33m0[39m, PLAYER_2: [33m0[39m } },
  currentGame: {
    points: { PLAYER_1: [32m'0'[39m, PLAYER_2: [32m'0'[39m },
    server: [32m'PLAYER_1'[39m,
    isTiebreak: [33mfalse[39m
  },
  server: [32m'PLAYER_1'[39m,
  isFinished: [33mfalse[39m,
  config: { format: [32m'BEST_OF_3'[39m },
  startedAt: [32m'2026-02-24T21:37:07.422Z'[39m
}

[90mstdout[2m | src/pages/__tests__/ScoreboardV2.test.tsx[2m > [22m[2mScoreboardV2 - Restaura├º├úo de Estado e Fluxos[2m > [22m[2mrestaura estado profundo do backend quando n├úo h├í navigation state
[22m[39m[ScoreboardV2] Iniciando carregamento da partida test-match-id
[ScoreboardV2] Usando estado inicial fornecido pela navega├º├úo para a partida test-match-id
[ScoreboardV2] Dados da partida carregados: {
  id: [32m'test-match-id'[39m,
  sportType: [32m'T├¬nis'[39m,
  format: [32m'BEST_OF_3'[39m,
  players: { p1: [32m'Jogador 1'[39m, p2: [32m'Jogador 2'[39m },
  status: [32m'IN_PROGRESS'[39m,
  matchState: {
    sets: { PLAYER_1: [33m0[39m, PLAYER_2: [33m0[39m },
    currentSet: [33m1[39m,
    currentSetState: { games: [36m[Object][39m },
    currentGame: { points: [36m[Object][39m, server: [32m'PLAYER_1'[39m, isTiebreak: [33mfalse[39m },
    server: [32m'PLAYER_1'[39m,
    isFinished: [33mfalse[39m,
    config: { format: [32m'BEST_OF_3'[39m },
    startedAt: [32m'2026-02-24T21:37:07.422Z'[39m
  }
}
[ScoreboardV2] Retomando partida com estado: {
  sets: { PLAYER_1: [33m0[39m, PLAYER_2: [33m0[39m },
  currentSet: [33m1[39m,
  currentSetState: { games: { PLAYER_1: [33m0[39m, PLAYER_2: [33m0[39m } },
  currentGame: {
    points: { PLAYER_1: [32m'0'[39m, PLAYER_2: [32m'0'[39m },
    server: [32m'PLAYER_1'[39m,
    isTiebreak: [33mfalse[39m
  },
  server: [32m'PLAYER_1'[39m,
  isFinished: [33mfalse[39m,
  config: { format: [32m'BEST_OF_3'[39m },
  startedAt: [32m'2026-02-24T21:37:07.422Z'[39m
}

[90mstdout[2m | src/pages/__tests__/ScoreboardV2.test.tsx[2m > [22m[2mScoreboardV2 - Restaura├º├úo de Estado e Fluxos[2m > [22m[2mredireciona para dashboard se partida finalizada
[22m[39m[ScoreboardV2] Iniciando carregamento da partida test-match-id
[ScoreboardV2] Buscando estado do backend para a partida test-match-id

stderr | src/pages/__tests__/ScoreboardV2.test.tsx > ScoreboardV2 - Restaura├º├úo de Estado e Fluxos > redireciona para dashboard se partida finalizada
[ScoreboardV2] Tentativa de carregar partida finalizada test-match-id - redirecionando para dashboard
[ScoreboardV2] scoringSystem est├í undefined {
  matchData: {
    id: 'test-match-id',
    sportType: 'T├¬nis',
    format: 'BEST_OF_3',
    players: { p1: 'Jogador 1', p2: 'Jogador 2' },
    status: 'FINISHED',
    matchState: {
      sets: [Object],
      currentSet: 1,
      currentSetState: [Object],
      currentGame: [Object],
      server: 'PLAYER_1',
      isFinished: false,
      config: [Object],
      startedAt: '2026-02-24T21:37:07.422Z'
    }
  }
}

[90mstdout[2m | src/pages/__tests__/ScoreboardV2.test.tsx[2m > [22m[2mScoreboardV2 - Restaura├º├úo de Estado e Fluxos[2m > [22m[2mredireciona para dashboard se partida finalizada
[22m[39m[ScoreboardV2] Dados da partida carregados: {
  id: [32m'test-match-id'[39m,
  sportType: [32m'T├¬nis'[39m,
  format: [32m'BEST_OF_3'[39m,
  players: { p1: [32m'Jogador 1'[39m, p2: [32m'Jogador 2'[39m },
  status: [32m'FINISHED'[39m,
  matchState: {
    sets: { PLAYER_1: [33m0[39m, PLAYER_2: [33m0[39m },
    currentSet: [33m1[39m,
    currentSetState: { games: [36m[Object][39m },
    currentGame: { points: [36m[Object][39m, server: [32m'PLAYER_1'[39m, isTiebreak: [33mfalse[39m },
    server: [32m'PLAYER_1'[39m,
    isFinished: [33mfalse[39m,
    config: { format: [32m'BEST_OF_3'[39m },
    startedAt: [32m'2026-02-24T21:37:07.422Z'[39m
  }
}

[90mstdout[2m | src/pages/__tests__/ScoreboardV2.test.tsx[2m > [22m[2mScoreboardV2 - Restaura├º├úo de Estado e Fluxos[2m > [22m[2mabre setup se partida n├úo iniciada
[22m[39m[ScoreboardV2] Iniciando carregamento da partida test-match-id
[ScoreboardV2] Buscando estado do backend para a partida test-match-id

[90mstdout[2m | src/pages/__tests__/ScoreboardV2.test.tsx[2m > [22m[2mScoreboardV2 - Restaura├º├úo de Estado e Fluxos[2m > [22m[2mabre setup se partida n├úo iniciada
[22m[39m[ScoreboardV2] Dados da partida carregados: {
  id: [32m'test-match-id'[39m,
  sportType: [32m'T├¬nis'[39m,
  format: [32m'BEST_OF_3'[39m,
  players: { p1: [32m'Jogador 1'[39m, p2: [32m'Jogador 2'[39m },
  status: [32m'NOT_STARTED'[39m,
  matchState: {
    sets: { PLAYER_1: [33m0[39m, PLAYER_2: [33m0[39m },
    currentSet: [33m1[39m,
    currentSetState: { games: [36m[Object][39m },
    currentGame: { points: [36m[Object][39m, server: [32m'PLAYER_1'[39m, isTiebreak: [33mfalse[39m },
    server: [32m'PLAYER_1'[39m,
    isFinished: [33mfalse[39m,
    config: { format: [32m'BEST_OF_3'[39m },
    startedAt: [32m'2026-02-24T21:37:07.422Z'[39m
  }
}
[ScoreboardV2] Partida n├úo iniciada, abrindo setup

 [32mÔ£ô[39m src/contexts/__tests__/NavigationContext.test.tsx [2m([22m[2m5 tests[22m[2m)[22m[32m 216[2mms[22m[39m
[90mstdout[2m | src/pages/__tests__/ScoreboardV2.test.tsx[2m > [22m[2mScoreboardV2 - Restaura├º├úo de Estado e Fluxos[2m > [22m[2mFinaliza├º├úo Autom├ítica de Partida[2m > [22m[2mexibe banner de vit├│ria quando partida ├® finalizada por regras do jogo
[22m[39m[ScoreboardV2] Iniciando carregamento da partida test-match-id
[ScoreboardV2] Buscando estado do backend para a partida test-match-id

[90mstdout[2m | src/pages/__tests__/ScoreboardV2.test.tsx[2m > [22m[2mScoreboardV2 - Restaura├º├úo de Estado e Fluxos[2m > [22m[2mFinaliza├º├úo Autom├ítica de Partida[2m > [22m[2mexibe banner de vit├│ria quando partida ├® finalizada por regras do jogo
[22m[39m[ScoreboardV2] Dados da partida carregados: {
  id: [32m'test-match-id'[39m,
  sportType: [32m'T├¬nis'[39m,
  format: [32m'BEST_OF_3'[39m,
  players: { p1: [32m'Jogador 1'[39m, p2: [32m'Jogador 2'[39m },
  status: [32m'IN_PROGRESS'[39m,
  matchState: {
    sets: { PLAYER_1: [33m0[39m, PLAYER_2: [33m0[39m },
    currentSet: [33m1[39m,
    currentSetState: { games: [36m[Object][39m },
    currentGame: { points: [36m[Object][39m, server: [32m'PLAYER_1'[39m, isTiebreak: [33mfalse[39m },
    server: [32m'PLAYER_1'[39m,
    isFinished: [33mfalse[39m,
    config: {},
    startedAt: [32m'2026-02-24T21:37:07.422Z'[39m
  }
}
[ScoreboardV2] Retomando partida com estado: {
  sets: { PLAYER_1: [33m0[39m, PLAYER_2: [33m0[39m },
  currentSet: [33m1[39m,
  currentSetState: { games: { PLAYER_1: [33m0[39m, PLAYER_2: [33m0[39m } },
  currentGame: {
    points: { PLAYER_1: [32m'0'[39m, PLAYER_2: [32m'0'[39m },
    server: [32m'PLAYER_1'[39m,
    isTiebreak: [33mfalse[39m
  },
  server: [32m'PLAYER_1'[39m,
  isFinished: [33mfalse[39m,
  config: {},
  startedAt: [32m'2026-02-24T21:37:07.422Z'[39m
}

[90mstdout[2m | src/pages/__tests__/ScoreboardV2.test.tsx[2m > [22m[2mScoreboardV2 - Restaura├º├úo de Estado e Fluxos[2m > [22m[2mFinaliza├º├úo Autom├ítica de Partida[2m > [22m[2mexibe banner de vit├│ria quando partida ├® finalizada por regras do jogo
[22m[39m[ScoreboardV2] Iniciando carregamento da partida test-match-id
[ScoreboardV2] Buscando estado do backend para a partida test-match-id

[90mstdout[2m | src/pages/__tests__/ScoreboardV2.test.tsx[2m > [22m[2mScoreboardV2 - Restaura├º├úo de Estado e Fluxos[2m > [22m[2mFinaliza├º├úo Autom├ítica de Partida[2m > [22m[2mexibe banner de vit├│ria quando partida ├® finalizada por regras do jogo
[22m[39m[ScoreboardV2] Dados da partida carregados: {
  id: [32m'test-match-id'[39m,
  sportType: [32m'T├¬nis'[39m,
  format: [32m'BEST_OF_3'[39m,
  players: { p1: [32m'Jogador 1'[39m, p2: [32m'Jogador 2'[39m },
  status: [32m'IN_PROGRESS'[39m,
  matchState: {
    sets: { PLAYER_1: [33m0[39m, PLAYER_2: [33m0[39m },
    currentSet: [33m1[39m,
    currentSetState: { games: [36m[Object][39m },
    currentGame: { points: [36m[Object][39m, server: [32m'PLAYER_1'[39m, isTiebreak: [33mfalse[39m },
    server: [32m'PLAYER_1'[39m,
    isFinished: [33mfalse[39m,
    config: {},
    startedAt: [32m'2026-02-24T21:37:07.422Z'[39m
  }
}
[ScoreboardV2] Retomando partida com estado: {
  sets: { PLAYER_1: [33m0[39m, PLAYER_2: [33m0[39m },
  currentSet: [33m1[39m,
  currentSetState: { games: { PLAYER_1: [33m0[39m, PLAYER_2: [33m0[39m } },
  currentGame: {
    points: { PLAYER_1: [32m'0'[39m, PLAYER_2: [32m'0'[39m },
    server: [32m'PLAYER_1'[39m,
    isTiebreak: [33mfalse[39m
  },
  server: [32m'PLAYER_1'[39m,
  isFinished: [33mfalse[39m,
  config: {},
  startedAt: [32m'2026-02-24T21:37:07.422Z'[39m
}

[90mstdout[2m | src/pages/__tests__/ScoreboardV2.test.tsx[2m > [22m[2mScoreboardV2 - Restaura├º├úo de Estado e Fluxos[2m > [22m[2mFinaliza├º├úo Autom├ítica de Partida[2m > [22m[2mexibe bot├Áes de a├º├úo ap├│s finaliza├º├úo
[22m[39m[ScoreboardV2] Iniciando carregamento da partida test-match-id
[ScoreboardV2] Buscando estado do backend para a partida test-match-id

[90mstdout[2m | src/pages/__tests__/ScoreboardV2.test.tsx[2m > [22m[2mScoreboardV2 - Restaura├º├úo de Estado e Fluxos[2m > [22m[2mFinaliza├º├úo Autom├ítica de Partida[2m > [22m[2mexibe bot├Áes de a├º├úo ap├│s finaliza├º├úo
[22m[39m[ScoreboardV2] Dados da partida carregados: {
  id: [32m'test-match-id'[39m,
  sportType: [32m'T├¬nis'[39m,
  format: [32m'BEST_OF_3'[39m,
  players: { p1: [32m'Jogador 1'[39m, p2: [32m'Jogador 2'[39m },
  status: [32m'IN_PROGRESS'[39m,
  matchState: {
    sets: { PLAYER_1: [33m0[39m, PLAYER_2: [33m0[39m },
    currentSet: [33m1[39m,
    currentSetState: { games: [36m[Object][39m },
    currentGame: { points: [36m[Object][39m, server: [32m'PLAYER_1'[39m, isTiebreak: [33mfalse[39m },
    server: [32m'PLAYER_1'[39m,
    isFinished: [33mfalse[39m,
    config: {},
    startedAt: [32m'2026-02-24T21:37:07.422Z'[39m
  }
}
[ScoreboardV2] Retomando partida com estado: {
  sets: { PLAYER_1: [33m0[39m, PLAYER_2: [33m0[39m },
  currentSet: [33m1[39m,
  currentSetState: { games: { PLAYER_1: [33m0[39m, PLAYER_2: [33m0[39m } },
  currentGame: {
    points: { PLAYER_1: [32m'0'[39m, PLAYER_2: [32m'0'[39m },
    server: [32m'PLAYER_1'[39m,
    isTiebreak: [33mfalse[39m
  },
  server: [32m'PLAYER_1'[39m,
  isFinished: [33mfalse[39m,
  config: {},
  startedAt: [32m'2026-02-24T21:37:07.422Z'[39m
}

stderr | src/contexts/NavigationContext.test.tsx > NavigationContext > deve fornecer fun├º├Áes de navega├º├úo
ÔÜá´©Å React Router Future Flag Warning: React Router will begin wrapping state updates in `React.startTransition` in v7. You can use the `v7_startTransition` future flag to opt-in early. For more information, see https://reactrouter.com/v6/upgrading/future#v7_starttransition.
ÔÜá´©Å React Router Future Flag Warning: Relative route resolution within Splat routes is changing in v7. You can use the `v7_relativeSplatPath` future flag to opt-in early. For more information, see https://reactrouter.com/v6/upgrading/future#v7_relativesplatpath.

[90mstdout[2m | src/pages/__tests__/ScoreboardV2.test.tsx[2m > [22m[2mScoreboardV2 - Restaura├º├úo de Estado e Fluxos[2m > [22m[2mFinaliza├º├úo Autom├ítica de Partida[2m > [22m[2mexibe bot├Áes de a├º├úo ap├│s finaliza├º├úo
[22m[39m[ScoreboardV2] Iniciando carregamento da partida test-match-id
[ScoreboardV2] Buscando estado do backend para a partida test-match-id

[90mstdout[2m | src/pages/__tests__/ScoreboardV2.test.tsx[2m > [22m[2mScoreboardV2 - Restaura├º├úo de Estado e Fluxos[2m > [22m[2mFinaliza├º├úo Autom├ítica de Partida[2m > [22m[2mexibe bot├Áes de a├º├úo ap├│s finaliza├º├úo
[22m[39m[ScoreboardV2] Dados da partida carregados: {
  id: [32m'test-match-id'[39m,
  sportType: [32m'T├¬nis'[39m,
  format: [32m'BEST_OF_3'[39m,
  players: { p1: [32m'Jogador 1'[39m, p2: [32m'Jogador 2'[39m },
  status: [32m'IN_PROGRESS'[39m,
  matchState: {
    sets: { PLAYER_1: [33m0[39m, PLAYER_2: [33m0[39m },
    currentSet: [33m1[39m,
    currentSetState: { games: [36m[Object][39m },
    currentGame: { points: [36m[Object][39m, server: [32m'PLAYER_1'[39m, isTiebreak: [33mfalse[39m },
    server: [32m'PLAYER_1'[39m,
    isFinished: [33mfalse[39m,
    config: {},
    startedAt: [32m'2026-02-24T21:37:07.422Z'[39m
  }
}
[ScoreboardV2] Retomando partida com estado: {
  sets: { PLAYER_1: [33m0[39m, PLAYER_2: [33m0[39m },
  currentSet: [33m1[39m,
  currentSetState: { games: { PLAYER_1: [33m0[39m, PLAYER_2: [33m0[39m } },
  currentGame: {
    points: { PLAYER_1: [32m'0'[39m, PLAYER_2: [32m'0'[39m },
    server: [32m'PLAYER_1'[39m,
    isTiebreak: [33mfalse[39m
  },
  server: [32m'PLAYER_1'[39m,
  isFinished: [33mfalse[39m,
  config: {},
  startedAt: [32m'2026-02-24T21:37:07.422Z'[39m
}

Error: useNavigation must be used within a NavigationProvider
    at Module.useNavigation (C:/apps/Racket/Racket/frontend/src/contexts/NavigationContext.tsx:76:11)
    at OutsideProviderComponent (C:/apps/Racket/Racket/frontend/src/contexts/NavigationContext.test.tsx:126:28)
    at renderWithHooks (C:\apps\Racket\Racket\node_modules\.pnpm\react-dom@18.3.1_react@18.3.1\node_modules\react-dom\cjs\react-dom.development.js:15486:18)
    at mountIndeterminateComponent (C:\apps\Racket\Racket\node_modules\.pnpm\react-dom@18.3.1_react@18.3.1\node_modules\react-dom\cjs\react-dom.development.js:20103:13)
    at beginWork (C:\apps\Racket\Racket\node_modules\.pnpm\react-dom@18.3.1_react@18.3.1\node_modules\react-dom\cjs\react-dom.development.js:21626:16)
    at HTMLUnknownElement.callCallback (C:\apps\Racket\Racket\node_modules\.pnpm\react-dom@18.3.1_react@18.3.1\node_modules\react-dom\cjs\react-dom.development.js:4164:14)
    at HTMLUnknownElement.callTheUserObjectsOperation (C:\apps\Racket\Racket\node_modules\.pnpm\jsdom@27.1.0\node_modules\jsdom\lib\jsdom\living\generated\EventListener.js:26:30)
    at innerInvokeEventListeners (C:\apps\Racket\Racket\node_modules\.pnpm\jsdom@27.1.0\node_modules\jsdom\lib\jsdom\living\events\EventTarget-impl.js:360:16)
    at invokeEventListeners (C:\apps\Racket\Racket\node_modules\.pnpm\jsdom@27.1.0\node_modules\jsdom\lib\jsdom\living\events\EventTarget-impl.js:296:3)
    at HTMLUnknownElementImpl._dispatch (C:\apps\Racket\Racket\node_modules\.pnpm\jsdom@27.1.0\node_modules\jsdom\lib\jsdom\living\events\EventTarget-impl.js:243:9)
stderr | src/__tests__/regression.test.jsx > Testes de Regress├úo - Funcionalidades Cr├¡ticas > Dashboard - Listagem de Partidas > dashboard deve mostrar 'Minhas Partidas' quando renderizado
ÔÜá´©Å React Router Future Flag Warning: React Router will begin wrapping state updates in `React.startTransition` in v7. You can use the `v7_startTransition` future flag to opt-in early. For more information, see https://reactrouter.com/v6/upgrading/future#v7_starttransition.
ÔÜá´©Å React Router Future Flag Warning: Relative route resolution within Splat routes is changing in v7. You can use the `v7_relativeSplatPath` future flag to opt-in early. For more information, see https://reactrouter.com/v6/upgrading/future#v7_relativesplatpath.

Error: useNavigation must be used within a NavigationProvider
    at Module.useNavigation (C:/apps/Racket/Racket/frontend/src/contexts/NavigationContext.tsx:76:11)
    at OutsideProviderComponent (C:/apps/Racket/Racket/frontend/src/contexts/NavigationContext.test.tsx:126:28)
    at renderWithHooks (C:\apps\Racket\Racket\node_modules\.pnpm\react-dom@18.3.1_react@18.3.1\node_modules\react-dom\cjs\react-dom.development.js:15486:18)
    at mountIndeterminateComponent (C:\apps\Racket\Racket\node_modules\.pnpm\react-dom@18.3.1_react@18.3.1\node_modules\react-dom\cjs\react-dom.development.js:20103:13)
    at beginWork (C:\apps\Racket\Racket\node_modules\.pnpm\react-dom@18.3.1_react@18.3.1\node_modules\react-dom\cjs\react-dom.development.js:21626:16)
    at HTMLUnknownElement.callCallback (C:\apps\Racket\Racket\node_modules\.pnpm\react-dom@18.3.1_react@18.3.1\node_modules\react-dom\cjs\react-dom.development.js:4164:14)
    at HTMLUnknownElement.callTheUserObjectsOperation (C:\apps\Racket\Racket\node_modules\.pnpm\jsdom@27.1.0\node_modules\jsdom\lib\jsdom\living\generated\EventListener.js:26:30)
    at innerInvokeEventListeners (C:\apps\Racket\Racket\node_modules\.pnpm\jsdom@27.1.0\node_modules\jsdom\lib\jsdom\living\events\EventTarget-impl.js:360:16)
    at invokeEventListeners (C:\apps\Racket\Racket\node_modules\.pnpm\jsdom@27.1.0\node_modules\jsdom\lib\jsdom\living\events\EventTarget-impl.js:296:3)
    at HTMLUnknownElementImpl._dispatch (C:\apps\Racket\Racket\node_modules\.pnpm\jsdom@27.1.0\node_modules\jsdom\lib\jsdom\living\events\EventTarget-impl.js:243:9)
 [32mÔ£ô[39m src/contexts/NavigationContext.test.tsx [2m([22m[2m6 tests[22m[2m)[22m[32m 246[2mms[22m[39m
stderr | src/__tests__/regression.test.jsx > Testes de Regress├úo - Funcionalidades Cr├¡ticas > Scoreboard - Renderiza├º├úo B├ísica > deve renderizar scoreboard sem erros
[ScoreboardV2] ID da partida n├úo encontrado na URL
[ScoreboardV2] Renderizando erro: ID da partida n├úo encontrado na URL.

 [32mÔ£ô[39m src/__tests__/regression.test.jsx [2m([22m[2m4 tests[22m[2m)[22m[32m 231[2mms[22m[39m
[90mstdout[2m | src/pages/__tests__/ScoreboardV2.test.tsx[2m > [22m[2mScoreboardV2 - Restaura├º├úo de Estado e Fluxos[2m > [22m[2mFinaliza├º├úo Autom├ítica de Partida[2m > [22m[2mdesabilita bot├Áes de pontua├º├úo ap├│s finaliza├º├úo
[22m[39m[ScoreboardV2] Iniciando carregamento da partida test-match-id
[ScoreboardV2] Buscando estado do backend para a partida test-match-id

[90mstdout[2m | src/pages/__tests__/ScoreboardV2.test.tsx[2m > [22m[2mScoreboardV2 - Restaura├º├úo de Estado e Fluxos[2m > [22m[2mFinaliza├º├úo Autom├ítica de Partida[2m > [22m[2mdesabilita bot├Áes de pontua├º├úo ap├│s finaliza├º├úo
[22m[39m[ScoreboardV2] Dados da partida carregados: {
  id: [32m'test-match-id'[39m,
  sportType: [32m'T├¬nis'[39m,
  format: [32m'BEST_OF_3'[39m,
  players: { p1: [32m'Jogador 1'[39m, p2: [32m'Jogador 2'[39m },
  status: [32m'IN_PROGRESS'[39m,
  matchState: {
    sets: { PLAYER_1: [33m0[39m, PLAYER_2: [33m0[39m },
    currentSet: [33m1[39m,
    currentSetState: { games: [36m[Object][39m },
    currentGame: { points: [36m[Object][39m, server: [32m'PLAYER_1'[39m, isTiebreak: [33mfalse[39m },
    server: [32m'PLAYER_1'[39m,
    isFinished: [33mfalse[39m,
    config: {},
    startedAt: [32m'2026-02-24T21:37:07.422Z'[39m
  }
}
[ScoreboardV2] Retomando partida com estado: {
  sets: { PLAYER_1: [33m0[39m, PLAYER_2: [33m0[39m },
  currentSet: [33m1[39m,
  currentSetState: { games: { PLAYER_1: [33m0[39m, PLAYER_2: [33m0[39m } },
  currentGame: {
    points: { PLAYER_1: [32m'0'[39m, PLAYER_2: [32m'0'[39m },
    server: [32m'PLAYER_1'[39m,
    isTiebreak: [33mfalse[39m
  },
  server: [32m'PLAYER_1'[39m,
  isFinished: [33mfalse[39m,
  config: {},
  startedAt: [32m'2026-02-24T21:37:07.422Z'[39m
}

[90mstdout[2m | src/pages/__tests__/ScoreboardV2.test.tsx[2m > [22m[2mScoreboardV2 - Restaura├º├úo de Estado e Fluxos[2m > [22m[2mFinaliza├º├úo Autom├ítica de Partida[2m > [22m[2mdesabilita bot├Áes de pontua├º├úo ap├│s finaliza├º├úo
[22m[39m[ScoreboardV2] Iniciando carregamento da partida test-match-id
[ScoreboardV2] Buscando estado do backend para a partida test-match-id

[90mstdout[2m | src/pages/__tests__/ScoreboardV2.test.tsx[2m > [22m[2mScoreboardV2 - Restaura├º├úo de Estado e Fluxos[2m > [22m[2mFinaliza├º├úo Autom├ítica de Partida[2m > [22m[2mdesabilita bot├Áes de pontua├º├úo ap├│s finaliza├º├úo
[22m[39m[ScoreboardV2] Dados da partida carregados: {
  id: [32m'test-match-id'[39m,
  sportType: [32m'T├¬nis'[39m,
  format: [32m'BEST_OF_3'[39m,
  players: { p1: [32m'Jogador 1'[39m, p2: [32m'Jogador 2'[39m },
  status: [32m'IN_PROGRESS'[39m,
  matchState: {
    sets: { PLAYER_1: [33m0[39m, PLAYER_2: [33m0[39m },
    currentSet: [33m1[39m,
    currentSetState: { games: [36m[Object][39m },
    currentGame: { points: [36m[Object][39m, server: [32m'PLAYER_1'[39m, isTiebreak: [33mfalse[39m },
    server: [32m'PLAYER_1'[39m,
    isFinished: [33mfalse[39m,
    config: {},
    startedAt: [32m'2026-02-24T21:37:07.422Z'[39m
  }
}
[ScoreboardV2] Retomando partida com estado: {
  sets: { PLAYER_1: [33m0[39m, PLAYER_2: [33m0[39m },
  currentSet: [33m1[39m,
  currentSetState: { games: { PLAYER_1: [33m0[39m, PLAYER_2: [33m0[39m } },
  currentGame: {
    points: { PLAYER_1: [32m'0'[39m, PLAYER_2: [32m'0'[39m },
    server: [32m'PLAYER_1'[39m,
    isTiebreak: [33mfalse[39m
  },
  server: [32m'PLAYER_1'[39m,
  isFinished: [33mfalse[39m,
  config: {},
  startedAt: [32m'2026-02-24T21:37:07.422Z'[39m
}

 [32mÔ£ô[39m src/contexts/__tests__/AuthContext.test.tsx [2m([22m[2m5 tests[22m[2m)[22m[32m 169[2mms[22m[39m
[90mstdout[2m | src/pages/__tests__/ScoreboardV2.test.tsx[2m > [22m[2mScoreboardV2 - Restaura├º├úo de Estado e Fluxos[2m > [22m[2mFinaliza├º├úo Autom├ítica de Partida[2m > [22m[2mfinaliza partida automaticamente quando regras determinam vencedor
[22m[39m[ScoreboardV2] Iniciando carregamento da partida test-match-id
[ScoreboardV2] Buscando estado do backend para a partida test-match-id

[90mstdout[2m | src/pages/__tests__/ScoreboardV2.test.tsx[2m > [22m[2mScoreboardV2 - Restaura├º├úo de Estado e Fluxos[2m > [22m[2mFinaliza├º├úo Autom├ítica de Partida[2m > [22m[2mfinaliza partida automaticamente quando regras determinam vencedor
[22m[39m[ScoreboardV2] Dados da partida carregados: {
  id: [32m'test-match-id'[39m,
  sportType: [32m'T├¬nis'[39m,
  format: [32m'BEST_OF_3'[39m,
  players: { p1: [32m'Jogador 1'[39m, p2: [32m'Jogador 2'[39m },
  status: [32m'IN_PROGRESS'[39m,
  matchState: {
    sets: { PLAYER_1: [33m0[39m, PLAYER_2: [33m0[39m },
    currentSet: [33m1[39m,
    currentSetState: { games: [36m[Object][39m },
    currentGame: { points: [36m[Object][39m, server: [32m'PLAYER_1'[39m, isTiebreak: [33mfalse[39m },
    server: [32m'PLAYER_1'[39m,
    isFinished: [33mfalse[39m,
    config: {},
    startedAt: [32m'2026-02-24T21:37:07.422Z'[39m
  }
}
[ScoreboardV2] Retomando partida com estado: {
  sets: { PLAYER_1: [33m0[39m, PLAYER_2: [33m0[39m },
  currentSet: [33m1[39m,
  currentSetState: { games: { PLAYER_1: [33m0[39m, PLAYER_2: [33m0[39m } },
  currentGame: {
    points: { PLAYER_1: [32m'0'[39m, PLAYER_2: [32m'0'[39m },
    server: [32m'PLAYER_1'[39m,
    isTiebreak: [33mfalse[39m
  },
  server: [32m'PLAYER_1'[39m,
  isFinished: [33mfalse[39m,
  config: {},
  startedAt: [32m'2026-02-24T21:37:07.422Z'[39m
}

[90mstdout[2m | src/pages/__tests__/ScoreboardV2.test.tsx[2m > [22m[2mScoreboardV2 - Restaura├º├úo de Estado e Fluxos[2m > [22m[2mFinaliza├º├úo Autom├ítica de Partida[2m > [22m[2mfinaliza partida automaticamente quando regras determinam vencedor
[22m[39m[ScoreboardV2] Adicionando ponto para PLAYER_1 {
  serve: { isFirstServe: [33mtrue[39m, type: [32m'SERVICE_WINNER'[39m },
  result: { winner: [32m'PLAYER_1'[39m, type: [32m'WINNER'[39m },
  rally: { ballExchanges: [33m1[39m }
}

[90mstdout[2m | src/pages/__tests__/ScoreboardV2.test.tsx[2m > [22m[2mScoreboardV2 - Restaura├º├úo de Estado e Fluxos[2m > [22m[2mFinaliza├º├úo Autom├ítica de Partida[2m > [22m[2mfinaliza partida automaticamente quando regras determinam vencedor
[22m[39m[ScoreboardV2] Reset de serveStep para none (j├í estava none)
[ScoreboardV2] Partida finalizada! Vencedor: PLAYER_1
[ScoreboardV2] Ponto adicionado com sucesso para PLAYER_1

[90mstdout[2m | src/pages/__tests__/ScoreboardV2.test.tsx[2m > [22m[2mScoreboardV2 - Restaura├º├úo de Estado e Fluxos[2m > [22m[2mhandleEndMatch - Interrup├º├úo de Partida[2m > [22m[2mn├úo finaliza partida automaticamente ao interromper
[22m[39m[ScoreboardV2] Iniciando carregamento da partida test-match-id
[ScoreboardV2] Buscando estado do backend para a partida test-match-id

[90mstdout[2m | src/pages/__tests__/ScoreboardV2.test.tsx[2m > [22m[2mScoreboardV2 - Restaura├º├úo de Estado e Fluxos[2m > [22m[2mhandleEndMatch - Interrup├º├úo de Partida[2m > [22m[2mn├úo finaliza partida automaticamente ao interromper
[22m[39m[ScoreboardV2] Dados da partida carregados: {
  id: [32m'test-match-id'[39m,
  sportType: [32m'T├¬nis'[39m,
  format: [32m'BEST_OF_3'[39m,
  players: { p1: [32m'Jogador 1'[39m, p2: [32m'Jogador 2'[39m },
  status: [32m'IN_PROGRESS'[39m,
  matchState: {
    sets: { PLAYER_1: [33m0[39m, PLAYER_2: [33m0[39m },
    currentSet: [33m1[39m,
    currentSetState: { games: [36m[Object][39m },
    currentGame: { points: [36m[Object][39m, server: [32m'PLAYER_1'[39m, isTiebreak: [33mfalse[39m },
    server: [32m'PLAYER_1'[39m,
    isFinished: [33mfalse[39m,
    config: {},
    startedAt: [32m'2026-02-24T21:37:07.422Z'[39m
  }
}
[ScoreboardV2] Retomando partida com estado: {
  sets: { PLAYER_1: [33m0[39m, PLAYER_2: [33m0[39m },
  currentSet: [33m1[39m,
  currentSetState: { games: { PLAYER_1: [33m0[39m, PLAYER_2: [33m0[39m } },
  currentGame: {
    points: { PLAYER_1: [32m'0'[39m, PLAYER_2: [32m'0'[39m },
    server: [32m'PLAYER_1'[39m,
    isTiebreak: [33mfalse[39m
  },
  server: [32m'PLAYER_1'[39m,
  isFinished: [33mfalse[39m,
  config: {},
  startedAt: [32m'2026-02-24T21:37:07.422Z'[39m
}

 [32mÔ£ô[39m src/data/matrizDataIntegrity.test.ts [2m([22m[2m4 tests[22m[2m)[22m[32m 86[2mms[22m[39m
stderr | src/__tests__/integration.test.jsx > Testes de Integra├º├úo - B├ísicos > deve renderizar Dashboard com sucesso
ÔÜá´©Å React Router Future Flag Warning: React Router will begin wrapping state updates in `React.startTransition` in v7. You can use the `v7_startTransition` future flag to opt-in early. For more information, see https://reactrouter.com/v6/upgrading/future#v7_starttransition.
ÔÜá´©Å React Router Future Flag Warning: Relative route resolution within Splat routes is changing in v7. You can use the `v7_relativeSplatPath` future flag to opt-in early. For more information, see https://reactrouter.com/v6/upgrading/future#v7_relativesplatpath.

 [32mÔ£ô[39m src/__tests__/integration.test.jsx [2m([22m[2m1 test[22m[2m)[22m[32m 90[2mms[22m[39m
[90mstdout[2m | src/pages/__tests__/ScoreboardV2.test.tsx[2m > [22m[2mScoreboardV2 - Restaura├º├úo de Estado e Fluxos[2m > [22m[2mhandleEndMatch - Interrup├º├úo de Partida[2m > [22m[2mn├úo finaliza partida automaticamente ao interromper
[22m[39m[ScoreboardV2] Finalizando partida e persistindo estado
[ScoreboardV2] Sincronizando estado atual

[90mstdout[2m | src/pages/__tests__/ScoreboardV2.test.tsx[2m > [22m[2mScoreboardV2 - Restaura├º├úo de Estado e Fluxos[2m > [22m[2mhandleEndMatch - Interrup├º├úo de Partida[2m > [22m[2msincroniza estado atual sem finalizar partida
[22m[39m[ScoreboardV2] Iniciando carregamento da partida test-match-id
[ScoreboardV2] Buscando estado do backend para a partida test-match-id

[90mstdout[2m | src/pages/__tests__/ScoreboardV2.test.tsx[2m > [22m[2mScoreboardV2 - Restaura├º├úo de Estado e Fluxos[2m > [22m[2mhandleEndMatch - Interrup├º├úo de Partida[2m > [22m[2msincroniza estado atual sem finalizar partida
[22m[39m[ScoreboardV2] Dados da partida carregados: {
  id: [32m'test-match-id'[39m,
  sportType: [32m'T├¬nis'[39m,
  format: [32m'BEST_OF_3'[39m,
  players: { p1: [32m'Jogador 1'[39m, p2: [32m'Jogador 2'[39m },
  status: [32m'IN_PROGRESS'[39m,
  matchState: {
    sets: { PLAYER_1: [33m0[39m, PLAYER_2: [33m0[39m },
    currentSet: [33m1[39m,
    currentSetState: { games: [36m[Object][39m },
    currentGame: { points: [36m[Object][39m, server: [32m'PLAYER_1'[39m, isTiebreak: [33mfalse[39m },
    server: [32m'PLAYER_1'[39m,
    isFinished: [33mfalse[39m,
    config: {},
    startedAt: [32m'2026-02-24T21:37:07.422Z'[39m
  }
}
[ScoreboardV2] Retomando partida com estado: {
  sets: { PLAYER_1: [33m0[39m, PLAYER_2: [33m0[39m },
  currentSet: [33m1[39m,
  currentSetState: { games: { PLAYER_1: [33m0[39m, PLAYER_2: [33m0[39m } },
  currentGame: {
    points: { PLAYER_1: [32m'0'[39m, PLAYER_2: [32m'0'[39m },
    server: [32m'PLAYER_1'[39m,
    isTiebreak: [33mfalse[39m
  },
  server: [32m'PLAYER_1'[39m,
  isFinished: [33mfalse[39m,
  config: {},
  startedAt: [32m'2026-02-24T21:37:07.422Z'[39m
}

[90mstdout[2m | src/pages/__tests__/ScoreboardV2.test.tsx[2m > [22m[2mScoreboardV2 - Restaura├º├úo de Estado e Fluxos[2m > [22m[2mhandleEndMatch - Interrup├º├úo de Partida[2m > [22m[2msincroniza estado atual sem finalizar partida
[22m[39m[ScoreboardV2] Finalizando partida e persistindo estado
[ScoreboardV2] Sincronizando estado atual

[90mstdout[2m | src/pages/__tests__/ScoreboardV2.test.tsx[2m > [22m[2mScoreboardV2 - Restaura├º├úo de Estado e Fluxos[2m > [22m[2mhandleEndMatch - Interrup├º├úo de Partida[2m > [22m[2mpermite retomada da partida ap├│s interrup├º├úo
[22m[39m[ScoreboardV2] Iniciando carregamento da partida test-match-id
[ScoreboardV2] Buscando estado do backend para a partida test-match-id

[90mstdout[2m | src/pages/__tests__/ScoreboardV2.test.tsx[2m > [22m[2mScoreboardV2 - Restaura├º├úo de Estado e Fluxos[2m > [22m[2mhandleEndMatch - Interrup├º├úo de Partida[2m > [22m[2mpermite retomada da partida ap├│s interrup├º├úo
[22m[39m[ScoreboardV2] Dados da partida carregados: {
  id: [32m'test-match-id'[39m,
  sportType: [32m'T├¬nis'[39m,
  format: [32m'BEST_OF_3'[39m,
  players: { p1: [32m'Jogador 1'[39m, p2: [32m'Jogador 2'[39m },
  status: [32m'IN_PROGRESS'[39m,
  matchState: {
    sets: { PLAYER_1: [33m0[39m, PLAYER_2: [33m0[39m },
    currentSet: [33m1[39m,
    currentSetState: { games: [36m[Object][39m },
    currentGame: { points: [36m[Object][39m, server: [32m'PLAYER_1'[39m, isTiebreak: [33mfalse[39m },
    server: [32m'PLAYER_1'[39m,
    isFinished: [33mfalse[39m,
    config: {},
    startedAt: [32m'2026-02-24T21:37:07.422Z'[39m
  }
}
[ScoreboardV2] Retomando partida com estado: {
  sets: { PLAYER_1: [33m0[39m, PLAYER_2: [33m0[39m },
  currentSet: [33m1[39m,
  currentSetState: { games: { PLAYER_1: [33m0[39m, PLAYER_2: [33m0[39m } },
  currentGame: {
    points: { PLAYER_1: [32m'0'[39m, PLAYER_2: [32m'0'[39m },
    server: [32m'PLAYER_1'[39m,
    isTiebreak: [33mfalse[39m
  },
  server: [32m'PLAYER_1'[39m,
  isFinished: [33mfalse[39m,
  config: {},
  startedAt: [32m'2026-02-24T21:37:07.422Z'[39m
}

[90mstdout[2m | src/pages/__tests__/ScoreboardV2.test.tsx[2m > [22m[2mScoreboardV2 - Restaura├º├úo de Estado e Fluxos[2m > [22m[2mhandleEndMatch - Interrup├º├úo de Partida[2m > [22m[2mpermite retomada da partida ap├│s interrup├º├úo
[22m[39m[ScoreboardV2] Finalizando partida e persistindo estado
[ScoreboardV2] Sincronizando estado atual

[90mstdout[2m | src/pages/__tests__/ScoreboardV2.test.tsx[2m > [22m[2mScoreboardV2 - Restaura├º├úo de Estado e Fluxos[2m > [22m[2mhandleEndMatch - Interrup├º├úo de Partida[2m > [22m[2mn├úo persiste estado para partidas n├úo iniciadas
[22m[39m[ScoreboardV2] Iniciando carregamento da partida test-match-id
[ScoreboardV2] Buscando estado do backend para a partida test-match-id

[90mstdout[2m | src/pages/__tests__/ScoreboardV2.test.tsx[2m > [22m[2mScoreboardV2 - Restaura├º├úo de Estado e Fluxos[2m > [22m[2mhandleEndMatch - Interrup├º├úo de Partida[2m > [22m[2mn├úo persiste estado para partidas n├úo iniciadas
[22m[39m[ScoreboardV2] Dados da partida carregados: {
  id: [32m'test-match-id'[39m,
  sportType: [32m'T├¬nis'[39m,
  format: [32m'BEST_OF_3'[39m,
  players: { p1: [32m'Jogador 1'[39m, p2: [32m'Jogador 2'[39m },
  status: [32m'NOT_STARTED'[39m,
  matchState: {
    sets: { PLAYER_1: [33m0[39m, PLAYER_2: [33m0[39m },
    currentSet: [33m1[39m,
    currentSetState: { games: [36m[Object][39m },
    currentGame: { points: [36m[Object][39m, server: [32m'PLAYER_1'[39m, isTiebreak: [33mfalse[39m },
    server: [32m'PLAYER_1'[39m,
    isFinished: [33mfalse[39m,
    config: { format: [32m'BEST_OF_3'[39m },
    startedAt: [32m'2026-02-24T21:37:07.422Z'[39m
  }
}
[ScoreboardV2] Partida n├úo iniciada, abrindo setup

[90mstdout[2m | src/pages/__tests__/ScoreboardV2.test.tsx[2m > [22m[2mScoreboardV2 - Restaura├º├úo de Estado e Fluxos[2m > [22m[2mhandleEndMatch - Interrup├º├úo de Partida[2m > [22m[2mn├úo persiste estado para partidas n├úo iniciadas
[22m[39m[ScoreboardV2] Finalizando partida e persistindo estado

Not implemented: Window's alert() method
 [32mÔ£ô[39m src/pages/__tests__/ScoreboardV2.test.tsx [2m([22m[2m30 tests[22m[2m)[22m[33m 15718[2mms[22m[39m
       [33m[2mÔ£ô[22m[39m opens ServerEffectModal when Ace button is clicked on first serve [33m 1757[2mms[22m[39m
       [33m[2mÔ£ô[22m[39m opens ServerEffectModal when Ace button is clicked on second serve [33m 720[2mms[22m[39m
       [33m[2mÔ£ô[22m[39m allows user to confirm point through ServerEffectModal [33m 661[2mms[22m[39m
       [33m[2mÔ£ô[22m[39m closes ServerEffectModal after confirming point [33m 632[2mms[22m[39m
       [33m[2mÔ£ô[22m[39m allows canceling the ServerEffectModal without adding point [33m 511[2mms[22m[39m
       [33m[2mÔ£ô[22m[39m shows Ace button when serveStep is second [33m 518[2mms[22m[39m
       [33m[2mÔ£ô[22m[39m displays serve info buttons without click handlers [33m 330[2mms[22m[39m
     [33m[2mÔ£ô[22m[39m aligns quick action buttons to the left when PLAYER_1 is serving [33m 507[2mms[22m[39m
     [33m[2mÔ£ô[22m[39m updates button alignment when server changes after point [33m 4128[2mms[22m[39m
       [33m[2mÔ£ô[22m[39m registers isFirstServe correctly for points on second serve [33m 462[2mms[22m[39m
       [33m[2mÔ£ô[22m[39m maintains isFirstServe consistency for second serve point buttons [33m 380[2mms[22m[39m
       [33m[2mÔ£ô[22m[39m exibe bot├Áes de a├º├úo ap├│s finaliza├º├úo [33m 625[2mms[22m[39m
       [33m[2mÔ£ô[22m[39m desabilita bot├Áes de pontua├º├úo ap├│s finaliza├º├úo [33m 1835[2mms[22m[39m
[90mstdout[2m | src/contexts/__tests__/MatchesContext.integration.test.tsx
[22m[39mresetGlobalMocks registrada no global/globalThis.

 [32mÔ£ô[39m src/hooks/useMatchSync.test.ts [2m([22m[2m4 tests[22m[2m)[22m[32m 75[2mms[22m[39m
 [32mÔ£ô[39m src/NetworkConnectivity.test.tsx [2m([22m[2m4 tests[22m[2m)[22m[32m 14[2mms[22m[39m
 [32mÔ£ô[39m src/contexts/__tests__/MatchesContext.integration.test.tsx [2m([22m[2m1 test[22m[2m)[22m[32m 83[2mms[22m[39m
[90mstdout[2m | src/core/TennisScoring.test.ts[2m > [22m[2mTennisScoring - L├│gica Geral[2m > [22m[2mTransi├º├úo de pontos para game, set e match
[22m[39m­ƒÄ¥ Sacador alterado para: PLAYER_2
­ƒÄ¥ Sacador alterado para: PLAYER_1
­ƒÄ¥ Sacador alterado para: PLAYER_2
­ƒÄ¥ Sacador alterado para: PLAYER_1
­ƒÄ¥ Sacador alterado para: PLAYER_2
­ƒÄ¥ Sacador alterado para: PLAYER_1
­ƒÄ¥ Sacador alterado para: PLAYER_2
­ƒÄ¥ Sacador alterado para: PLAYER_1
­ƒÄ¥ Sacador alterado para: PLAYER_2
­ƒÄ¥ Sacador alterado para: PLAYER_1
­ƒÄ¥ Sacador alterado para: PLAYER_2

[90mstdout[2m | src/core/TennisScoring.test.ts[2m > [22m[2mTennisScoring - L├│gica Geral[2m > [22m[2mValida├º├úo: n├úo permite adicionar pontos ap├│s match finalizado
[22m[39m­ƒÄ¥ Sacador alterado para: PLAYER_2
­ƒÄ¥ Sacador alterado para: PLAYER_1
­ƒÄ¥ Sacador alterado para: PLAYER_2
­ƒÄ¥ Sacador alterado para: PLAYER_1
­ƒÄ¥ Sacador alterado para: PLAYER_2
­ƒÄ¥ Sacador alterado para: PLAYER_1
­ƒÄ¥ Sacador alterado para: PLAYER_2
­ƒÄ¥ Sacador alterado para: PLAYER_1
­ƒÄ¥ Sacador alterado para: PLAYER_2
­ƒÄ¥ Sacador alterado para: PLAYER_1
­ƒÄ¥ Sacador alterado para: PLAYER_2

[90mstdout[2m | src/core/TennisScoring.test.ts[2m > [22m[2mTennisScoring - L├│gica Geral[2m > [22m[2mEdge: tie-break no set correto
[22m[39m­ƒÄ¥ Sacador alterado para: PLAYER_2
­ƒÄ¥ Sacador alterado para: PLAYER_1
­ƒÄ¥ Sacador alterado para: PLAYER_2
­ƒÄ¥ Sacador alterado para: PLAYER_1
­ƒÄ¥ Sacador alterado para: PLAYER_2
­ƒÄ¥ Sacador alterado para: PLAYER_1
­ƒÄ¥ Sacador alterado para: PLAYER_2
­ƒÄ¥ Sacador alterado para: PLAYER_1
­ƒÄ¥ Sacador alterado para: PLAYER_2
­ƒÄ¥ Sacador alterado para: PLAYER_1
­ƒÄ¥ Sacador alterado para: PLAYER_2
­ƒÅå Iniciando tie-break - Servidor inicial: PLAYER_2
­ƒÄ¥ Sacador alterado para: PLAYER_1
­ƒÄ¥ Sacador alterado para: PLAYER_2
­ƒÄ¥ Sacador alterado para: PLAYER_1
­ƒÄ¥ Sacador alterado para: PLAYER_2
­ƒÄ¥ Sacador alterado para: PLAYER_1

[90mstdout[2m | src/core/TennisScoring.test.ts[2m > [22m[2mTennisScoring - L├│gica Geral[2m > [22m[2mEdge: tie-break em set diferente (n├úo deve ocorrer)
[22m[39m­ƒÄ¥ Sacador alterado para: PLAYER_2
­ƒÄ¥ Sacador alterado para: PLAYER_1
­ƒÄ¥ Sacador alterado para: PLAYER_2
­ƒÄ¥ Sacador alterado para: PLAYER_1
­ƒÄ¥ Sacador alterado para: PLAYER_2
­ƒÄ¥ Sacador alterado para: PLAYER_1
­ƒÄ¥ Sacador alterado para: PLAYER_2
­ƒÄ¥ Sacador alterado para: PLAYER_1
­ƒÄ¥ Sacador alterado para: PLAYER_2
­ƒÄ¥ Sacador alterado para: PLAYER_1
­ƒÄ¥ Sacador alterado para: PLAYER_2

[90mstdout[2m | src/core/TennisScoring.test.ts[2m > [22m[2mTennisScoring - L├│gica Geral[2m > [22m[2mempate em set curto: ambos vencem mesmo n├║mero de games
[22m[39m­ƒÄ¥ Sacador alterado para: PLAYER_2
­ƒÄ¥ Sacador alterado para: PLAYER_1
­ƒÄ¥ Sacador alterado para: PLAYER_2
­ƒÄ¥ Sacador alterado para: PLAYER_1
­ƒÄ¥ Sacador alterado para: PLAYER_2
­ƒÄ¥ Sacador alterado para: PLAYER_1
­ƒÄ¥ Sacador alterado para: PLAYER_2
­ƒÅå Iniciando tie-break - Servidor inicial: PLAYER_2
Estado em 4-4: {
  games: { PLAYER_1: [33m4[39m, PLAYER_2: [33m4[39m },
  points: { PLAYER_1: [33m0[39m, PLAYER_2: [33m0[39m },
  isTiebreak: [33mtrue[39m
}
­ƒÄ¥ Sacador alterado para: PLAYER_1
Estado ap├│s ponto 1 (in├¡cio tie-break): {
  games: { PLAYER_1: [33m4[39m, PLAYER_2: [33m4[39m },
  points: { PLAYER_1: [33m1[39m, PLAYER_2: [33m0[39m },
  isTiebreak: [33mtrue[39m
}

[90mstdout[2m | src/core/TennisScoring.test.ts[2m > [22m[2mTennisScoring - M├®todos utilit├írios e regras alternativas[2m > [22m[2mshouldChangeSides l├│gica de games ├¡mpares e tie-break
[22m[39m­ƒÄ¥ Sacador alterado para: PLAYER_2
­ƒÄ¥ Sacador alterado para: PLAYER_1
­ƒÄ¥ Sacador alterado para: PLAYER_2
­ƒÄ¥ Sacador alterado para: PLAYER_1
­ƒÄ¥ Sacador alterado para: PLAYER_2
­ƒÄ¥ Sacador alterado para: PLAYER_1
­ƒÄ¥ Sacador alterado para: PLAYER_2
­ƒÄ¥ Sacador alterado para: PLAYER_1
­ƒÄ¥ Sacador alterado para: PLAYER_2
­ƒÄ¥ Sacador alterado para: PLAYER_1
­ƒÄ¥ Sacador alterado para: PLAYER_2
­ƒÄ¥ Sacador alterado para: PLAYER_1

[90mstdout[2m | src/core/TennisScoring.test.ts[2m > [22m[2mTennisScoring - Cobertura de m├®todos e edge cases[2m > [22m[2mundoLastPoint: desfaz ponto e lida com hist├│rico vazio
[22m[39mÔØî Nenhum ponto para desfazer
Ôå®´©Å Ponto desfeito, estado restaurado

[90mstdout[2m | src/core/TennisScoring.test.ts[2m > [22m[2mTennisScoring - Cobertura de m├®todos e edge cases[2m > [22m[2mloadState: restaura estado e lida com formato diferente
[22m[39mÔ£à Estado restaurado: {
  sets: { PLAYER_1: [33m0[39m, PLAYER_2: [33m0[39m },
  currentSet: [33m1[39m,
  currentSetState: { games: { PLAYER_1: [33m0[39m, PLAYER_2: [33m0[39m } },
  currentGame: {
    points: { PLAYER_1: [32m'0'[39m, PLAYER_2: [32m'0'[39m },
    server: [32m'PLAYER_1'[39m,
    isTiebreak: [33mfalse[39m,
    isMatchTiebreak: [33mfalse[39m
  },
  server: [32m'PLAYER_1'[39m,
  isFinished: [33mfalse[39m,
  config: {
    format: [32m'BEST_OF_3'[39m,
    setsToWin: [33m2[39m,
    gamesPerSet: [33m6[39m,
    useAdvantage: [33mtrue[39m,
    useTiebreak: [33mtrue[39m,
    tiebreakAt: [33m6[39m,
    tiebreakPoints: [33m7[39m,
    useNoAd: [33mfalse[39m,
    useAlternateTiebreakSides: [33mfalse[39m,
    useNoLet: [33mfalse[39m
  },
  completedSets: [],
  pointsHistory: []
}

stderr | src/core/TennisScoring.test.ts > TennisScoring - Cobertura de m├®todos e edge cases > loadState: restaura estado e lida com formato diferente
ÔÜá´©Å Formato do estado salvo diferente da configura├º├úo atual

[90mstdout[2m | src/core/TennisScoring.test.ts[2m > [22m[2mTennisScoring - Cobertura de m├®todos e edge cases[2m > [22m[2mshouldPlayMatchTiebreak e isDecidingSet
[22m[39m­ƒÄ¥ Sacador alterado para: PLAYER_2
­ƒÄ¥ Sacador alterado para: PLAYER_1
­ƒÄ¥ Sacador alterado para: PLAYER_2
­ƒÄ¥ Sacador alterado para: PLAYER_1
­ƒÄ¥ Sacador alterado para: PLAYER_2
­ƒÄ¥ Sacador alterado para: PLAYER_1
­ƒÄ¥ Sacador alterado para: PLAYER_2
­ƒÄ¥ Sacador alterado para: PLAYER_1
­ƒÄ¥ Sacador alterado para: PLAYER_2
­ƒÄ¥ Sacador alterado para: PLAYER_1
­ƒÄ¥ Sacador alterado para: PLAYER_2

[90mstdout[2m | src/core/TennisScoring.test.ts[2m > [22m[2mTennisScoring - Cobertura de m├®todos e edge cases[2m > [22m[2mgetTotalPointsPlayed: cobre tie-break, vantagem e normal
[22m[39m­ƒÄ¥ Sacador alterado para: PLAYER_2
­ƒÄ¥ Sacador alterado para: PLAYER_1
­ƒÄ¥ Sacador alterado para: PLAYER_2
­ƒÄ¥ Sacador alterado para: PLAYER_1
­ƒÄ¥ Sacador alterado para: PLAYER_2
­ƒÄ¥ Sacador alterado para: PLAYER_1
­ƒÄ¥ Sacador alterado para: PLAYER_2
­ƒÄ¥ Sacador alterado para: PLAYER_1
­ƒÄ¥ Sacador alterado para: PLAYER_2
­ƒÄ¥ Sacador alterado para: PLAYER_1
­ƒÄ¥ Sacador alterado para: PLAYER_2
­ƒÅå Iniciando tie-break - Servidor inicial: PLAYER_2
­ƒÄ¥ Sacador alterado para: PLAYER_1
­ƒÄ¥ Sacador alterado para: PLAYER_2
­ƒÄ¥ Sacador alterado para: PLAYER_1

stderr | src/core/TennisScoring.test.ts > TennisScoring - Cobertura de m├®todos e edge cases > enableSync, disableSync, syncState: cobre warnings e erros
ÔÜá´©Å Sync n├úo habilitado ou matchId ausente

[90mstdout[2m | src/core/TennisScoring.test.ts[2m > [22m[2mTennisScoring - Cobertura de m├®todos e edge cases[2m > [22m[2maddPointWithSync e undoLastPointWithSync: cobre caminhos sem sync
[22m[39mÔå®´©Å Ponto desfeito, estado restaurado

 [32mÔ£ô[39m src/core/TennisScoring.test.ts [2m([22m[2m20 tests[22m[2m)[22m[32m 50[2mms[22m[39m
[90mstdout[2m | src/services/__tests__/RealtimeMatchService.test.ts[2m > [22m[2mRealtimeMatchService[2m > [22m[2mstartWatching[2m > [22m[2mdeve iniciar monitoramento para uma partida
[22m[39m[RealtimeMatchService] Iniciando monitoramento para partida test-match
[RealtimeMatchService] Iniciando polling para partida test-match

[90mstdout[2m | src/services/__tests__/RealtimeMatchService.test.ts[2m > [22m[2mRealtimeMatchService[2m > [22m[2mstartWatching[2m > [22m[2mdeve iniciar monitoramento para uma partida
[22m[39m[RealtimeMatchService] Estado buscado com sucesso para partida test-match

[90mstdout[2m | src/services/__tests__/RealtimeMatchService.test.ts[2m > [22m[2mRealtimeMatchService[2m > [22m[2mstartWatching[2m > [22m[2mdeve reutilizar polling existente para m├║ltiplos watchers
[22m[39m[RealtimeMatchService] Iniciando monitoramento para partida test-match
[RealtimeMatchService] Iniciando polling para partida test-match

[90mstdout[2m | src/services/__tests__/RealtimeMatchService.test.ts[2m > [22m[2mRealtimeMatchService[2m > [22m[2mstartWatching[2m > [22m[2mdeve reutilizar polling existente para m├║ltiplos watchers
[22m[39m[RealtimeMatchService] Estado buscado com sucesso para partida test-match

[90mstdout[2m | src/services/__tests__/RealtimeMatchService.test.ts[2m > [22m[2mRealtimeMatchService[2m > [22m[2mstartWatching[2m > [22m[2mdeve reutilizar polling existente para m├║ltiplos watchers
[22m[39m[RealtimeMatchService] Iniciando monitoramento para partida test-match
[RealtimeMatchService] Polling j├í ativo para partida test-match, reutilizando

[90mstdout[2m | src/services/__tests__/RealtimeMatchService.test.ts[2m > [22m[2mRealtimeMatchService[2m > [22m[2mstartWatching[2m > [22m[2mdeve reutilizar polling existente para m├║ltiplos watchers
[22m[39m[RealtimeMatchService] Estado buscado com sucesso para partida test-match

[90mstdout[2m | src/services/__tests__/RealtimeMatchService.test.ts[2m > [22m[2mRealtimeMatchService[2m > [22m[2mstartWatching[2m > [22m[2mdeve lidar com erro na busca inicial
[22m[39m[RealtimeMatchService] Iniciando monitoramento para partida invalid-match
[RealtimeMatchService] Iniciando polling para partida invalid-match

stderr | src/services/__tests__/RealtimeMatchService.test.ts > RealtimeMatchService > startWatching > deve lidar com erro na busca inicial
[RealtimeMatchService] Falha ao buscar estado da partida invalid-match: 404 Not found
[RealtimeMatchService] Erro ao buscar estado da partida invalid-match: Error: Falha ao buscar estado da partida: 404 Not found
    at RealtimeMatchService.fetchMatchState (C:/apps/Racket/Racket/frontend/src/services/RealtimeMatchService.ts:135:15)
    at processTicksAndRejections (node:internal/process/task_queues:105:5)
    at RealtimeMatchService.startWatching (C:/apps/Racket/Racket/frontend/src/services/RealtimeMatchService.ts:58:28)
    at C:/apps/Racket/Racket/frontend/src/services/__tests__/RealtimeMatchService.test.ts:99:7
    at file:///C:/apps/Racket/Racket/node_modules/.pnpm/@vitest+runner@4.0.8/node_modules/@vitest/runner/dist/index.js:753:20

stderr | src/services/__tests__/RealtimeMatchService.test.ts > RealtimeMatchService > startWatching > deve lidar com erro na busca inicial
[RealtimeMatchService] Erro ao buscar estado inicial para invalid-match: Error: Falha ao buscar estado da partida: 404 Not found
    at RealtimeMatchService.fetchMatchState (C:/apps/Racket/Racket/frontend/src/services/RealtimeMatchService.ts:135:15)
    at processTicksAndRejections (node:internal/process/task_queues:105:5)
    at RealtimeMatchService.startWatching (C:/apps/Racket/Racket/frontend/src/services/RealtimeMatchService.ts:58:28)
    at C:/apps/Racket/Racket/frontend/src/services/__tests__/RealtimeMatchService.test.ts:99:7
    at file:///C:/apps/Racket/Racket/node_modules/.pnpm/@vitest+runner@4.0.8/node_modules/@vitest/runner/dist/index.js:753:20

[90mstdout[2m | src/services/__tests__/RealtimeMatchService.test.ts[2m > [22m[2mRealtimeMatchService[2m > [22m[2mstopWatching[2m > [22m[2mdeve parar monitoramento para uma partida espec├¡fica
[22m[39m[RealtimeMatchService] Iniciando monitoramento para partida test-match
[RealtimeMatchService] Iniciando polling para partida test-match

[90mstdout[2m | src/services/__tests__/RealtimeMatchService.test.ts[2m > [22m[2mRealtimeMatchService[2m > [22m[2mstopWatching[2m > [22m[2mdeve parar monitoramento para uma partida espec├¡fica
[22m[39m[RealtimeMatchService] Estado buscado com sucesso para partida test-match

[90mstdout[2m | src/services/__tests__/RealtimeMatchService.test.ts[2m > [22m[2mRealtimeMatchService[2m > [22m[2mstopWatching[2m > [22m[2mdeve parar monitoramento para uma partida espec├¡fica
[22m[39m[RealtimeMatchService] Iniciando monitoramento para partida test-match
[RealtimeMatchService] Polling j├í ativo para partida test-match, reutilizando

[90mstdout[2m | src/services/__tests__/RealtimeMatchService.test.ts[2m > [22m[2mRealtimeMatchService[2m > [22m[2mstopWatching[2m > [22m[2mdeve parar monitoramento para uma partida espec├¡fica
[22m[39m[RealtimeMatchService] Estado buscado com sucesso para partida test-match

[90mstdout[2m | src/services/__tests__/RealtimeMatchService.test.ts[2m > [22m[2mRealtimeMatchService[2m > [22m[2mstopWatching[2m > [22m[2mdeve parar monitoramento para uma partida espec├¡fica
[22m[39m[RealtimeMatchService] Parando monitoramento para partida test-match
[RealtimeMatchService] Mantendo polling para partida test-match (subscribers: 1, watchers: 1)

[90mstdout[2m | src/services/__tests__/RealtimeMatchService.test.ts[2m > [22m[2mRealtimeMatchService[2m > [22m[2mstopWatching[2m > [22m[2mdeve parar completamente quando n├úo h├í mais watchers
[22m[39m[RealtimeMatchService] Iniciando monitoramento para partida test-match
[RealtimeMatchService] Iniciando polling para partida test-match

[90mstdout[2m | src/services/__tests__/RealtimeMatchService.test.ts[2m > [22m[2mRealtimeMatchService[2m > [22m[2mstopWatching[2m > [22m[2mdeve parar completamente quando n├úo h├í mais watchers
[22m[39m[RealtimeMatchService] Estado buscado com sucesso para partida test-match

[90mstdout[2m | src/services/__tests__/RealtimeMatchService.test.ts[2m > [22m[2mRealtimeMatchService[2m > [22m[2mstopWatching[2m > [22m[2mdeve parar completamente quando n├úo h├í mais watchers
[22m[39m[RealtimeMatchService] Parando monitoramento para partida test-match
[RealtimeMatchService] Parando polling para partida test-match (subscribers: 0, watchers: 0)

[90mstdout[2m | src/services/__tests__/RealtimeMatchService.test.ts[2m > [22m[2mRealtimeMatchService[2m > [22m[2mstopWatching[2m > [22m[2mdeve parar todos os watchers quando chamado sem callback espec├¡fico
[22m[39m[RealtimeMatchService] Iniciando monitoramento para partida test-match
[RealtimeMatchService] Iniciando polling para partida test-match

[90mstdout[2m | src/services/__tests__/RealtimeMatchService.test.ts[2m > [22m[2mRealtimeMatchService[2m > [22m[2mstopWatching[2m > [22m[2mdeve parar todos os watchers quando chamado sem callback espec├¡fico
[22m[39m[RealtimeMatchService] Estado buscado com sucesso para partida test-match

[90mstdout[2m | src/services/__tests__/RealtimeMatchService.test.ts[2m > [22m[2mRealtimeMatchService[2m > [22m[2mstopWatching[2m > [22m[2mdeve parar todos os watchers quando chamado sem callback espec├¡fico
[22m[39m[RealtimeMatchService] Iniciando monitoramento para partida test-match
[RealtimeMatchService] Polling j├í ativo para partida test-match, reutilizando

[90mstdout[2m | src/services/__tests__/RealtimeMatchService.test.ts[2m > [22m[2mRealtimeMatchService[2m > [22m[2mstopWatching[2m > [22m[2mdeve parar todos os watchers quando chamado sem callback espec├¡fico
[22m[39m[RealtimeMatchService] Estado buscado com sucesso para partida test-match

[90mstdout[2m | src/services/__tests__/RealtimeMatchService.test.ts[2m > [22m[2mRealtimeMatchService[2m > [22m[2mstopWatching[2m > [22m[2mdeve parar todos os watchers quando chamado sem callback espec├¡fico
[22m[39m[RealtimeMatchService] Parando monitoramento para partida test-match
[RealtimeMatchService] Parando polling para partida test-match (subscribers: 0, watchers: 0)

[90mstdout[2m | src/services/__tests__/RealtimeMatchService.test.ts[2m > [22m[2mRealtimeMatchService[2m > [22m[2mupdateMatchState[2m > [22m[2mdeve atualizar estado com sucesso
[22m[39m[RealtimeMatchService] Atualizando estado para partida test-match: { status: [32m'FINISHED'[39m }

[90mstdout[2m | src/services/__tests__/RealtimeMatchService.test.ts[2m > [22m[2mRealtimeMatchService[2m > [22m[2mupdateMatchState[2m > [22m[2mdeve atualizar estado com sucesso
[22m[39m[RealtimeMatchService] Estado atualizado com sucesso para partida test-match

[90mstdout[2m | src/services/__tests__/RealtimeMatchService.test.ts[2m > [22m[2mRealtimeMatchService[2m > [22m[2mupdateMatchState[2m > [22m[2mdeve lidar com erro na atualiza├º├úo
[22m[39m[RealtimeMatchService] Atualizando estado para partida test-match: { status: [32m'FINISHED'[39m }

stderr | src/services/__tests__/RealtimeMatchService.test.ts > RealtimeMatchService > updateMatchState > deve lidar com erro na atualiza├º├úo
[RealtimeMatchService] Falha ao atualizar estado da partida test-match: 500 Internal server error
[RealtimeMatchService] Erro ao atualizar estado da partida test-match: Error: Falha ao atualizar estado da partida: 500 Internal server error
    at RealtimeMatchService.updateMatchState (C:/apps/Racket/Racket/frontend/src/services/RealtimeMatchService.ts:116:15)
    at processTicksAndRejections (node:internal/process/task_queues:105:5)
    at C:/apps/Racket/Racket/frontend/src/services/__tests__/RealtimeMatchService.test.ts:212:7
    at file:///C:/apps/Racket/Racket/node_modules/.pnpm/@vitest+runner@4.0.8/node_modules/@vitest/runner/dist/index.js:753:20

[90mstdout[2m | src/services/__tests__/RealtimeMatchService.test.ts[2m > [22m[2mRealtimeMatchService[2m > [22m[2mupdateMatchState[2m > [22m[2mdeve notificar subscribers ap├│s atualiza├º├úo
[22m[39m[RealtimeMatchService] Iniciando monitoramento para partida test-match
[RealtimeMatchService] Iniciando polling para partida test-match

[90mstdout[2m | src/services/__tests__/RealtimeMatchService.test.ts[2m > [22m[2mRealtimeMatchService[2m > [22m[2mupdateMatchState[2m > [22m[2mdeve notificar subscribers ap├│s atualiza├º├úo
[22m[39m[RealtimeMatchService] Estado buscado com sucesso para partida test-match

[90mstdout[2m | src/services/__tests__/RealtimeMatchService.test.ts[2m > [22m[2mRealtimeMatchService[2m > [22m[2mupdateMatchState[2m > [22m[2mdeve notificar subscribers ap├│s atualiza├º├úo
[22m[39m[RealtimeMatchService] Atualizando estado para partida test-match: { status: [32m'FINISHED'[39m }

[90mstdout[2m | src/services/__tests__/RealtimeMatchService.test.ts[2m > [22m[2mRealtimeMatchService[2m > [22m[2mupdateMatchState[2m > [22m[2mdeve notificar subscribers ap├│s atualiza├º├úo
[22m[39m[RealtimeMatchService] Estado atualizado com sucesso para partida test-match
stderr | src/services/__tests__/RealtimeMatchService.test.ts > RealtimeMatchService > fetchMatchState > deve lidar com erro na busca
[RealtimeMatchService] Falha ao buscar estado da partida invalid-match: 404 Not found
[RealtimeMatchService] Erro ao buscar estado da partida invalid-match: Error: Falha ao buscar estado da partida: 404 Not found
    at RealtimeMatchService.fetchMatchState (C:/apps/Racket/Racket/frontend/src/services/RealtimeMatchService.ts:135:15)
    at processTicksAndRejections (node:internal/process/task_queues:105:5)
    at C:/apps/Racket/Racket/frontend/src/services/__tests__/RealtimeMatchService.test.ts:264:7
    at file:///C:/apps/Racket/Racket/node_modules/.pnpm/@vitest+runner@4.0.8/node_modules/@vitest/runner/dist/index.js:753:20

[90mstdout[2m | src/services/__tests__/RealtimeMatchService.test.ts[2m > [22m[2mRealtimeMatchService[2m > [22m[2mfetchMatchState[2m > [22m[2mdeve buscar estado com sucesso
[22m[39m[RealtimeMatchService] Estado buscado com sucesso para partida test-match

[90mstdout[2m | src/services/__tests__/RealtimeMatchService.test.ts[2m > [22m[2mRealtimeMatchService[2m > [22m[2mnotifySubscribers[2m > [22m[2mdeve notificar todos os subscribers
[22m[39m[RealtimeMatchService] Iniciando monitoramento para partida test-match
[RealtimeMatchService] Iniciando polling para partida test-match

[90mstdout[2m | src/services/__tests__/RealtimeMatchService.test.ts[2m > [22m[2mRealtimeMatchService[2m > [22m[2mnotifySubscribers[2m > [22m[2mdeve notificar todos os subscribers
[22m[39m[RealtimeMatchService] Estado buscado com sucesso para partida test-match


[90mstdout[2m | src/services/__tests__/RealtimeMatchService.test.ts[2m > [22m[2mRealtimeMatchService[2m > [22m[2mnotifySubscribers[2m > [22m[2mdeve notificar todos os subscribers
[22m[39m[RealtimeMatchService] Iniciando monitoramento para partida test-match
[RealtimeMatchService] Polling j├í ativo para partida test-match, reutilizando

[90mstdout[2m | src/services/__tests__/RealtimeMatchService.test.ts[2m > [22m[2mRealtimeMatchService[2m > [22m[2mnotifySubscribers[2m > [22m[2mdeve notificar todos os subscribers
[22m[39m[RealtimeMatchService] Estado buscado com sucesso para partida test-match

 [32mÔ£ô[39m src/services/__tests__/RealtimeMatchService.test.ts [2m([22m[2m13 tests[22m[2m)[22m[32m 50[2mms[22m[39m
 [32mÔ£ô[39m src/__tests__/contracts.test.js [2m([22m[2m20 tests[22m[2m)[22m[32m 41[2mms[22m[39m
[90mstdout[2m | src/services/getVisibleMatches.role.test.js[2m > [22m[2mgetVisibleMatches com filtro de role[2m > [22m[2mfiltra por email e role corretamente
[22m[39m[getVisibleMatches] Filtrando 4 partidas para email: play@email.com e role: player
[getVisibleMatches] Ap├│s filtro: 1 partidas

[90mstdout[2m | src/services/getVisibleMatches.role.test.js[2m > [22m[2mgetVisibleMatches com filtro de role[2m > [22m[2mfiltra por email e outro role
[22m[39m[getVisibleMatches] Filtrando 4 partidas para email: admin@email.com e role: admin
[getVisibleMatches] Ap├│s filtro: 1 partidas

[90mstdout[2m | src/services/getVisibleMatches.role.test.js[2m > [22m[2mgetVisibleMatches com filtro de role[2m > [22m[2mretorna partidas vis├¡veis para ambos se role n├úo for passado
[22m[39m[getVisibleMatches] Filtrando 4 partidas para email: play@email.com e role: undefined
[getVisibleMatches] Ap├│s filtro: 1 partidas

[90mstdout[2m | src/services/getVisibleMatches.role.test.js[2m > [22m[2mgetVisibleMatches com filtro de role[2m > [22m[2mn├úo retorna partidas de outro email
[22m[39m[getVisibleMatches] Filtrando 4 partidas para email: play@email.com e role: player
[getVisibleMatches] Ap├│s filtro: 1 partidas

 [32mÔ£ô[39m src/services/getVisibleMatches.role.test.js [2m([22m[2m4 tests[22m[2m)[22m[32m 20[2mms[22m[39m
[90mstdout[2m | src/core/TennisScoring.advanced.test.ts[2m > [22m[2mTennisScoring - Cobertura avan├ºada[2m > [22m[2mpermite desfazer ponto e verifica canUndo
[22m[39mÔå®´©Å Ponto desfeito, estado restaurado

[90mstdout[2m | src/core/TennisScoring.advanced.test.ts[2m > [22m[2mTennisScoring - Cobertura avan├ºada[2m > [22m[2mn├úo desfaz se hist├│rico est├í vazio
[22m[39mÔØî Nenhum ponto para desfazer

 [32mÔ£ô[39m src/core/TennisScoring.advanced.test.ts [2m([22m[2m11 tests[22m[2m)[22m[32m 26[2mms[22m[39m
[90mstdout[2m | src/services/getVisibleMatches.test.js[2m > [22m[2mgetVisibleMatches[2m > [22m[2mretorna todos os estados conforme o campo status do banco
[22m[39m[getVisibleMatches] Filtrando 5 partidas para email: play@email.com e role: undefined
[getVisibleMatches] Ap├│s filtro: 2 partidas

stderr | src/services/getVisibleMatches.test.js > getVisibleMatches > retorna todos os estados conforme o campo status do banco
[getVisibleMatches] Erro ao fazer parse do matchState da partida 5: SyntaxError: Unexpected token 'I', "INVALID_JSON" is not valid JSON
    at JSON.parse (<anonymous>)
    at C:/apps/Racket/Racket/frontend/src/services/matchService.js:438:20
    at Array.filter (<anonymous>)
    at Module.getVisibleMatches (C:/apps/Racket/Racket/frontend/src/services/matchService.js:431:28)
    at processTicksAndRejections (node:internal/process/task_queues:105:5)
    at C:/apps/Racket/Racket/frontend/src/services/getVisibleMatches.test.js:96:20
    at file:///C:/apps/Racket/Racket/node_modules/.pnpm/@vitest+runner@4.0.8/node_modules/@vitest/runner/dist/index.js:753:20

[90mstdout[2m | src/services/getVisibleMatches.test.js[2m > [22m[2mgetVisibleMatches[2m > [22m[2mn├úo lan├ºa erro com matchState inv├ílido
[22m[39m[getVisibleMatches] Filtrando 5 partidas para email: play@email.com e role: undefined
[getVisibleMatches] Ap├│s filtro: 2 partidas

stderr | src/services/getVisibleMatches.test.js > getVisibleMatches > n├úo lan├ºa erro com matchState inv├ílido
[getVisibleMatches] Erro ao fazer parse do matchState da partida 5: SyntaxError: Unexpected token 'I', "INVALID_JSON" is not valid JSON
    at JSON.parse (<anonymous>)
    at C:/apps/Racket/Racket/frontend/src/services/matchService.js:438:20
    at Array.filter (<anonymous>)
    at Module.getVisibleMatches (C:/apps/Racket/Racket/frontend/src/services/matchService.js:431:28)
    at processTicksAndRejections (node:internal/process/task_queues:105:5)

[90mstdout[2m | src/services/getVisibleMatches.test.js[2m > [22m[2mgetVisibleMatches[2m > [22m[2mfiltra corretamente por visibleTo
[22m[39m[getVisibleMatches] Filtrando 5 partidas para email: play@email.com e role: undefined
[getVisibleMatches] Ap├│s filtro: 2 partidas

stderr | src/services/getVisibleMatches.test.js > getVisibleMatches > filtra corretamente por visibleTo
[getVisibleMatches] Erro ao fazer parse do matchState da partida 5: SyntaxError: Unexpected token 'I', "INVALID_JSON" is not valid JSON
    at JSON.parse (<anonymous>)
    at C:/apps/Racket/Racket/frontend/src/services/matchService.js:438:20
    at Array.filter (<anonymous>)
    at Module.getVisibleMatches (C:/apps/Racket/Racket/frontend/src/services/matchService.js:431:28)
    at processTicksAndRejections (node:internal/process/task_queues:105:5)
    at C:/apps/Racket/Racket/frontend/src/services/getVisibleMatches.test.js:116:20
    at file:///C:/apps/Racket/Racket/node_modules/.pnpm/@vitest+runner@4.0.8/node_modules/@vitest/runner/dist/index.js:753:20

 [32mÔ£ô[39m src/services/getVisibleMatches.test.js [2m([22m[2m4 tests[22m[2m)[22m[32m 44[2mms[22m[39m
stderr | src/services/__tests__/validationSchemas.test.js > validationSchemas > MatchStateUpdateSchema > deve fazer parse de qualquer payload (stub)
[MatchStateUpdateSchema] Usando parse stub - valida├º├úo desabilitada

 [32mÔ£ô[39m src/services/__tests__/validationSchemas.test.js [2m([22m[2m31 tests[22m[2m)[22m[32m 54[2mms[22m[39m
stderr | src/services/updateMatchState.test.js > updateMatchState > atualiza estado da partida com sucesso
[updateMatchState] Valida├º├úo removida - opera├º├úo direta

[90mstdout[2m | src/services/updateMatchState.test.js[2m > [22m[2mupdateMatchState[2m > [22m[2matualiza estado da partida com sucesso
[22m[39m[updateMatchState] Atualizando partida test-match-id: status NOT_STARTED -> IN_PROGRESS

stderr | src/services/updateMatchState.test.js > updateMatchState > muda status para IN_PROGRESS quando partida tem indicadores de progresso
[updateMatchState] Valida├º├úo removida - opera├º├úo direta

[90mstdout[2m | src/services/updateMatchState.test.js[2m > [22m[2mupdateMatchState[2m > [22m[2mmuda status para IN_PROGRESS quando partida tem indicadores de progresso
[22m[39m[updateMatchState] Atualizando partida test-match-id: status NOT_STARTED -> IN_PROGRESS

stderr | src/services/updateMatchState.test.js > updateMatchState > muda status para FINISHED quando partida tem vencedor
[updateMatchState] Valida├º├úo removida - opera├º├úo direta

[90mstdout[2m | src/services/updateMatchState.test.js[2m > [22m[2mupdateMatchState[2m > [22m[2mmuda status para FINISHED quando partida tem vencedor
[22m[39m[updateMatchState] Atualizando partida test-match-id: status IN_PROGRESS -> FINISHED

stderr | src/services/updateMatchState.test.js > updateMatchState > trata payload de string corretamente
[updateMatchState] Valida├º├úo removida - opera├º├úo direta

[90mstdout[2m | src/services/updateMatchState.test.js[2m > [22m[2mupdateMatchState[2m > [22m[2mtrata payload de string corretamente
[22m[39m[updateMatchState] Atualizando partida test-match-id: status NOT_STARTED -> IN_PROGRESS

stderr | src/services/updateMatchState.test.js > updateMatchState > trata payload inv├ílido graciosamente
[updateMatchState] Valida├º├úo removida - opera├º├úo direta

[90mstdout[2m | src/services/updateMatchState.test.js[2m > [22m[2mupdateMatchState[2m > [22m[2mtrata payload inv├ílido graciosamente
[22m[39m[updateMatchState] Atualizando partida test-match-id: status NOT_STARTED -> NOT_STARTED

 [32mÔ£ô[39m src/services/updateMatchState.test.js [2m([22m[2m5 tests[22m[2m)[22m[32m 40[2mms[22m[39m
 [32mÔ£ô[39m src/core/scoring/pointFlowRules.test.ts [2m([22m[2m77 tests[22m[2m)[22m[32m 45[2mms[22m[39m
 [32mÔ£ô[39m src/data/matrizCorrections.test.ts [2m([22m[2m10 tests[22m[2m)[22m[32m 30[2mms[22m[39m
 [32mÔ£ô[39m src/core/TennisConfigFactory.test.ts [2m([22m[2m9 tests[22m[2m)[22m[32m 27[2mms[22m[39m
 [32mÔ£ô[39m src/services/createMatch.playersEmails.test.js [2m([22m[2m2 tests[22m[2m)[22m[32m 39[2mms[22m[39m
 [32mÔ£ô[39m src/services/matchStatus.test.js [2m([22m[2m3 tests[22m[2m)[22m[32m 25[2mms[22m[39m
 [32mÔ£ô[39m src/services/__tests__/matchService.test.js [2m([22m[2m15 tests[22m[2m)[22m[32m 19[2mms[22m[39m
[90mstdout[2m | src/services/getVisibleMatches.playersEmails.test.js[2m > [22m[2mgetVisibleMatches com playersEmails[2m > [22m[2mretorna partidas se o email estiver em playersEmails
[22m[39m[getVisibleMatches] Filtrando 4 partidas para email: play@email.com e role: undefined
[getVisibleMatches] Ap├│s filtro: 2 partidas

[90mstdout[2m | src/services/getVisibleMatches.playersEmails.test.js[2m > [22m[2mgetVisibleMatches com playersEmails[2m > [22m[2mfiltra por role corretamente em playersEmails
[22m[39m[getVisibleMatches] Filtrando 4 partidas para email: admin@email.com e role: admin
[getVisibleMatches] Ap├│s filtro: 2 partidas

[90mstdout[2m | src/services/getVisibleMatches.playersEmails.test.js[2m > [22m[2mgetVisibleMatches com playersEmails[2m > [22m[2mn├úo retorna partidas se o email n├úo estiver em playersEmails
[22m[39m[getVisibleMatches] Filtrando 4 partidas para email: naoexiste@email.com e role: undefined
[getVisibleMatches] Ap├│s filtro: 0 partidas

[90mstdout[2m | src/services/getVisibleMatches.playersEmails.test.js[2m > [22m[2mgetVisibleMatches com playersEmails[2m > [22m[2mretorna partidas vis├¡veis para ambos se o email estiver em playersEmails
[22m[39m[getVisibleMatches] Filtrando 4 partidas para email: x@email.com e role: undefined
[getVisibleMatches] Ap├│s filtro: 1 partidas

 [32mÔ£ô[39m src/services/getVisibleMatches.playersEmails.test.js [2m([22m[2m4 tests[22m[2m)[22m[32m 15[2mms[22m[39m
 [32mÔ£ô[39m src/services/__tests__/statsUtils.test.js [2m([22m[2m13 tests[22m[2m)[22m[32m 22[2mms[22m[39m
 [32mÔ£ô[39m src/services/validationSchemas.test.js [2m([22m[2m5 tests[22m[2m)[22m[32m 12[2mms[22m[39m
 [2m[90mÔåô[39m[22m src/hooks/useRealtimeMatch.test.ts [2m([22m[2m4 tests[22m[2m | [22m[33m4 skipped[39m[2m)[22m

ÔÄ»ÔÄ»ÔÄ»ÔÄ»ÔÄ»ÔÄ»ÔÄ» Failed Tests 6 ÔÄ»ÔÄ»ÔÄ»ÔÄ»ÔÄ»ÔÄ»ÔÄ»

 FAIL  src/Build.test.ts > Build do Projeto > deve verificar depend├¬ncias do Prisma
Error: ENOENT: no such file or directory, open 'C:\apps\Racket\Racket\frontend\frontend\package.json'
 ÔØ» src/Build.test.ts:57:36
     55|     const path = await import('path');
     56|     const packageJsonPath = path.join(process.cwd(), 'frontend', 'packÔÇª
     57|     const packageJson = JSON.parse(await fs.readFile(packageJsonPath, ÔÇª
       |                                    ^
     58|     expect(packageJson.dependencies).toHaveProperty('@prisma/client');
     59|     expect(packageJson.devDependencies).toHaveProperty('prisma');

ÔÄ»ÔÄ»ÔÄ»ÔÄ»ÔÄ»ÔÄ»ÔÄ»ÔÄ»ÔÄ»ÔÄ»ÔÄ»ÔÄ»ÔÄ»ÔÄ»ÔÄ»ÔÄ»ÔÄ»ÔÄ»ÔÄ»ÔÄ»ÔÄ»ÔÄ»ÔÄ»ÔÄ»[1/6]ÔÄ»

 FAIL  src/Build.test.ts > Build do Projeto > deve verificar depend├¬ncias do Vite
Error: ENOENT: no such file or directory, open 'C:\apps\Racket\Racket\frontend\frontend\package.json'
 ÔØ» src/Build.test.ts:66:36
     64|     const path = await import('path');
     65|     const packageJsonPath = path.join(process.cwd(), 'frontend', 'packÔÇª
     66|     const packageJson = JSON.parse(await fs.readFile(packageJsonPath, ÔÇª
       |                                    ^
     67|     expect(packageJson.devDependencies).toHaveProperty('vite');
     68|     expect(packageJson.devDependencies).toHaveProperty('@vitejs/pluginÔÇª

ÔÄ»ÔÄ»ÔÄ»ÔÄ»ÔÄ»ÔÄ»ÔÄ»ÔÄ»ÔÄ»ÔÄ»ÔÄ»ÔÄ»ÔÄ»ÔÄ»ÔÄ»ÔÄ»ÔÄ»ÔÄ»ÔÄ»ÔÄ»ÔÄ»ÔÄ»ÔÄ»ÔÄ»[2/6]ÔÄ»

 FAIL  src/ViteConfig.test.ts > Configura├º├úo do Vite > deve ter host configurado para 0.0.0.0
Error: ENOENT: no such file or directory, open 'C:\apps\Racket\Racket\frontend\frontend\vite.config.ts'
 ÔØ» src/ViteConfig.test.ts:11:31
      9|   it('deve ter host configurado para 0.0.0.0', () => {
     10|     const viteConfigPath = join(process.cwd(), 'frontend', 'vite.confiÔÇª
     11|     const viteConfigContent = readFileSync(viteConfigPath, 'utf-8');
       |                               ^
     12| 
     13|     expect(viteConfigContent).toContain("host: '0.0.0.0'");

ÔÄ»ÔÄ»ÔÄ»ÔÄ»ÔÄ»ÔÄ»ÔÄ»ÔÄ»ÔÄ»ÔÄ»ÔÄ»ÔÄ»ÔÄ»ÔÄ»ÔÄ»ÔÄ»ÔÄ»ÔÄ»ÔÄ»ÔÄ»ÔÄ»ÔÄ»ÔÄ»ÔÄ»[3/6]ÔÄ»

 FAIL  src/ViteConfig.test.ts > Configura├º├úo do Vite > deve ter proxy configurado para /api
Error: ENOENT: no such file or directory, open 'C:\apps\Racket\Racket\frontend\frontend\vite.config.ts'
 ÔØ» src/ViteConfig.test.ts:18:31
     16|   it('deve ter proxy configurado para /api', () => {
     17|     const viteConfigPath = join(process.cwd(), 'frontend', 'vite.confiÔÇª
     18|     const viteConfigContent = readFileSync(viteConfigPath, 'utf-8');
       |                               ^
     19| 
     20|     expect(viteConfigContent).toContain("'/api': {");

ÔÄ»ÔÄ»ÔÄ»ÔÄ»ÔÄ»ÔÄ»ÔÄ»ÔÄ»ÔÄ»ÔÄ»ÔÄ»ÔÄ»ÔÄ»ÔÄ»ÔÄ»ÔÄ»ÔÄ»ÔÄ»ÔÄ»ÔÄ»ÔÄ»ÔÄ»ÔÄ»ÔÄ»[4/6]ÔÄ»

 FAIL  src/ViteConfig.test.ts > Configura├º├úo do Vite > deve ter plugin React configurado
Error: ENOENT: no such file or directory, open 'C:\apps\Racket\Racket\frontend\frontend\vite.config.ts'
 ÔØ» src/ViteConfig.test.ts:31:31
     29|   it('deve ter plugin React configurado', () => {
     30|     const viteConfigPath = join(process.cwd(), 'frontend', 'vite.confiÔÇª
     31|     const viteConfigContent = readFileSync(viteConfigPath, 'utf-8');
       |                               ^
     32| 
     33|     expect(viteConfigContent).toContain('react()');

ÔÄ»ÔÄ»ÔÄ»ÔÄ»ÔÄ»ÔÄ»ÔÄ»ÔÄ»ÔÄ»ÔÄ»ÔÄ»ÔÄ»ÔÄ»ÔÄ»ÔÄ»ÔÄ»ÔÄ»ÔÄ»ÔÄ»ÔÄ»ÔÄ»ÔÄ»ÔÄ»ÔÄ»[5/6]ÔÄ»

 FAIL  src/ViteConfig.test.ts > Configura├º├úo do Vite > deve exportar configura├º├úo v├ílida
Error: ENOENT: no such file or directory, open 'C:\apps\Racket\Racket\frontend\frontend\vite.config.ts'
 ÔØ» src/ViteConfig.test.ts:39:31
     37|   it('deve exportar configura├º├úo v├ílida', () => {
     38|     const viteConfigPath = join(process.cwd(), 'frontend', 'vite.confiÔÇª
     39|     const viteConfigContent = readFileSync(viteConfigPath, 'utf-8');
       |                               ^
     40| 
     41|     expect(viteConfigContent).toContain('export default defineConfig');

ÔÄ»ÔÄ»ÔÄ»ÔÄ»ÔÄ»ÔÄ»ÔÄ»ÔÄ»ÔÄ»ÔÄ»ÔÄ»ÔÄ»ÔÄ»ÔÄ»ÔÄ»ÔÄ»ÔÄ»ÔÄ»ÔÄ»ÔÄ»ÔÄ»ÔÄ»ÔÄ»ÔÄ»[6/6]ÔÄ»


[2m Test Files [22m [1m[31m2 failed[39m[22m[2m | [22m[1m[32m39 passed[39m[22m[2m | [22m[33m1 skipped[39m[90m (42)[39m
[2m      Tests [22m [1m[31m6 failed[39m[22m[2m | [22m[1m[32m427 passed[39m[22m[2m | [22m[33m5 skipped[39m[90m (438)[39m
[2m   Start at [22m 18:37:02
[2m   Duration [22m 30.27s[2m (transform 4.31s, setup 13.89s, collect 23.86s, tests 40.91s, environment 96.41s, prepare 3.42s)[22m

